Archive member included to satisfy reference by file (symbol)

C:/Users/New/.pico-sdk/toolchain/13_2_Rel1/bin/../lib/gcc/arm-none-eabi/13.2.1/thumb/v8-m.main+fp/softfp\libstdc++.a(tree.o)
                              CMakeFiles/pico-rk86.dir/src/main.cpp.obj (std::_Rb_tree_increment(std::_Rb_tree_node_base*))
C:/Users/New/.pico-sdk/toolchain/13_2_Rel1/bin/../lib/gcc/arm-none-eabi/13.2.1/thumb/v8-m.main+fp/softfp\libgcc.a(_arm_addsubdf3.o)
                              CMakeFiles/pico-rk86.dir/src/main.cpp.obj (__aeabi_f2d)
C:/Users/New/.pico-sdk/toolchain/13_2_Rel1/bin/../lib/gcc/arm-none-eabi/13.2.1/thumb/v8-m.main+fp/softfp\libgcc.a(_aeabi_ldivmod.o)
                              CMakeFiles/pico-rk86.dir/C_/Users/New/.pico-sdk/sdk/2.0.0/src/common/pico_time/time.c.obj (__aeabi_ldivmod)
C:/Users/New/.pico-sdk/toolchain/13_2_Rel1/bin/../lib/gcc/arm-none-eabi/13.2.1/thumb/v8-m.main+fp/softfp\libgcc.a(_aeabi_uldivmod.o)
                              CMakeFiles/pico-rk86.dir/C_/Users/New/.pico-sdk/sdk/2.0.0/src/rp2_common/hardware_clocks/clocks.c.obj (__aeabi_uldivmod)
C:/Users/New/.pico-sdk/toolchain/13_2_Rel1/bin/../lib/gcc/arm-none-eabi/13.2.1/thumb/v8-m.main+fp/softfp\libgcc.a(_udivmoddi4.o)
                              C:/Users/New/.pico-sdk/toolchain/13_2_Rel1/bin/../lib/gcc/arm-none-eabi/13.2.1/thumb/v8-m.main+fp/softfp\libgcc.a(_aeabi_ldivmod.o) (__udivmoddi4)
C:/Users/New/.pico-sdk/toolchain/13_2_Rel1/bin/../lib/gcc/arm-none-eabi/13.2.1/thumb/v8-m.main+fp/softfp\libgcc.a(_dvmd_tls.o)
                              C:/Users/New/.pico-sdk/toolchain/13_2_Rel1/bin/../lib/gcc/arm-none-eabi/13.2.1/thumb/v8-m.main+fp/softfp\libgcc.a(_aeabi_ldivmod.o) (__aeabi_ldiv0)
C:/Users/New/.pico-sdk/toolchain/13_2_Rel1/bin/../lib/gcc/arm-none-eabi/13.2.1/thumb/v8-m.main+fp/softfp\libg.a(libc_a-calloc.o)
                              CMakeFiles/pico-rk86.dir/C_/Users/New/.pico-sdk/sdk/2.0.0/src/rp2_common/pico_malloc/malloc.c.obj (calloc)
C:/Users/New/.pico-sdk/toolchain/13_2_Rel1/bin/../lib/gcc/arm-none-eabi/13.2.1/thumb/v8-m.main+fp/softfp\libg.a(libc_a-callocr.o)
                              C:/Users/New/.pico-sdk/toolchain/13_2_Rel1/bin/../lib/gcc/arm-none-eabi/13.2.1/thumb/v8-m.main+fp/softfp\libg.a(libc_a-calloc.o) (_calloc_r)
C:/Users/New/.pico-sdk/toolchain/13_2_Rel1/bin/../lib/gcc/arm-none-eabi/13.2.1/thumb/v8-m.main+fp/softfp\libg.a(libc_a-malloc.o)
                              CMakeFiles/pico-rk86.dir/C_/Users/New/.pico-sdk/sdk/2.0.0/src/rp2_common/pico_malloc/malloc.c.obj (malloc)
C:/Users/New/.pico-sdk/toolchain/13_2_Rel1/bin/../lib/gcc/arm-none-eabi/13.2.1/thumb/v8-m.main+fp/softfp\libg.a(libc_a-mallocr.o)
                              C:/Users/New/.pico-sdk/toolchain/13_2_Rel1/bin/../lib/gcc/arm-none-eabi/13.2.1/thumb/v8-m.main+fp/softfp\libg.a(libc_a-callocr.o) (_malloc_r)
C:/Users/New/.pico-sdk/toolchain/13_2_Rel1/bin/../lib/gcc/arm-none-eabi/13.2.1/thumb/v8-m.main+fp/softfp\libg.a(libc_a-mlock.o)
                              C:/Users/New/.pico-sdk/toolchain/13_2_Rel1/bin/../lib/gcc/arm-none-eabi/13.2.1/thumb/v8-m.main+fp/softfp\libg.a(libc_a-mallocr.o) (__malloc_lock)
C:/Users/New/.pico-sdk/toolchain/13_2_Rel1/bin/../lib/gcc/arm-none-eabi/13.2.1/thumb/v8-m.main+fp/softfp\libg.a(libc_a-realloc.o)
                              CMakeFiles/pico-rk86.dir/C_/Users/New/.pico-sdk/sdk/2.0.0/src/rp2_common/pico_malloc/malloc.c.obj (realloc)
C:/Users/New/.pico-sdk/toolchain/13_2_Rel1/bin/../lib/gcc/arm-none-eabi/13.2.1/thumb/v8-m.main+fp/softfp\libg.a(libc_a-reallocr.o)
                              C:/Users/New/.pico-sdk/toolchain/13_2_Rel1/bin/../lib/gcc/arm-none-eabi/13.2.1/thumb/v8-m.main+fp/softfp\libg.a(libc_a-realloc.o) (_realloc_r)
C:/Users/New/.pico-sdk/toolchain/13_2_Rel1/bin/../lib/gcc/arm-none-eabi/13.2.1/thumb/v8-m.main+fp/softfp\libg.a(libc_a-qsort.o)
                              CMakeFiles/pico-rk86.dir/src/fileman.c.obj (qsort)
C:/Users/New/.pico-sdk/toolchain/13_2_Rel1/bin/../lib/gcc/arm-none-eabi/13.2.1/thumb/v8-m.main+fp/softfp\libg.a(libc_a-memcmp.o)
                              CMakeFiles/pico-rk86.dir/src/util_Wii_Joy.c.obj (memcmp)
C:/Users/New/.pico-sdk/toolchain/13_2_Rel1/bin/../lib/gcc/arm-none-eabi/13.2.1/thumb/v8-m.main+fp/softfp\libg.a(libc_a-memmove.o)
                              C:/Users/New/.pico-sdk/toolchain/13_2_Rel1/bin/../lib/gcc/arm-none-eabi/13.2.1/thumb/v8-m.main+fp/softfp\libg.a(libc_a-reallocr.o) (memmove)
C:/Users/New/.pico-sdk/toolchain/13_2_Rel1/bin/../lib/gcc/arm-none-eabi/13.2.1/thumb/v8-m.main+fp/softfp\libg.a(libc_a-memset.o)
                              C:/Users/New/.pico-sdk/toolchain/13_2_Rel1/bin/../lib/gcc/arm-none-eabi/13.2.1/thumb/v8-m.main+fp/softfp/crt0.o (memset)
C:/Users/New/.pico-sdk/toolchain/13_2_Rel1/bin/../lib/gcc/arm-none-eabi/13.2.1/thumb/v8-m.main+fp/softfp\libg.a(libc_a-strchr.o)
                              CMakeFiles/pico-rk86.dir/drivers/fatfs/ff.c.obj (strchr)
[...]
Memory Configuration

Name             Origin             Length             Attributes
FLASH            0x10000000         0x00200000         xr
RAM              0x20000000         0x00040000         xrw
SCRATCH_X        0x20040000         0x00001000         xrw
SCRATCH_Y        0x20041000         0x00001000         xrw
*default*        0x00000000         0xffffffff

Linker script and memory map

LOAD C:/Users/New/.pico-sdk/toolchain/13_2_Rel1/bin/../lib/gcc/arm-none-eabi/13.2.1/thumb/v8-m.main+fp/softfp/crtfastmath.o
LOAD C:/Users/New/.pico-sdk/toolchain/13_2_Rel1/bin/../lib/gcc/arm-none-eabi/13.2.1/thumb/v8-m.main+fp/softfp/crti.o
LOAD C:/Users/New/.pico-sdk/toolchain/13_2_Rel1/bin/../lib/gcc/arm-none-eabi/13.2.1/thumb/v8-m.main+fp/softfp/crtbegin.o
LOAD C:/Users/New/.pico-sdk/toolchain/13_2_Rel1/bin/../lib/gcc/arm-none-eabi/13.2.1/thumb/v8-m.main+fp/softfp/crt0.o

.flash_begin    0x10000000        0x0
                0x10000000                        __flash_binary_start = .

.boot2          0x10000000      0x100
                0x10000000                        __boot2_start__ = .
 *(.boot2)
 .boot2         0x10000000      0x100 C:\Users\New\AppData\Local\Temp\ccg24NYW.o
                0x10000000                __boot2_entry_point
                0x10000100                        __boot2_end__ = .
                0x00000001                        ASSERT (((__boot2_end__ - __boot2_start__) == 0x100), ERROR: Pico second stage bootloader must be 256 bytes in size)

.text           0x10000100    0x10470
                0x10000100                        __logical_binary_start = .
 *(.vectors)
 .vectors       0x10000100      0x124 CMakeFiles/pico-rk86.dir/C_/Users/New/.pico-sdk/sdk/2.0.0/src/rp2_common/pico_crt0/crt0.S.obj
                0x10000100                __VECTOR_TABLE
                0x10000100                __vectors
                0x10000210                __default_isrs_start
                0x10000210                isr_invalid
                0x10000212                isr_nmi
                0x10000214                isr_hardfault
                0x10000216                isr_svcall
                0x10000218                isr_pendsv
                0x1000021a                isr_systick
                0x1000021c                isr_irq31
                0x1000021c                isr_irq5
                0x1000021c                isr_irq11
                0x1000021c                isr_irq32
                0x1000021c                isr_irq23
                0x1000021c                isr_irq48
                0x1000021c                isr_irq35
                0x1000021c                isr_irq18
                0x1000021c                isr_irq50
                0x1000021c                isr_irq27
                0x1000021c                isr_irq40
                0x1000021c                isr_irq28
                0x1000021c                isr_irq19
                0x1000021c                isr_irq36
                0x1000021c                isr_irq41
                0x1000021c                isr_irq0
                0x1000021c                isr_irq6
                0x1000021c                isr_irq45
                0x1000021c                isr_irq12
                0x1000021c                isr_irq37
                0x1000021c                isr_irq42
                0x1000021c                isr_irq22
                0x1000021c                isr_irq43
                0x1000021c                isr_irq17
                0x1000021c                isr_irq38
                0x1000021c                isr_irq14
                0x1000021c                isr_irq13
                0x1000021c                isr_irq2
                0x1000021c                isr_irq10
                0x1000021c                isr_irq8
                0x1000021c                isr_irq24
                0x1000021c                isr_irq46
                0x1000021c                isr_irq1
                0x1000021c                isr_irq47
                0x1000021c                isr_irq51
                0x1000021c                isr_irq7
                0x1000021c                isr_irq21
                0x1000021c                isr_irq39
                0x1000021c                isr_irq20
                0x1000021c                isr_irq15
                0x1000021c                isr_irq25
                0x1000021c                isr_irq34
                0x1000021c                isr_irq49
                0x1000021c                __unhandled_user_irq
                0x1000021c                isr_irq4
                0x1000021c                isr_irq16
                0x1000021c                isr_irq44
                0x1000021c                isr_irq29
                0x1000021c                isr_irq26
                0x1000021c                __default_isrs_end
                0x1000021c                isr_irq33
                0x1000021c                isr_irq3
                0x1000021c                isr_irq30
                0x1000021c                isr_irq9
                0x10000222                unhandled_user_irq_num_in_r0
 *(.binary_info_header)
 .binary_info_header
                0x10000224       0x14 CMakeFiles/pico-rk86.dir/C_/Users/New/.pico-sdk/sdk/2.0.0/src/rp2_common/pico_crt0/crt0.S.obj
                0x10000238                        __binary_info_header_end = .
 *(.reset)
 .reset         0x10000238       0xa0 CMakeFiles/pico-rk86.dir/C_/Users/New/.pico-sdk/sdk/2.0.0/src/rp2_common/pico_crt0/crt0.S.obj
                0x10000238                _entry_point
 *(.init)
 .init          0x100002d8        0x4 C:/Users/New/.pico-sdk/toolchain/13_2_Rel1/bin/../lib/gcc/arm-none-eabi/13.2.1/thumb/v8-m.main+fp/softfp/crti.o
                0x100002d8                _init
 *(EXCLUDE_FILE(*libm.a: *libc.a:*lib_a-mem*.o *libgcc.a:) .text*)
 .text.startup.__arm_set_fast_math
                0x100002dc       0x10 C:/Users/New/.pico-sdk/toolchain/13_2_Rel1/bin/../lib/gcc/arm-none-eabi/13.2.1/thumb/v8-m.main+fp/softfp/crtfastmath.o
 .text.register_tm_clones
                0x100002ec       0x28 C:/Users/New/.pico-sdk/toolchain/13_2_Rel1/bin/../lib/gcc/arm-none-eabi/13.2.1/thumb/v8-m.main+fp/softfp/crtbegin.o
 .text.frame_dummy
                0x10000314       0x24 C:/Users/New/.pico-sdk/toolchain/13_2_Rel1/bin/../lib/gcc/arm-none-eabi/13.2.1/thumb/v8-m.main+fp/softfp/crtbegin.o
 .text.r_u8     0x10000338       0x18 CMakeFiles/pico-rk86.dir/src/align4.c.obj
                0x10000338                r_u8
 .text.r_u16    0x10000350       0x1c CMakeFiles/pico-rk86.dir/src/align4.c.obj
                0x10000350                r_u16
 .text.ets_memset
                0x1000036c        0x4 CMakeFiles/pico-rk86.dir/src/ets.c.obj
                0x1000036c                ets_memset
 .text.ets_memcpy
                0x10000370        0x4 CMakeFiles/pico-rk86.dir/src/ets.c.obj
                0x10000370                ets_memcpy
 .text.m_comp   0x10000374       0x28 CMakeFiles/pico-rk86.dir/src/fileman.c.obj
 .text.fileman  0x1000039c      0x4a4 CMakeFiles/pico-rk86.dir/src/fileman.c.obj
                0x1000039c                fileman
 .text.load_file
                0x10000840      0x160 CMakeFiles/pico-rk86.dir/src/files.c.obj
                0x10000840                load_file
 .text.i8080_init
                0x100009a0       0x18 CMakeFiles/pico-rk86.dir/src/i8080.c.obj
                0x100009a0                i8080_init
 .text.i8080_instruction
                0x100009b8     0x15dc CMakeFiles/pico-rk86.dir/src/i8080.c.obj
                0x100009b8                i8080_instruction
 .text.i8080_jump
                0x10001f94        0xc CMakeFiles/pico-rk86.dir/src/i8080.c.obj
                0x10001f94                i8080_jump
 .text.i8080_hal_memory_read_word
                0x10001fa0      0x144 CMakeFiles/pico-rk86.dir/src/i8080_hal.c.obj
                0x10001fa0                i8080_hal_memory_read_word
 .text.i8080_hal_memory_write_word
                0x100020e4      0x10c CMakeFiles/pico-rk86.dir/src/i8080_hal.c.obj
                0x100020e4                i8080_hal_memory_write_word
 .text.i8080_hal_memory_read_byte
                0x100021f0       0x90 CMakeFiles/pico-rk86.dir/src/i8080_hal.c.obj
                0x100021f0                i8080_hal_memory_read_byte
 .text.i8080_hal_memory_write_byte
                0x10002280       0x80 CMakeFiles/pico-rk86.dir/src/i8080_hal.c.obj
                0x10002280                i8080_hal_memory_write_byte
 .text.i8080_hal_io_input
                0x10002300        0x4 CMakeFiles/pico-rk86.dir/src/i8080_hal.c.obj
                0x10002300                i8080_hal_io_input
 .text.i8080_hal_io_output
                0x10002304        0x4 CMakeFiles/pico-rk86.dir/src/i8080_hal.c.obj
                0x10002304                i8080_hal_io_output
 .text.i8080_hal_iff
                0x10002308       0x28 CMakeFiles/pico-rk86.dir/src/i8080_hal.c.obj
                0x10002308                i8080_hal_iff
 .text.i8080_hal_memory
                0x10002330        0x8 CMakeFiles/pico-rk86.dir/src/i8080_hal.c.obj
                0x10002330                i8080_hal_memory
 .text.i8080_hal_init
                0x10002338       0x38 CMakeFiles/pico-rk86.dir/src/i8080_hal.c.obj
                0x10002338                i8080_hal_init
 .text.handle_code
                0x10002370       0xb0 CMakeFiles/pico-rk86.dir/src/keymap.c.obj
 .text.keymap_init
                0x10002420       0x90 CMakeFiles/pico-rk86.dir/src/keymap.c.obj
                0x10002420                keymap_init
 .text.keymap_periodic
                0x100024b0       0x84 CMakeFiles/pico-rk86.dir/src/keymap.c.obj
                0x100024b0                keymap_periodic
 .text._Z12PWM_init_pinht
                0x10002534       0x50 CMakeFiles/pico-rk86.dir/src/main.cpp.obj
                0x10002534                PWM_init_pin(unsigned char, unsigned short)
 .text._Z6inInitj
                0x10002584       0x1c CMakeFiles/pico-rk86.dir/src/main.cpp.obj
                0x10002584                inInit(unsigned int)
 .text.rk_2_at  0x100025a0      0x1b8 CMakeFiles/pico-rk86.dir/src/main.cpp.obj
                0x100025a0                rk_2_at
 .text.rk_by_at
                0x10002758       0x40 CMakeFiles/pico-rk86.dir/src/main.cpp.obj
                0x10002758                rk_by_at
 .text.startup.main
                0x10002798      0x4a8 CMakeFiles/pico-rk86.dir/src/main.cpp.obj
                0x10002798                main
 .text.startup._GLOBAL__sub_I_vga_start_semaphore
                0x10002c40       0x38 CMakeFiles/pico-rk86.dir/src/main.cpp.obj
 .text.menu_fileman
                0x10002c78      0x140 CMakeFiles/pico-rk86.dir/src/menu.c.obj
                0x10002c78                menu_fileman
 .text.menu     0x10002db8       0x94 CMakeFiles/pico-rk86.dir/src/menu.c.obj
                0x10002db8                menu
 .text.ps2_read
                0x10002e4c       0xa8 CMakeFiles/pico-rk86.dir/src/ps2.c.obj
                0x10002e4c                ps2_read
 .text.ps2_leds
                0x10002ef4        0x4 CMakeFiles/pico-rk86.dir/src/ps2.c.obj
                0x10002ef4                ps2_leds
 .text.ps2_sym  0x10002ef8       0x3c CMakeFiles/pico-rk86.dir/src/ps2_codes.c.obj
                0x10002ef8                ps2_sym
 .text.stpcpy   0x10002f34       0x18 CMakeFiles/pico-rk86.dir/src/str.c.obj
                0x10002f34                stpcpy
 .text.tape_in_bit
                0x10002f4c       0x74 CMakeFiles/pico-rk86.dir/src/tape.c.obj
 .text.tape_init
                0x10002fc0       0x30 CMakeFiles/pico-rk86.dir/src/tape.c.obj
                0x10002fc0                tape_init
 .text.tape_in  0x10002ff0      0x130 CMakeFiles/pico-rk86.dir/src/tape.c.obj
                0x10002ff0                tape_in
 .text.tape_out
                0x10003120      0x144 CMakeFiles/pico-rk86.dir/src/tape.c.obj
                0x10003120                tape_out
 .text.tape_periodic
                0x10003264       0x60 CMakeFiles/pico-rk86.dir/src/tape.c.obj
                0x10003264                tape_periodic
 .text.tape_save
                0x100032c4      0x140 CMakeFiles/pico-rk86.dir/src/tape.c.obj
                0x100032c4                tape_save
 .text.tape_load
                0x10003404       0x70 CMakeFiles/pico-rk86.dir/src/tape.c.obj
                0x10003404                tape_load
 .text.tv_init  0x10003474       0xd0 CMakeFiles/pico-rk86.dir/src/tv.c.obj
                0x10003474                tv_init
 .text.ui_clear
                0x10003544       0x10 CMakeFiles/pico-rk86.dir/src/ui.c.obj
                0x10003544                ui_clear
 .text.ui_header
                0x10003554       0xd8 CMakeFiles/pico-rk86.dir/src/ui.c.obj
                0x10003554                ui_header
 .text.ui_draw_list
                0x1000362c       0x60 CMakeFiles/pico-rk86.dir/src/ui.c.obj
                0x1000362c                ui_draw_list
 .text.ui_draw_text
                0x1000368c       0x5c CMakeFiles/pico-rk86.dir/src/ui.c.obj
                0x1000368c                ui_draw_text
 .text.ui_select
                0x100036e8      0x154 CMakeFiles/pico-rk86.dir/src/ui.c.obj
                0x100036e8                ui_select
 .text.ui_input_text
                0x1000383c      0x1bc CMakeFiles/pico-rk86.dir/src/ui.c.obj
                0x1000383c                ui_input_text
 .text.ui_yes_no
                0x100039f8       0xcc CMakeFiles/pico-rk86.dir/src/ui.c.obj
                0x100039f8                ui_yes_no
 .text.ui_start
                0x10003ac4       0x54 CMakeFiles/pico-rk86.dir/src/ui.c.obj
                0x10003ac4                ui_start
 .text.ui_stop  0x10003b18       0x30 CMakeFiles/pico-rk86.dir/src/ui.c.obj
                0x10003b18                ui_stop
 .text.ui_sleep
                0x10003b48        0x4 CMakeFiles/pico-rk86.dir/src/ui.c.obj
                0x10003b48                ui_sleep
 .text.is_WII_Init
                0x10003b4c        0xc CMakeFiles/pico-rk86.dir/src/util_Wii_Joy.c.obj
                0x10003b4c                is_WII_Init
 .text.Init_Wii_Joystick
                0x10003b58      0x13c CMakeFiles/pico-rk86.dir/src/util_Wii_Joy.c.obj
                0x10003b58                Init_Wii_Joystick
 .text.Wii_decode_joy2
                0x10003c94      0x34c CMakeFiles/pico-rk86.dir/src/util_Wii_Joy.c.obj
                0x10003c94                Wii_decode_joy2
 .text.map_to_nes
                0x10003fe0       0xa8 CMakeFiles/pico-rk86.dir/src/util_Wii_Joy.c.obj
                0x10003fe0                map_to_nes
 .text.Wii_decode_joy
                0x10004088       0x30 CMakeFiles/pico-rk86.dir/src/util_Wii_Joy.c.obj
                0x10004088                Wii_decode_joy
 .text.vg75_external_end_of_screen
                0x100040b8       0x1c CMakeFiles/pico-rk86.dir/src/vg75.c.obj
                0x100040b8                vg75_external_end_of_screen
 .text.vg75_init
                0x100040d4       0xa8 CMakeFiles/pico-rk86.dir/src/vg75.c.obj
                0x100040d4                vg75_init
 .text.vg75_overlay
                0x1000417c       0x84 CMakeFiles/pico-rk86.dir/src/vg75.c.obj
                0x1000417c                vg75_overlay
 .text.vg75_W   0x10004200       0xe4 CMakeFiles/pico-rk86.dir/src/vg75.c.obj
                0x10004200                vg75_W
 .text.vg75_R   0x100042e4       0x14 CMakeFiles/pico-rk86.dir/src/vg75.c.obj
                0x100042e4                vg75_R
 .text.ik57_W   0x100042f8       0x4c CMakeFiles/pico-rk86.dir/src/vg75.c.obj
                0x100042f8                ik57_W
 .text.kbd_init
                0x10004344       0x10 CMakeFiles/pico-rk86.dir/src/vv55_i.c.obj
                0x10004344                kbd_init
 .text.kbd_press
                0x10004354       0x30 CMakeFiles/pico-rk86.dir/src/vv55_i.c.obj
                0x10004354                kbd_press
 .text.kbd_release
                0x10004384       0x2c CMakeFiles/pico-rk86.dir/src/vv55_i.c.obj
                0x10004384                kbd_release
 .text.kbd_releaseAll
                0x100043b0       0x24 CMakeFiles/pico-rk86.dir/src/vv55_i.c.obj
                0x100043b0                kbd_releaseAll
 .text.kbd_rus  0x100043d4       0x10 CMakeFiles/pico-rk86.dir/src/vv55_i.c.obj
                0x100043d4                kbd_rus
 .text.kbd_ss   0x100043e4       0x14 CMakeFiles/pico-rk86.dir/src/vv55_i.c.obj
                0x100043e4                kbd_ss
 .text.vv55_i_W
                0x100043f8       0x58 CMakeFiles/pico-rk86.dir/src/vv55_i.c.obj
                0x100043f8                vv55_i_W
 .text.vv55_i_R
                0x10004450       0x94 CMakeFiles/pico-rk86.dir/src/vv55_i.c.obj
                0x10004450                vv55_i_R
 .text.number   0x100044e4      0x1b4 CMakeFiles/pico-rk86.dir/src/xprintf.c.obj
 .text.xvsprintf
                0x10004698      0x968 CMakeFiles/pico-rk86.dir/src/xprintf.c.obj
                0x10004698                xvsprintf
 .text.xsprintf
                0x10005000       0x1c CMakeFiles/pico-rk86.dir/src/xprintf.c.obj
                0x10005000                xsprintf
 .text.KeyboardHandler
                0x1000501c       0x8c CMakeFiles/pico-rk86.dir/drivers/ps2/ps2.c.obj
                0x1000501c                KeyboardHandler
 .text.keyboard_send
                0x100050a8      0x37c CMakeFiles/pico-rk86.dir/drivers/ps2/ps2.c.obj
                0x100050a8                keyboard_send
 .text.ps2get_raw_code
                0x10005424       0xe8 CMakeFiles/pico-rk86.dir/drivers/ps2/ps2.c.obj
                0x10005424                ps2get_raw_code
 .text.keyboard_init
                0x1000550c       0x68 CMakeFiles/pico-rk86.dir/drivers/ps2/ps2.c.obj
                0x1000550c                keyboard_init
 .text.pio_claim_unused_sm
                0x10005574       0x38 CMakeFiles/pico-rk86.dir/C_/Users/New/.pico-sdk/sdk/2.0.0/src/rp2_common/hardware_pio/pio.c.obj
                0x10005574                pio_claim_unused_sm
 .text.pio_can_add_program
                0x100055ac       0xa4 CMakeFiles/pico-rk86.dir/C_/Users/New/.pico-sdk/sdk/2.0.0/src/rp2_common/hardware_pio/pio.c.obj
                0x100055ac                pio_can_add_program
 .text.pio_add_program
                0x10005650       0xf8 CMakeFiles/pico-rk86.dir/C_/Users/New/.pico-sdk/sdk/2.0.0/src/rp2_common/hardware_pio/pio.c.obj
                0x10005650                pio_add_program
 .text.pio_sm_set_pindirs_with_mask
                0x10005748       0x6c CMakeFiles/pico-rk86.dir/C_/Users/New/.pico-sdk/sdk/2.0.0/src/rp2_common/hardware_pio/pio.c.obj
                0x10005748                pio_sm_set_pindirs_with_mask
 .text.pio_sm_set_consecutive_pindirs
                0x100057b4       0x8c CMakeFiles/pico-rk86.dir/C_/Users/New/.pico-sdk/sdk/2.0.0/src/rp2_common/hardware_pio/pio.c.obj
                0x100057b4                pio_sm_set_consecutive_pindirs
 .text.pio_sm_init
                0x10005840       0xa8 CMakeFiles/pico-rk86.dir/C_/Users/New/.pico-sdk/sdk/2.0.0/src/rp2_common/hardware_pio/pio.c.obj
                0x10005840                pio_sm_init
 .text.panic    0x100058e8       0x30 CMakeFiles/pico-rk86.dir/C_/Users/New/.pico-sdk/sdk/2.0.0/src/rp2_common/pico_platform_panic/panic.c.obj
                0x100058e8                panic
 .text.hw_claim_lock
                0x10005918       0x24 CMakeFiles/pico-rk86.dir/C_/Users/New/.pico-sdk/sdk/2.0.0/src/common/hardware_claim/claim.c.obj
                0x10005918                hw_claim_lock
 .text.hw_claim_unlock
                0x1000593c       0x14 CMakeFiles/pico-rk86.dir/C_/Users/New/.pico-sdk/sdk/2.0.0/src/common/hardware_claim/claim.c.obj
                0x1000593c                hw_claim_unlock
 .text.hw_claim_or_assert
                0x10005950       0x58 CMakeFiles/pico-rk86.dir/C_/Users/New/.pico-sdk/sdk/2.0.0/src/common/hardware_claim/claim.c.obj
                0x10005950                hw_claim_or_assert
 .text.hw_claim_unused_from_range
                0x100059a8       0x9c CMakeFiles/pico-rk86.dir/C_/Users/New/.pico-sdk/sdk/2.0.0/src/common/hardware_claim/claim.c.obj
                0x100059a8                hw_claim_unused_from_range
 .text.next_striped_spin_lock_num
                0x10005a44       0x18 CMakeFiles/pico-rk86.dir/C_/Users/New/.pico-sdk/sdk/2.0.0/src/rp2_common/hardware_sync/sync.c.obj
                0x10005a44                next_striped_spin_lock_num
 .text.spin_lock_claim_unused
                0x10005a5c       0x20 CMakeFiles/pico-rk86.dir/C_/Users/New/.pico-sdk/sdk/2.0.0/src/rp2_common/hardware_sync/sync.c.obj
                0x10005a5c                spin_lock_claim_unused
 .text.spinlock_set_extexclall
                0x10005a7c       0x10 CMakeFiles/pico-rk86.dir/C_/Users/New/.pico-sdk/sdk/2.0.0/src/rp2_common/hardware_sync_spin_lock/sync_spin_lock.c.obj
 .text.spin_locks_reset
                0x10005a8c       0x18 CMakeFiles/pico-rk86.dir/C_/Users/New/.pico-sdk/sdk/2.0.0/src/rp2_common/hardware_sync_spin_lock/sync_spin_lock.c.obj
                0x10005a8c                spin_locks_reset
 .text.spin_lock_init
                0x10005aa4       0x10 CMakeFiles/pico-rk86.dir/C_/Users/New/.pico-sdk/sdk/2.0.0/src/rp2_common/hardware_sync_spin_lock/sync_spin_lock.c.obj
                0x10005aa4                spin_lock_init
 .text.gpio_default_irq_handler
                0x10005ab4      0x1b4 CMakeFiles/pico-rk86.dir/C_/Users/New/.pico-sdk/sdk/2.0.0/src/rp2_common/hardware_gpio/gpio.c.obj
 .text.gpio_set_function
                0x10005c68       0x3c CMakeFiles/pico-rk86.dir/C_/Users/New/.pico-sdk/sdk/2.0.0/src/rp2_common/hardware_gpio/gpio.c.obj
                0x10005c68                gpio_set_function
 .text.gpio_set_pulls
                0x10005ca4       0x28 CMakeFiles/pico-rk86.dir/C_/Users/New/.pico-sdk/sdk/2.0.0/src/rp2_common/hardware_gpio/gpio.c.obj
                0x10005ca4                gpio_set_pulls
 .text.gpio_set_drive_strength
                0x10005ccc       0x20 CMakeFiles/pico-rk86.dir/C_/Users/New/.pico-sdk/sdk/2.0.0/src/rp2_common/hardware_gpio/gpio.c.obj
                0x10005ccc                gpio_set_drive_strength
 .text.gpio_set_irq_enabled
                0x10005cec       0x50 CMakeFiles/pico-rk86.dir/C_/Users/New/.pico-sdk/sdk/2.0.0/src/rp2_common/hardware_gpio/gpio.c.obj
                0x10005cec                gpio_set_irq_enabled
 .text.gpio_set_irq_enabled_with_callback
                0x10005d3c       0xac CMakeFiles/pico-rk86.dir/C_/Users/New/.pico-sdk/sdk/2.0.0/src/rp2_common/hardware_gpio/gpio.c.obj
                0x10005d3c                gpio_set_irq_enabled_with_callback
 .text.gpio_init
                0x10005de8       0x48 CMakeFiles/pico-rk86.dir/C_/Users/New/.pico-sdk/sdk/2.0.0/src/rp2_common/hardware_gpio/gpio.c.obj
                0x10005de8                gpio_init
 .text.runtime_init_per_core_irq_priorities
                0x10005e30       0x40 CMakeFiles/pico-rk86.dir/C_/Users/New/.pico-sdk/sdk/2.0.0/src/rp2_common/hardware_irq/irq.c.obj
                0x10005e30                runtime_init_per_core_irq_priorities
 .text.irq_set_enabled
                0x10005e70       0x2c CMakeFiles/pico-rk86.dir/C_/Users/New/.pico-sdk/sdk/2.0.0/src/rp2_common/hardware_irq/irq.c.obj
                0x10005e70                irq_set_enabled
 .text.irq_is_enabled
                0x10005e9c       0x20 CMakeFiles/pico-rk86.dir/C_/Users/New/.pico-sdk/sdk/2.0.0/src/rp2_common/hardware_irq/irq.c.obj
                0x10005e9c                irq_is_enabled
 .text.irq_set_exclusive_handler
                0x10005ebc       0x60 CMakeFiles/pico-rk86.dir/C_/Users/New/.pico-sdk/sdk/2.0.0/src/rp2_common/hardware_irq/irq.c.obj
                0x10005ebc                irq_set_exclusive_handler
 .text.irq_add_shared_handler
                0x10005f1c      0x1e8 CMakeFiles/pico-rk86.dir/C_/Users/New/.pico-sdk/sdk/2.0.0/src/rp2_common/hardware_irq/irq.c.obj
                0x10005f1c                irq_add_shared_handler
 .text.irq_remove_handler
                0x10006104      0x1fc CMakeFiles/pico-rk86.dir/C_/Users/New/.pico-sdk/sdk/2.0.0/src/rp2_common/hardware_irq/irq.c.obj
                0x10006104                irq_remove_handler
 .text.irq_add_tail_to_free_list
                0x10006300       0xbc CMakeFiles/pico-rk86.dir/C_/Users/New/.pico-sdk/sdk/2.0.0/src/rp2_common/hardware_irq/irq.c.obj
                0x10006300                irq_add_tail_to_free_list
 .text.sem_init
                0x100063bc       0x20 CMakeFiles/pico-rk86.dir/C_/Users/New/.pico-sdk/sdk/2.0.0/src/common/pico_sync/sem.c.obj
                0x100063bc                sem_init
 .text.lock_init
                0x100063dc        0xc CMakeFiles/pico-rk86.dir/C_/Users/New/.pico-sdk/sdk/2.0.0/src/common/pico_sync/lock_core.c.obj
                0x100063dc                lock_init
 .text.runtime_init_mutex
                0x100063e8       0x4c CMakeFiles/pico-rk86.dir/C_/Users/New/.pico-sdk/sdk/2.0.0/src/common/pico_sync/mutex.c.obj
                0x100063e8                runtime_init_mutex
 .text.mutex_init
                0x10006434       0x1c CMakeFiles/pico-rk86.dir/C_/Users/New/.pico-sdk/sdk/2.0.0/src/common/pico_sync/mutex.c.obj
                0x10006434                mutex_init
 .text.sleep_until_callback
                0x10006450       0x3c CMakeFiles/pico-rk86.dir/C_/Users/New/.pico-sdk/sdk/2.0.0/src/common/pico_time/time.c.obj
 .text.alarm_pool_irq_handler
                0x1000648c      0x2d0 CMakeFiles/pico-rk86.dir/C_/Users/New/.pico-sdk/sdk/2.0.0/src/common/pico_time/time.c.obj
 .text.runtime_init_default_alarm_pool
                0x1000675c      0x100 CMakeFiles/pico-rk86.dir/C_/Users/New/.pico-sdk/sdk/2.0.0/src/common/pico_time/time.c.obj
                0x1000675c                runtime_init_default_alarm_pool
 .text.alarm_pool_add_alarm_at_force_in_context
                0x1000685c       0xc8 CMakeFiles/pico-rk86.dir/C_/Users/New/.pico-sdk/sdk/2.0.0/src/common/pico_time/time.c.obj
                0x1000685c                alarm_pool_add_alarm_at_force_in_context
 .text.alarm_pool_cancel_alarm
                0x10006924       0x80 CMakeFiles/pico-rk86.dir/C_/Users/New/.pico-sdk/sdk/2.0.0/src/common/pico_time/time.c.obj
                0x10006924                alarm_pool_cancel_alarm
 .text.sleep_until
                0x100069a4       0xbc CMakeFiles/pico-rk86.dir/C_/Users/New/.pico-sdk/sdk/2.0.0/src/common/pico_time/time.c.obj
                0x100069a4                sleep_until
 .text.sleep_us
                0x10006a60       0x30 CMakeFiles/pico-rk86.dir/C_/Users/New/.pico-sdk/sdk/2.0.0/src/common/pico_time/time.c.obj
                0x10006a60                sleep_us
 .text.sleep_ms
                0x10006a90       0x2c CMakeFiles/pico-rk86.dir/C_/Users/New/.pico-sdk/sdk/2.0.0/src/common/pico_time/time.c.obj
                0x10006a90                sleep_ms
 .text.best_effort_wfe_or_timeout
                0x10006abc      0x128 CMakeFiles/pico-rk86.dir/C_/Users/New/.pico-sdk/sdk/2.0.0/src/common/pico_time/time.c.obj
                0x10006abc                best_effort_wfe_or_timeout
 .text.timer_hardware_alarm_claim
                0x10006be4       0x24 CMakeFiles/pico-rk86.dir/C_/Users/New/.pico-sdk/sdk/2.0.0/src/rp2_common/hardware_timer/timer.c.obj
                0x10006be4                timer_hardware_alarm_claim
 .text.timer_time_us_64
                0x10006c08       0x10 CMakeFiles/pico-rk86.dir/C_/Users/New/.pico-sdk/sdk/2.0.0/src/rp2_common/hardware_timer/timer.c.obj
                0x10006c08                timer_time_us_64
 .text.time_us_64
                0x10006c18       0x14 CMakeFiles/pico-rk86.dir/C_/Users/New/.pico-sdk/sdk/2.0.0/src/rp2_common/hardware_timer/timer.c.obj
                0x10006c18                time_us_64
 .text.busy_wait_us_32
                0x10006c2c       0x74 CMakeFiles/pico-rk86.dir/C_/Users/New/.pico-sdk/sdk/2.0.0/src/rp2_common/hardware_timer/timer.c.obj
                0x10006c2c                busy_wait_us_32
 .text.busy_wait_us
                0x10006ca0       0x64 CMakeFiles/pico-rk86.dir/C_/Users/New/.pico-sdk/sdk/2.0.0/src/rp2_common/hardware_timer/timer.c.obj
                0x10006ca0                busy_wait_us
 .text.busy_wait_ms
                0x10006d04       0x88 CMakeFiles/pico-rk86.dir/C_/Users/New/.pico-sdk/sdk/2.0.0/src/rp2_common/hardware_timer/timer.c.obj
                0x10006d04                busy_wait_ms
 .text.busy_wait_until
                0x10006d8c       0x24 CMakeFiles/pico-rk86.dir/C_/Users/New/.pico-sdk/sdk/2.0.0/src/rp2_common/hardware_timer/timer.c.obj
                0x10006d8c                busy_wait_until
 .text.clock_configure_undivided
                0x10006db0       0xd0 CMakeFiles/pico-rk86.dir/C_/Users/New/.pico-sdk/sdk/2.0.0/src/rp2_common/hardware_clocks/clocks.c.obj
                0x10006db0                clock_configure_undivided
 .text.clock_get_hz
                0x10006e80        0xc CMakeFiles/pico-rk86.dir/C_/Users/New/.pico-sdk/sdk/2.0.0/src/rp2_common/hardware_clocks/clocks.c.obj
                0x10006e80                clock_get_hz
 .text.set_sys_clock_pll
                0x10006e8c      0x184 CMakeFiles/pico-rk86.dir/C_/Users/New/.pico-sdk/sdk/2.0.0/src/rp2_common/hardware_clocks/clocks.c.obj
                0x10006e8c                set_sys_clock_pll
 .text.check_sys_clock_khz
                0x10007010      0x19c CMakeFiles/pico-rk86.dir/C_/Users/New/.pico-sdk/sdk/2.0.0/src/rp2_common/hardware_clocks/clocks.c.obj
                0x10007010                check_sys_clock_khz
 .text.pll_init
                0x100071ac       0x8c CMakeFiles/pico-rk86.dir/C_/Users/New/.pico-sdk/sdk/2.0.0/src/rp2_common/hardware_pll/pll.c.obj
                0x100071ac                pll_init
 .text.vreg_set_voltage
                0x10007238       0x44 CMakeFiles/pico-rk86.dir/C_/Users/New/.pico-sdk/sdk/2.0.0/src/rp2_common/hardware_vreg/vreg.c.obj
                0x10007238                vreg_set_voltage
 .text.tick_start
                0x1000727c       0x18 CMakeFiles/pico-rk86.dir/C_/Users/New/.pico-sdk/sdk/2.0.0/src/rp2_common/hardware_ticks/ticks.c.obj
                0x1000727c                tick_start
 .text.xosc_init
                0x10007294       0x2c CMakeFiles/pico-rk86.dir/C_/Users/New/.pico-sdk/sdk/2.0.0/src/rp2_common/hardware_xosc/xosc.c.obj
                0x10007294                xosc_init
 .text.rcvr_datablock
                0x100072c0       0xbc CMakeFiles/pico-rk86.dir/drivers/sdcard/sdcard.c.obj
 .text.xmit_datablock
                0x1000737c       0xfc CMakeFiles/pico-rk86.dir/drivers/sdcard/sdcard.c.obj
 .text._select  0x10007478       0xd4 CMakeFiles/pico-rk86.dir/drivers/sdcard/sdcard.c.obj
 .text.send_cmd
                0x1000754c      0x138 CMakeFiles/pico-rk86.dir/drivers/sdcard/sdcard.c.obj
 .text.disk_initialize
                0x10007684      0x2e0 CMakeFiles/pico-rk86.dir/drivers/sdcard/sdcard.c.obj
                0x10007684                disk_initialize
 .text.disk_status
                0x10007964       0x14 CMakeFiles/pico-rk86.dir/drivers/sdcard/sdcard.c.obj
                0x10007964                disk_status
 .text.disk_read
                0x10007978       0xc0 CMakeFiles/pico-rk86.dir/drivers/sdcard/sdcard.c.obj
                0x10007978                disk_read
 .text.disk_write
                0x10007a38      0x1dc CMakeFiles/pico-rk86.dir/drivers/sdcard/sdcard.c.obj
                0x10007a38                disk_write
 .text.disk_ioctl
                0x10007c14      0x2bc CMakeFiles/pico-rk86.dir/drivers/sdcard/sdcard.c.obj
                0x10007c14                disk_ioctl
 .text.init_alloc_info.isra.0
                0x10007ed0       0x24 CMakeFiles/pico-rk86.dir/drivers/fatfs/ff.c.obj
 .text.get_fileinfo
                0x10007ef4      0x2fc CMakeFiles/pico-rk86.dir/drivers/fatfs/ff.c.obj
 .text.sync_fs  0x100081f0       0xac CMakeFiles/pico-rk86.dir/drivers/fatfs/ff.c.obj
 .text.move_window
                0x1000829c       0x64 CMakeFiles/pico-rk86.dir/drivers/fatfs/ff.c.obj
 .text.put_fat.part.0
                0x10008300      0x108 CMakeFiles/pico-rk86.dir/drivers/fatfs/ff.c.obj
 .text.get_fat  0x10008408      0x11c CMakeFiles/pico-rk86.dir/drivers/fatfs/ff.c.obj
 .text.dir_next.constprop.0
                0x10008524       0x90 CMakeFiles/pico-rk86.dir/drivers/fatfs/ff.c.obj
 .text.check_fs
                0x100085b4      0x10c CMakeFiles/pico-rk86.dir/drivers/fatfs/ff.c.obj
 .text.mount_volume
                0x100086c0      0x3bc CMakeFiles/pico-rk86.dir/drivers/fatfs/ff.c.obj
 .text.load_xdir
                0x10008a7c      0x1ac CMakeFiles/pico-rk86.dir/drivers/fatfs/ff.c.obj
 .text.dir_read.constprop.0
                0x10008c28      0x3d8 CMakeFiles/pico-rk86.dir/drivers/fatfs/ff.c.obj
 .text.dir_sdi  0x10009000      0x1e8 CMakeFiles/pico-rk86.dir/drivers/fatfs/ff.c.obj
 .text.dir_remove
                0x100091e8      0x13c CMakeFiles/pico-rk86.dir/drivers/fatfs/ff.c.obj
 .text.dir_find
                0x10009324      0x3a0 CMakeFiles/pico-rk86.dir/drivers/fatfs/ff.c.obj
 .text.follow_path
                0x100096c4      0x38c CMakeFiles/pico-rk86.dir/drivers/fatfs/ff.c.obj
 .text.store_xdir
                0x10009a50      0x1b4 CMakeFiles/pico-rk86.dir/drivers/fatfs/ff.c.obj
 .text.remove_chain
                0x10009c04      0x2cc CMakeFiles/pico-rk86.dir/drivers/fatfs/ff.c.obj
 .text.create_chain
                0x10009ed0      0x3fc CMakeFiles/pico-rk86.dir/drivers/fatfs/ff.c.obj
 .text.dir_alloc
                0x1000a2cc      0x260 CMakeFiles/pico-rk86.dir/drivers/fatfs/ff.c.obj
 .text.dir_register
                0x1000a52c      0xa74 CMakeFiles/pico-rk86.dir/drivers/fatfs/ff.c.obj
 .text.f_mount  0x1000afa0       0x60 CMakeFiles/pico-rk86.dir/drivers/fatfs/ff.c.obj
                0x1000afa0                f_mount
 .text.f_open   0x1000b000      0x2b4 CMakeFiles/pico-rk86.dir/drivers/fatfs/ff.c.obj
                0x1000b000                f_open
 .text.f_read   0x1000b2b4      0x20c CMakeFiles/pico-rk86.dir/drivers/fatfs/ff.c.obj
                0x1000b2b4                f_read
 .text.f_write  0x1000b4c0      0x270 CMakeFiles/pico-rk86.dir/drivers/fatfs/ff.c.obj
                0x1000b4c0                f_write
 .text.f_sync   0x1000b730      0x20c CMakeFiles/pico-rk86.dir/drivers/fatfs/ff.c.obj
                0x1000b730                f_sync
 .text.f_close  0x1000b93c       0x34 CMakeFiles/pico-rk86.dir/drivers/fatfs/ff.c.obj
                0x1000b93c                f_close
 .text.f_opendir
                0x1000b970       0x94 CMakeFiles/pico-rk86.dir/drivers/fatfs/ff.c.obj
                0x1000b970                f_opendir
 .text.f_closedir
                0x1000ba04       0x30 CMakeFiles/pico-rk86.dir/drivers/fatfs/ff.c.obj
                0x1000ba04                f_closedir
 .text.f_readdir
                0x1000ba34       0x5c CMakeFiles/pico-rk86.dir/drivers/fatfs/ff.c.obj
                0x1000ba34                f_readdir
 .text.f_stat   0x1000ba90       0x44 CMakeFiles/pico-rk86.dir/drivers/fatfs/ff.c.obj
                0x1000ba90                f_stat
 .text.f_unlink
                0x1000bad4       0xc0 CMakeFiles/pico-rk86.dir/drivers/fatfs/ff.c.obj
                0x1000bad4                f_unlink
 .text.f_rename
                0x1000bb94      0x260 CMakeFiles/pico-rk86.dir/drivers/fatfs/ff.c.obj
                0x1000bb94                f_rename
 .text.ff_uni2oem
                0x1000bdf4       0x38 CMakeFiles/pico-rk86.dir/drivers/fatfs/ffunicode.c.obj
                0x1000bdf4                ff_uni2oem
 .text.ff_oem2uni
                0x1000be2c       0x28 CMakeFiles/pico-rk86.dir/drivers/fatfs/ffunicode.c.obj
                0x1000be2c                ff_oem2uni
 .text.ff_wtoupper
                0x1000be54       0xa8 CMakeFiles/pico-rk86.dir/drivers/fatfs/ffunicode.c.obj
                0x1000be54                ff_wtoupper
 .text.first_per_core_initializer
                0x1000befc        0x4 CMakeFiles/pico-rk86.dir/C_/Users/New/.pico-sdk/sdk/2.0.0/src/rp2_common/pico_runtime/runtime.c.obj
 .text.hard_assertion_failure
                0x1000bf00        0xc CMakeFiles/pico-rk86.dir/C_/Users/New/.pico-sdk/sdk/2.0.0/src/rp2_common/pico_runtime/runtime.c.obj
                0x1000bf00                hard_assertion_failure
 .text.runtime_run_initializers
                0x1000bf0c       0x20 CMakeFiles/pico-rk86.dir/C_/Users/New/.pico-sdk/sdk/2.0.0/src/rp2_common/pico_runtime/runtime.c.obj
                0x1000bf0c                runtime_run_initializers
 .text.runtime_run_per_core_initializers
                0x1000bf2c       0x20 CMakeFiles/pico-rk86.dir/C_/Users/New/.pico-sdk/sdk/2.0.0/src/rp2_common/pico_runtime/runtime.c.obj
                0x1000bf2c                runtime_run_per_core_initializers
 .text.runtime_init_early_resets
                0x1000bf4c       0x34 CMakeFiles/pico-rk86.dir/C_/Users/New/.pico-sdk/sdk/2.0.0/src/rp2_common/pico_runtime_init/runtime_init.c.obj
                0x1000bf4c                runtime_init_early_resets
 .text.runtime_init_usb_power_down
                0x1000bf80       0x1c CMakeFiles/pico-rk86.dir/C_/Users/New/.pico-sdk/sdk/2.0.0/src/rp2_common/pico_runtime_init/runtime_init.c.obj
                0x1000bf80                runtime_init_usb_power_down
 .text.runtime_init_per_core_enable_coprocessors
                0x1000bf9c       0x1c CMakeFiles/pico-rk86.dir/C_/Users/New/.pico-sdk/sdk/2.0.0/src/rp2_common/pico_runtime_init/runtime_init.c.obj
                0x1000bf9c                runtime_init_per_core_enable_coprocessors
 .text.runtime_init_post_clock_resets
                0x1000bfb8       0x20 CMakeFiles/pico-rk86.dir/C_/Users/New/.pico-sdk/sdk/2.0.0/src/rp2_common/pico_runtime_init/runtime_init.c.obj
                0x1000bfb8                runtime_init_post_clock_resets
 .text.runtime_init_bootrom_reset
                0x1000bfd8       0x14 CMakeFiles/pico-rk86.dir/C_/Users/New/.pico-sdk/sdk/2.0.0/src/rp2_common/pico_runtime_init/runtime_init.c.obj
                0x1000bfd8                runtime_init_bootrom_reset
 .text.runtime_init_per_core_bootrom_reset
                0x1000bfec       0x14 CMakeFiles/pico-rk86.dir/C_/Users/New/.pico-sdk/sdk/2.0.0/src/rp2_common/pico_runtime_init/runtime_init.c.obj
                0x1000bfec                runtime_init_per_core_bootrom_reset
 .text.runtime_init_spin_locks_reset
                0x1000c000        0x4 CMakeFiles/pico-rk86.dir/C_/Users/New/.pico-sdk/sdk/2.0.0/src/rp2_common/pico_runtime_init/runtime_init.c.obj
                0x1000c000                runtime_init_spin_locks_reset
 .text.runtime_init_install_ram_vector_table
                0x1000c004       0x20 CMakeFiles/pico-rk86.dir/C_/Users/New/.pico-sdk/sdk/2.0.0/src/rp2_common/pico_runtime_init/runtime_init.c.obj
                0x1000c004                runtime_init_install_ram_vector_table
 .text.runtime_init_clocks
                0x1000c024       0xdc CMakeFiles/pico-rk86.dir/C_/Users/New/.pico-sdk/sdk/2.0.0/src/rp2_common/pico_runtime_init/runtime_init_clocks.c.obj
                0x1000c024                runtime_init_clocks
 .text.rom_func_lookup
                0x1000c100       0x20 CMakeFiles/pico-rk86.dir/C_/Users/New/.pico-sdk/sdk/2.0.0/src/rp2_common/pico_bootrom/bootrom.c.obj
                0x1000c100                rom_func_lookup
 .text.rom_reset_usb_boot
                0x1000c120       0x44 CMakeFiles/pico-rk86.dir/C_/Users/New/.pico-sdk/sdk/2.0.0/src/rp2_common/pico_bootrom/bootrom.c.obj
                0x1000c120                rom_reset_usb_boot
 .text.runtime_init_bootrom_locking_enable
                0x1000c164       0x14 CMakeFiles/pico-rk86.dir/C_/Users/New/.pico-sdk/sdk/2.0.0/src/rp2_common/pico_bootrom/bootrom_lock.c.obj
                0x1000c164                runtime_init_bootrom_locking_enable
 .text.runtime_init_boot_locks_reset
                0x1000c178       0x1c CMakeFiles/pico-rk86.dir/C_/Users/New/.pico-sdk/sdk/2.0.0/src/rp2_common/hardware_boot_lock/boot_lock.c.obj
                0x1000c178                runtime_init_boot_locks_reset
 .text.__rp2350_dcp_engaged_state_save_restore
                0x1000c194       0x3a CMakeFiles/pico-rk86.dir/C_/Users/New/.pico-sdk/sdk/2.0.0/src/rp2_common/pico_double/double_aeabi_dcp.S.obj
 *fill*         0x1000c1ce        0x2 
 .text.__wrap___aeabi_dadd
                0x1000c1d0       0x28 CMakeFiles/pico-rk86.dir/C_/Users/New/.pico-sdk/sdk/2.0.0/src/rp2_common/pico_double/double_aeabi_dcp.S.obj
                0x1000c1d8                __wrap___aeabi_dadd
 .text.__wrap___aeabi_dsub
                0x1000c1f8       0x28 CMakeFiles/pico-rk86.dir/C_/Users/New/.pico-sdk/sdk/2.0.0/src/rp2_common/pico_double/double_aeabi_dcp.S.obj
                0x1000c200                __wrap___aeabi_dsub
 .text.__wrap___aeabi_dmul
                0x1000c220       0x4c CMakeFiles/pico-rk86.dir/C_/Users/New/.pico-sdk/sdk/2.0.0/src/rp2_common/pico_double/double_aeabi_dcp.S.obj
                0x1000c228                __wrap___aeabi_dmul
 .text.__wrap___aeabi_ddiv
                0x1000c26c       0x9c CMakeFiles/pico-rk86.dir/C_/Users/New/.pico-sdk/sdk/2.0.0/src/rp2_common/pico_double/double_aeabi_dcp.S.obj
                0x1000c274                __wrap___aeabi_ddiv
 .text.__wrap___aeabi_d2f
                0x1000c308       0x1c CMakeFiles/pico-rk86.dir/C_/Users/New/.pico-sdk/sdk/2.0.0/src/rp2_common/pico_double/double_aeabi_dcp.S.obj
                0x1000c310                __wrap___aeabi_d2f
 .text.__wrap___aeabi_i2d
                0x1000c324       0x24 CMakeFiles/pico-rk86.dir/C_/Users/New/.pico-sdk/sdk/2.0.0/src/rp2_common/pico_double/double_aeabi_dcp.S.obj
                0x1000c32c                __wrap___aeabi_i2d
 .text.__wrap___aeabi_ui2d
                0x1000c348       0x24 CMakeFiles/pico-rk86.dir/C_/Users/New/.pico-sdk/sdk/2.0.0/src/rp2_common/pico_double/double_aeabi_dcp.S.obj
                0x1000c350                __wrap___aeabi_ui2d
 .text.__wrap___aeabi_d2iz
                0x1000c36c       0x24 CMakeFiles/pico-rk86.dir/C_/Users/New/.pico-sdk/sdk/2.0.0/src/rp2_common/pico_double/double_aeabi_dcp.S.obj
                0x1000c374                __wrap___aeabi_d2iz
 .text.__wrap___aeabi_d2uiz
                0x1000c390       0x24 CMakeFiles/pico-rk86.dir/C_/Users/New/.pico-sdk/sdk/2.0.0/src/rp2_common/pico_double/double_aeabi_dcp.S.obj
                0x1000c398                __wrap___aeabi_d2uiz
 .text.__wrap___aeabi_dcmpeq
                0x1000c3b4       0x24 CMakeFiles/pico-rk86.dir/C_/Users/New/.pico-sdk/sdk/2.0.0/src/rp2_common/pico_double/double_aeabi_dcp.S.obj
                0x1000c3bc                __wrap___aeabi_dcmpeq
 .text.__wrap___aeabi_dcmplt
                0x1000c3d8       0x28 CMakeFiles/pico-rk86.dir/C_/Users/New/.pico-sdk/sdk/2.0.0/src/rp2_common/pico_double/double_aeabi_dcp.S.obj
                0x1000c3e0                __wrap___aeabi_dcmplt
 .text.__wrap___aeabi_dcmpge
                0x1000c400       0x28 CMakeFiles/pico-rk86.dir/C_/Users/New/.pico-sdk/sdk/2.0.0/src/rp2_common/pico_double/double_aeabi_dcp.S.obj
                0x1000c408                __wrap___aeabi_dcmpge
 .text.__wrap___aeabi_dcmpgt
                0x1000c428       0x28 CMakeFiles/pico-rk86.dir/C_/Users/New/.pico-sdk/sdk/2.0.0/src/rp2_common/pico_double/double_aeabi_dcp.S.obj
                0x1000c430                __wrap___aeabi_dcmpgt
 .text.__wrap_malloc
                0x1000c450       0x38 CMakeFiles/pico-rk86.dir/C_/Users/New/.pico-sdk/sdk/2.0.0/src/rp2_common/pico_malloc/malloc.c.obj
                0x1000c450                __wrap_malloc
 .text.__wrap_calloc
                0x1000c488       0x40 CMakeFiles/pico-rk86.dir/C_/Users/New/.pico-sdk/sdk/2.0.0/src/rp2_common/pico_malloc/malloc.c.obj
                0x1000c488                __wrap_calloc
 .text.__wrap_free
                0x1000c4c8       0x20 CMakeFiles/pico-rk86.dir/C_/Users/New/.pico-sdk/sdk/2.0.0/src/rp2_common/pico_malloc/malloc.c.obj
                0x1000c4c8                __wrap_free
 .text._Znwj    0x1000c4e8        0x4 CMakeFiles/pico-rk86.dir/C_/Users/New/.pico-sdk/sdk/2.0.0/src/rp2_common/pico_cxx_options/new_delete.cpp.obj
                0x1000c4e8                operator new(unsigned int)
 .text._ZdlPvj  0x1000c4ec        0x4 CMakeFiles/pico-rk86.dir/C_/Users/New/.pico-sdk/sdk/2.0.0/src/rp2_common/pico_cxx_options/new_delete.cpp.obj
                0x1000c4ec                operator delete(void*, unsigned int)
 .text._out_buffer
                0x1000c4f0        0x8 CMakeFiles/pico-rk86.dir/C_/Users/New/.pico-sdk/sdk/2.0.0/src/rp2_common/pico_printf/printf.c.obj
 .text._out_null
                0x1000c4f8        0x4 CMakeFiles/pico-rk86.dir/C_/Users/New/.pico-sdk/sdk/2.0.0/src/rp2_common/pico_printf/printf.c.obj
 .text._out_rev
                0x1000c4fc       0x9c CMakeFiles/pico-rk86.dir/C_/Users/New/.pico-sdk/sdk/2.0.0/src/rp2_common/pico_printf/printf.c.obj
 .text._ntoa_format
                0x1000c598      0x2a4 CMakeFiles/pico-rk86.dir/C_/Users/New/.pico-sdk/sdk/2.0.0/src/rp2_common/pico_printf/printf.c.obj
 .text._out_char
                0x1000c83c        0x8 CMakeFiles/pico-rk86.dir/C_/Users/New/.pico-sdk/sdk/2.0.0/src/rp2_common/pico_printf/printf.c.obj
 .text._out_fct
                0x1000c844        0xc CMakeFiles/pico-rk86.dir/C_/Users/New/.pico-sdk/sdk/2.0.0/src/rp2_common/pico_printf/printf.c.obj
 .text._etoa    0x1000c850      0x3d0 CMakeFiles/pico-rk86.dir/C_/Users/New/.pico-sdk/sdk/2.0.0/src/rp2_common/pico_printf/printf.c.obj
 .text._ftoa    0x1000cc20      0x310 CMakeFiles/pico-rk86.dir/C_/Users/New/.pico-sdk/sdk/2.0.0/src/rp2_common/pico_printf/printf.c.obj
 .text._vsnprintf
                0x1000cf30      0x9e8 CMakeFiles/pico-rk86.dir/C_/Users/New/.pico-sdk/sdk/2.0.0/src/rp2_common/pico_printf/printf.c.obj
 .text.__wrap_snprintf
                0x1000d918       0x2c CMakeFiles/pico-rk86.dir/C_/Users/New/.pico-sdk/sdk/2.0.0/src/rp2_common/pico_printf/printf.c.obj
                0x1000d918                __wrap_snprintf
 .text.vfctprintf
                0x1000d944       0x28 CMakeFiles/pico-rk86.dir/C_/Users/New/.pico-sdk/sdk/2.0.0/src/rp2_common/pico_printf/printf.c.obj
                0x1000d944                vfctprintf
 .text.weak_raw_vprintf
                0x1000d96c       0x30 CMakeFiles/pico-rk86.dir/C_/Users/New/.pico-sdk/sdk/2.0.0/src/rp2_common/pico_printf/printf.c.obj
                0x1000d96c                weak_raw_vprintf
 .text._exit    0x1000d99c        0x4 CMakeFiles/pico-rk86.dir/C_/Users/New/.pico-sdk/sdk/2.0.0/src/rp2_common/pico_clib_interface/newlib_interface.c.obj
                0x1000d99c                _exit
 .text._sbrk    0x1000d9a0       0x2c CMakeFiles/pico-rk86.dir/C_/Users/New/.pico-sdk/sdk/2.0.0/src/rp2_common/pico_clib_interface/newlib_interface.c.obj
                0x1000d9a0                _sbrk
 .text.exit     0x1000d9cc        0x8 CMakeFiles/pico-rk86.dir/C_/Users/New/.pico-sdk/sdk/2.0.0/src/rp2_common/pico_clib_interface/newlib_interface.c.obj
                0x1000d9cc                exit
 .text.runtime_init
                0x1000d9d4       0x24 CMakeFiles/pico-rk86.dir/C_/Users/New/.pico-sdk/sdk/2.0.0/src/rp2_common/pico_clib_interface/newlib_interface.c.obj
                0x1000d9d4                runtime_init
 .text.stdio_out_chars_no_crlf
                0x1000d9f8        0x8 CMakeFiles/pico-rk86.dir/C_/Users/New/.pico-sdk/sdk/2.0.0/src/rp2_common/pico_stdio/stdio.c.obj
 .text.stdio_out_chars_crlf
                0x1000da00       0xac CMakeFiles/pico-rk86.dir/C_/Users/New/.pico-sdk/sdk/2.0.0/src/rp2_common/pico_stdio/stdio.c.obj
 .text.stdio_buffered_printer
                0x1000daac       0x60 CMakeFiles/pico-rk86.dir/C_/Users/New/.pico-sdk/sdk/2.0.0/src/rp2_common/pico_stdio/stdio.c.obj
 .text.stdio_put_string
                0x1000db0c       0xf0 CMakeFiles/pico-rk86.dir/C_/Users/New/.pico-sdk/sdk/2.0.0/src/rp2_common/pico_stdio/stdio.c.obj
                0x1000db0c                stdio_put_string
 .text.stdio_init_all
                0x1000dbfc        0x4 CMakeFiles/pico-rk86.dir/C_/Users/New/.pico-sdk/sdk/2.0.0/src/rp2_common/pico_stdio/stdio.c.obj
                0x1000dbfc                stdio_init_all
 .text.__wrap_putchar
                0x1000dc00       0x84 CMakeFiles/pico-rk86.dir/C_/Users/New/.pico-sdk/sdk/2.0.0/src/rp2_common/pico_stdio/stdio.c.obj
                0x1000dc00                __wrap_putchar
                0x1000dc00                stdio_putchar
 .text.__wrap_puts
                0x1000dc84       0x3c CMakeFiles/pico-rk86.dir/C_/Users/New/.pico-sdk/sdk/2.0.0/src/rp2_common/pico_stdio/stdio.c.obj
                0x1000dc84                stdio_puts
                0x1000dc84                __wrap_puts
 .text.__wrap_vprintf
                0x1000dcc0       0xc8 CMakeFiles/pico-rk86.dir/C_/Users/New/.pico-sdk/sdk/2.0.0/src/rp2_common/pico_stdio/stdio.c.obj
                0x1000dcc0                stdio_vprintf
                0x1000dcc0                __wrap_vprintf
 .text.__wrap_printf
                0x1000dd88       0x1c CMakeFiles/pico-rk86.dir/C_/Users/New/.pico-sdk/sdk/2.0.0/src/rp2_common/pico_stdio/stdio.c.obj
                0x1000dd88                __wrap_printf
                0x1000dd88                stdio_printf
 .text.stdio_usb_init
                0x1000dda4        0x4 CMakeFiles/pico-rk86.dir/C_/Users/New/.pico-sdk/sdk/2.0.0/src/rp2_common/pico_stdio_usb/stdio_usb.c.obj
                0x1000dda4                stdio_usb_init
 .text.startup._retrieve_unique_id_on_boot
                0x1000dda8       0x30 CMakeFiles/pico-rk86.dir/C_/Users/New/.pico-sdk/sdk/2.0.0/src/rp2_common/pico_unique_id/unique_id.c.obj
 .text.spi_init
                0x1000ddd8       0xf4 CMakeFiles/pico-rk86.dir/C_/Users/New/.pico-sdk/sdk/2.0.0/src/rp2_common/hardware_spi/spi.c.obj
                0x1000ddd8                spi_init
 .text.spi_set_baudrate
                0x1000decc       0x9c CMakeFiles/pico-rk86.dir/C_/Users/New/.pico-sdk/sdk/2.0.0/src/rp2_common/hardware_spi/spi.c.obj
                0x1000decc                spi_set_baudrate
 .text.psram_spi_init_clkdiv
                0x1000df68      0x368 CMakeFiles/pico-rk86.dir/drivers/psram/psram_spi.c.obj
                0x1000df68                psram_spi_init_clkdiv
 .text.init_psram
                0x1000e2d0      0x12c CMakeFiles/pico-rk86.dir/drivers/psram/psram_spi.c.obj
                0x1000e2d0                init_psram
 .text.nespad_begin
                0x1000e3fc      0x154 CMakeFiles/pico-rk86.dir/drivers/nespad/nespad.cpp.obj
                0x1000e3fc                nespad_begin
 .text.nespad_read
                0x1000e550       0xc4 CMakeFiles/pico-rk86.dir/drivers/nespad/nespad.cpp.obj
                0x1000e550                nespad_read
 .text.core1_trampoline
                0x1000e614        0x4 CMakeFiles/pico-rk86.dir/C_/Users/New/.pico-sdk/sdk/2.0.0/src/rp2_common/pico_multicore/multicore.c.obj
 .text.core1_wrapper
                0x1000e618       0x10 CMakeFiles/pico-rk86.dir/C_/Users/New/.pico-sdk/sdk/2.0.0/src/rp2_common/pico_multicore/multicore.c.obj
                0x1000e618                core1_wrapper
 .text.multicore_launch_core1_raw
                0x1000e628       0x88 CMakeFiles/pico-rk86.dir/C_/Users/New/.pico-sdk/sdk/2.0.0/src/rp2_common/pico_multicore/multicore.c.obj
                0x1000e628                multicore_launch_core1_raw
 .text.multicore_launch_core1
                0x1000e6b0       0x48 CMakeFiles/pico-rk86.dir/C_/Users/New/.pico-sdk/sdk/2.0.0/src/rp2_common/pico_multicore/multicore.c.obj
                0x1000e6b0                multicore_launch_core1
 .text.multicore_lockout_victim_init
                0x1000e6f8       0x48 CMakeFiles/pico-rk86.dir/C_/Users/New/.pico-sdk/sdk/2.0.0/src/rp2_common/pico_multicore/multicore.c.obj
                0x1000e6f8                multicore_lockout_victim_init
 .text.dma_claim_unused_channel
                0x1000e740       0x20 CMakeFiles/pico-rk86.dir/C_/Users/New/.pico-sdk/sdk/2.0.0/src/rp2_common/hardware_dma/dma.c.obj
                0x1000e740                dma_claim_unused_channel
 .text.i2c_set_baudrate
                0x1000e760       0xa8 CMakeFiles/pico-rk86.dir/C_/Users/New/.pico-sdk/sdk/2.0.0/src/rp2_common/hardware_i2c/i2c.c.obj
                0x1000e760                i2c_set_baudrate
 .text.i2c_init
                0x1000e808       0x4c CMakeFiles/pico-rk86.dir/C_/Users/New/.pico-sdk/sdk/2.0.0/src/rp2_common/hardware_i2c/i2c.c.obj
                0x1000e808                i2c_init
 .text.i2c_write_blocking
                0x1000e854       0x9c CMakeFiles/pico-rk86.dir/C_/Users/New/.pico-sdk/sdk/2.0.0/src/rp2_common/hardware_i2c/i2c.c.obj
                0x1000e854                i2c_write_blocking
 .text.i2c_read_blocking
                0x1000e8f0       0x6c CMakeFiles/pico-rk86.dir/C_/Users/New/.pico-sdk/sdk/2.0.0/src/rp2_common/hardware_i2c/i2c.c.obj
                0x1000e8f0                i2c_read_blocking
 .text.change_color
                0x1000e95c       0x30 CMakeFiles/pico-rk86.dir/drivers/vga-nextgen/vga.c.obj
                0x1000e95c                change_color
 *fill*         0x1000e98c        0x4 
 .text.graphics_set_mode
                0x1000e990      0x298 CMakeFiles/pico-rk86.dir/drivers/vga-nextgen/vga.c.obj
                0x1000e990                graphics_set_mode
 .text.graphics_set_buffer
                0x1000ec28        0xc CMakeFiles/pico-rk86.dir/drivers/vga-nextgen/vga.c.obj
                0x1000ec28                graphics_set_buffer
 .text.graphics_set_offset
                0x1000ec34        0x4 CMakeFiles/pico-rk86.dir/drivers/vga-nextgen/vga.c.obj
                0x1000ec34                graphics_set_offset
 .text.graphics_set_flashmode
                0x1000ec38       0x14 CMakeFiles/pico-rk86.dir/drivers/vga-nextgen/vga.c.obj
                0x1000ec38                graphics_set_flashmode
 .text.graphics_set_bgcolor
                0x1000ec4c       0xb8 CMakeFiles/pico-rk86.dir/drivers/vga-nextgen/vga.c.obj
                0x1000ec4c                graphics_set_bgcolor
 .text.graphics_init
                0x1000ed04      0x278 CMakeFiles/pico-rk86.dir/drivers/vga-nextgen/vga.c.obj
                0x1000ed04                graphics_init
 .text._ZSt18_Rb_tree_incrementPSt18_Rb_tree_node_base
                0x1000ef7c       0x2c C:/Users/New/.pico-sdk/toolchain/13_2_Rel1/bin/../lib/gcc/arm-none-eabi/13.2.1/thumb/v8-m.main+fp/softfp\libstdc++.a(tree.o)
                0x1000ef7c                std::_Rb_tree_increment(std::_Rb_tree_node_base*)
 .text._ZSt18_Rb_tree_decrementPSt18_Rb_tree_node_base
                0x1000efa8       0x34 C:/Users/New/.pico-sdk/toolchain/13_2_Rel1/bin/../lib/gcc/arm-none-eabi/13.2.1/thumb/v8-m.main+fp/softfp\libstdc++.a(tree.o)
                0x1000efa8                std::_Rb_tree_decrement(std::_Rb_tree_node_base*)
 .text._ZSt29_Rb_tree_insert_and_rebalancebPSt18_Rb_tree_node_baseS0_RS_
                0x1000efdc      0x16c C:/Users/New/.pico-sdk/toolchain/13_2_Rel1/bin/../lib/gcc/arm-none-eabi/13.2.1/thumb/v8-m.main+fp/softfp\libstdc++.a(tree.o)
                0x1000efdc                std::_Rb_tree_insert_and_rebalance(bool, std::_Rb_tree_node_base*, std::_Rb_tree_node_base*, std::_Rb_tree_node_base&)
 .text.calloc   0x1000f148       0x10 C:/Users/New/.pico-sdk/toolchain/13_2_Rel1/bin/../lib/gcc/arm-none-eabi/13.2.1/thumb/v8-m.main+fp/softfp\libg.a(libc_a-calloc.o)
                0x1000f148                calloc
 .text._calloc_r
                0x1000f158       0x70 C:/Users/New/.pico-sdk/toolchain/13_2_Rel1/bin/../lib/gcc/arm-none-eabi/13.2.1/thumb/v8-m.main+fp/softfp\libg.a(libc_a-callocr.o)
                0x1000f158                _calloc_r
 .text.malloc   0x1000f1c8       0x10 C:/Users/New/.pico-sdk/toolchain/13_2_Rel1/bin/../lib/gcc/arm-none-eabi/13.2.1/thumb/v8-m.main+fp/softfp\libg.a(libc_a-malloc.o)
                0x1000f1c8                malloc
 .text.free     0x1000f1d8       0x10 C:/Users/New/.pico-sdk/toolchain/13_2_Rel1/bin/../lib/gcc/arm-none-eabi/13.2.1/thumb/v8-m.main+fp/softfp\libg.a(libc_a-malloc.o)
                0x1000f1d8                free
 .text._malloc_r
                0x1000f1e8      0x554 C:/Users/New/.pico-sdk/toolchain/13_2_Rel1/bin/../lib/gcc/arm-none-eabi/13.2.1/thumb/v8-m.main+fp/softfp\libg.a(libc_a-mallocr.o)
                0x1000f1e8                _malloc_r
 .text.__malloc_lock
                0x1000f73c        0xc C:/Users/New/.pico-sdk/toolchain/13_2_Rel1/bin/../lib/gcc/arm-none-eabi/13.2.1/thumb/v8-m.main+fp/softfp\libg.a(libc_a-mlock.o)
                0x1000f73c                __malloc_lock
 .text.__malloc_unlock
                0x1000f748        0xc C:/Users/New/.pico-sdk/toolchain/13_2_Rel1/bin/../lib/gcc/arm-none-eabi/13.2.1/thumb/v8-m.main+fp/softfp\libg.a(libc_a-mlock.o)
                0x1000f748                __malloc_unlock
 .text.qsort    0x1000f754      0x628 C:/Users/New/.pico-sdk/toolchain/13_2_Rel1/bin/../lib/gcc/arm-none-eabi/13.2.1/thumb/v8-m.main+fp/softfp\libg.a(libc_a-qsort.o)
                0x1000f754                qsort
 .text.memcmp   0x1000fd7c       0x5c C:/Users/New/.pico-sdk/toolchain/13_2_Rel1/bin/../lib/gcc/arm-none-eabi/13.2.1/thumb/v8-m.main+fp/softfp\libg.a(libc_a-memcmp.o)
                0x1000fd7c                memcmp
 .text.memset   0x1000fdd8       0xa4 C:/Users/New/.pico-sdk/toolchain/13_2_Rel1/bin/../lib/gcc/arm-none-eabi/13.2.1/thumb/v8-m.main+fp/softfp\libg.a(libc_a-memset.o)
                0x1000fdd8                memset
 .text.strchr   0x1000fe7c       0xd0 C:/Users/New/.pico-sdk/toolchain/13_2_Rel1/bin/../lib/gcc/arm-none-eabi/13.2.1/thumb/v8-m.main+fp/softfp\libg.a(libc_a-strchr.o)
                0x1000fe7c                strchr
 .text.strncmp  0x1000ff4c       0x80 C:/Users/New/.pico-sdk/toolchain/13_2_Rel1/bin/../lib/gcc/arm-none-eabi/13.2.1/thumb/v8-m.main+fp/softfp\libg.a(libc_a-strncmp.o)
                0x1000ff4c                strncmp
 .text.strncpy  0x1000ffcc       0x64 C:/Users/New/.pico-sdk/toolchain/13_2_Rel1/bin/../lib/gcc/arm-none-eabi/13.2.1/thumb/v8-m.main+fp/softfp\libg.a(libc_a-strncpy.o)
                0x1000ffcc                strncpy
 .text.strnlen  0x10010030       0x24 C:/Users/New/.pico-sdk/toolchain/13_2_Rel1/bin/../lib/gcc/arm-none-eabi/13.2.1/thumb/v8-m.main+fp/softfp\libg.a(libc_a-strnlen.o)
                0x10010030                strnlen
 .text.stpncpy  0x10010054       0x80 C:/Users/New/.pico-sdk/toolchain/13_2_Rel1/bin/../lib/gcc/arm-none-eabi/13.2.1/thumb/v8-m.main+fp/softfp\libg.a(libc_a-stpncpy.o)
                0x10010054                stpncpy
 .text._sbrk_r  0x100100d4       0x24 C:/Users/New/.pico-sdk/toolchain/13_2_Rel1/bin/../lib/gcc/arm-none-eabi/13.2.1/thumb/v8-m.main+fp/softfp\libg.a(libc_a-sbrkr.o)
                0x100100d4                _sbrk_r
 .text.__errno  0x100100f8        0xc C:/Users/New/.pico-sdk/toolchain/13_2_Rel1/bin/../lib/gcc/arm-none-eabi/13.2.1/thumb/v8-m.main+fp/softfp\libg.a(libc_a-errno.o)
                0x100100f8                __errno
 .text.__retarget_lock_acquire_recursive
                0x10010104        0x4 C:/Users/New/.pico-sdk/toolchain/13_2_Rel1/bin/../lib/gcc/arm-none-eabi/13.2.1/thumb/v8-m.main+fp/softfp\libg.a(libc_a-lock.o)
                0x10010104                __retarget_lock_acquire_recursive
 .text.__retarget_lock_release_recursive
                0x10010108        0x4 C:/Users/New/.pico-sdk/toolchain/13_2_Rel1/bin/../lib/gcc/arm-none-eabi/13.2.1/thumb/v8-m.main+fp/softfp\libg.a(libc_a-lock.o)
                0x10010108                __retarget_lock_release_recursive
 .text.sysconf  0x1001010c       0x1c C:/Users/New/.pico-sdk/toolchain/13_2_Rel1/bin/../lib/gcc/arm-none-eabi/13.2.1/thumb/v8-m.main+fp/softfp\libg.a(libc_a-sysconf.o)
                0x1001010c                sysconf
 .text          0x10010128       0xec C:/Users/New/.pico-sdk/toolchain/13_2_Rel1/bin/../lib/gcc/arm-none-eabi/13.2.1/thumb/v8-m.main+fp/softfp\libg.a(libc_a-memcpy.o)
                0x10010128                memcpy
 .text.strlen   0x10010214       0x5c C:/Users/New/.pico-sdk/toolchain/13_2_Rel1/bin/../lib/gcc/arm-none-eabi/13.2.1/thumb/v8-m.main+fp/softfp\libg.a(libc_a-strlen-stub.o)
                0x10010214                strlen
 .text._malloc_trim_r
                0x10010270       0xb8 C:/Users/New/.pico-sdk/toolchain/13_2_Rel1/bin/../lib/gcc/arm-none-eabi/13.2.1/thumb/v8-m.main+fp/softfp\libg.a(libc_a-freer.o)
                0x10010270                _malloc_trim_r
 .text._free_r  0x10010328      0x1f8 C:/Users/New/.pico-sdk/toolchain/13_2_Rel1/bin/../lib/gcc/arm-none-eabi/13.2.1/thumb/v8-m.main+fp/softfp\libg.a(libc_a-freer.o)
                0x10010328                _free_r
 *(.fini)
 .fini          0x10010520        0x4 C:/Users/New/.pico-sdk/toolchain/13_2_Rel1/bin/../lib/gcc/arm-none-eabi/13.2.1/thumb/v8-m.main+fp/softfp/crti.o
                0x10010520                _fini
 *fill*         0x10010524        0x4 
 .fini.__stub   0x10010528       0x48 linker stubs
 *crtbegin.o(.ctors)
 *crtbegin?.o(.ctors)
 *(EXCLUDE_FILE(*crtend.o *crtend?.o) .ctors)
 *(SORT_BY_NAME(.ctors.*))
 *(.ctors)
 *crtbegin.o(.dtors)
 *crtbegin?.o(.dtors)
 *(EXCLUDE_FILE(*crtend.o *crtend?.o) .dtors)
 *(SORT_BY_NAME(.dtors.*))
 *(.dtors)
 *(.eh_frame*)
 .eh_frame      0x10010570        0x0 C:/Users/New/.pico-sdk/toolchain/13_2_Rel1/bin/../lib/gcc/arm-none-eabi/13.2.1/thumb/v8-m.main+fp/softfp/crtbegin.o
                0x10010570                        . = ALIGN (0x4)

.glue_7         0x10010570        0x0
 .glue_7        0x10010570        0x0 linker stubs

.glue_7t        0x10010570        0x0
 .glue_7t       0x10010570        0x0 linker stubs

.vfp11_veneer   0x10010570        0x0
 .vfp11_veneer  0x10010570        0x0 linker stubs

.v4_bx          0x10010570        0x0
 .v4_bx         0x10010570        0x0 linker stubs

.iplt           0x10010570        0x0
 .iplt          0x10010570        0x0 C:/Users/New/.pico-sdk/toolchain/13_2_Rel1/bin/../lib/gcc/arm-none-eabi/13.2.1/thumb/v8-m.main+fp/softfp/crtfastmath.o

.rodata         0x10010570     0x1c88
 *(EXCLUDE_FILE(*libm.a: *libc.a:*lib_a-mem*.o *libgcc.a:) .rodata*)
 .rodata.fileman.str1.4
                0x10010570      0x6d4 CMakeFiles/pico-rk86.dir/src/fileman.c.obj
                                 0xe8 (size before relaxing)
 .rodata.load_file.str1.4
                0x10010c44       0x80 CMakeFiles/pico-rk86.dir/src/files.c.obj
 .rodata.sub_half_carry_table
                0x10010c44        0x8 CMakeFiles/pico-rk86.dir/src/i8080.c.obj
                0x10010c44                sub_half_carry_table
 .rodata.half_carry_table
                0x10010c4c        0x8 CMakeFiles/pico-rk86.dir/src/i8080.c.obj
                0x10010c4c                half_carry_table
 .rodata.parity_table
                0x10010c54      0x100 CMakeFiles/pico-rk86.dir/src/i8080.c.obj
                0x10010c54                parity_table
 .rodata.ROM_F800
                0x10010d54      0x800 CMakeFiles/pico-rk86.dir/src/i8080_hal.c.obj
 .rodata.kb_lat
                0x10011554      0x154 CMakeFiles/pico-rk86.dir/src/keymap.c.obj
 .rodata.kb_rus
                0x100116a8       0x84 CMakeFiles/pico-rk86.dir/src/keymap.c.obj
 .rodata.kb_shift
                0x1001172c       0x30 CMakeFiles/pico-rk86.dir/src/keymap.c.obj
 .rodata.main.str1.4
                0x1001175c       0x46 CMakeFiles/pico-rk86.dir/src/main.cpp.obj
 .rodata.menu_fileman.str1.4
                0x1001175c       0x5a CMakeFiles/pico-rk86.dir/src/menu.c.obj
 .rodata.menu.str1.4
                0x1001175c      0x215 CMakeFiles/pico-rk86.dir/src/menu.c.obj
 .rodata.tape_in_bit.str1.4
                0x1001175c       0x18 CMakeFiles/pico-rk86.dir/src/tape.c.obj
 .rodata.tape_in.str1.4
                0x1001175c       0x28 CMakeFiles/pico-rk86.dir/src/tape.c.obj
 .rodata.tape_out.str1.4
                0x1001175c       0x5f CMakeFiles/pico-rk86.dir/src/tape.c.obj
 .rodata.tape_save.str1.4
                0x1001175c       0x9f CMakeFiles/pico-rk86.dir/src/tape.c.obj
 .rodata.ui_select.str1.4
                0x1001175c        0xd CMakeFiles/pico-rk86.dir/src/ui.c.obj
 .rodata.ui_input_text.str1.4
                0x1001175c        0xf CMakeFiles/pico-rk86.dir/src/ui.c.obj
 .rodata.ui_yes_no.str1.4
                0x1001175c        0x8 CMakeFiles/pico-rk86.dir/src/ui.c.obj
 .rodata.syms.1
                0x1001175c       0x10 CMakeFiles/pico-rk86.dir/src/ui.c.obj
 .rodata.set_hires_cmd
                0x1001176c        0x2 CMakeFiles/pico-rk86.dir/src/util_Wii_Joy.c.obj
                0x1001176c                set_hires_cmd
 *fill*         0x1001176e        0x2 
 .rodata.init_cmd3
                0x10011770        0x1 CMakeFiles/pico-rk86.dir/src/util_Wii_Joy.c.obj
                0x10011770                init_cmd3
 *fill*         0x10011771        0x3 
 .rodata.init_cmd1
                0x10011774        0x2 CMakeFiles/pico-rk86.dir/src/util_Wii_Joy.c.obj
                0x10011774                init_cmd1
 *fill*         0x10011776        0x2 
 .rodata.init_cmd0
                0x10011778        0x2 CMakeFiles/pico-rk86.dir/src/util_Wii_Joy.c.obj
                0x10011778                init_cmd0
 *fill*         0x1001177a        0x2 
 .rodata.xlat   0x1001177c      0x100 CMakeFiles/pico-rk86.dir/src/xlat.c.obj
                0x1001177c                xlat
 .rodata.number.str1.4
                0x1001187c       0x4d CMakeFiles/pico-rk86.dir/src/xprintf.c.obj
 .rodata.xvsprintf.str1.4
                0x1001187c        0x7 CMakeFiles/pico-rk86.dir/src/xprintf.c.obj
 .rodata.zkg_rom
                0x1001187c      0x400 CMakeFiles/pico-rk86.dir/src/zkg.c.obj
                0x1001187c                zkg_rom
 .rodata.keyboard_send.str1.4
                0x10011c7c       0x12 CMakeFiles/pico-rk86.dir/drivers/ps2/ps2.c.obj
 .rodata.pio_claim_unused_sm.str1.4
                0x10011c7c       0x24 CMakeFiles/pico-rk86.dir/C_/Users/New/.pico-sdk/sdk/2.0.0/src/rp2_common/hardware_pio/pio.c.obj
 .rodata.panic.str1.4
                0x10011c7c       0x12 CMakeFiles/pico-rk86.dir/C_/Users/New/.pico-sdk/sdk/2.0.0/src/rp2_common/pico_platform_panic/panic.c.obj
 .rodata.spin_lock_claim_unused.str1.4
                0x10011c7c       0x1b CMakeFiles/pico-rk86.dir/C_/Users/New/.pico-sdk/sdk/2.0.0/src/rp2_common/hardware_sync/sync.c.obj
 .rodata.timer_hardware_alarm_claim.str1.4
                0x10011c7c       0x22 CMakeFiles/pico-rk86.dir/C_/Users/New/.pico-sdk/sdk/2.0.0/src/rp2_common/hardware_timer/timer.c.obj
 .rodata.check_fs.str1.4
                0x10011c7c       0x15 CMakeFiles/pico-rk86.dir/drivers/fatfs/ff.c.obj
 .rodata.follow_path.str1.4
                0x10011c7c       0x13 CMakeFiles/pico-rk86.dir/drivers/fatfs/ff.c.obj
 .rodata.ExCvt  0x10011c7c       0x80 CMakeFiles/pico-rk86.dir/drivers/fatfs/ff.c.obj
 .rodata.LfnOfs
                0x10011cfc        0xd CMakeFiles/pico-rk86.dir/drivers/fatfs/ff.c.obj
 *fill*         0x10011d09        0x3 
 .rodata.cvt2.0
                0x10011d0c       0xbc CMakeFiles/pico-rk86.dir/drivers/fatfs/ffunicode.c.obj
 .rodata.cvt1.1
                0x10011dc8      0x1f2 CMakeFiles/pico-rk86.dir/drivers/fatfs/ffunicode.c.obj
 *fill*         0x10011fba        0x2 
 .rodata.uc866  0x10011fbc      0x100 CMakeFiles/pico-rk86.dir/drivers/fatfs/ffunicode.c.obj
 .rodata.hard_assertion_failure.str1.4
                0x100120bc        0xc CMakeFiles/pico-rk86.dir/C_/Users/New/.pico-sdk/sdk/2.0.0/src/rp2_common/pico_runtime/runtime.c.obj
 .rodata.__wrap_malloc.str1.4
                0x100120bc        0xe CMakeFiles/pico-rk86.dir/C_/Users/New/.pico-sdk/sdk/2.0.0/src/rp2_common/pico_malloc/malloc.c.obj
 .rodata.str1.4
                0x100120bc       0x38 CMakeFiles/pico-rk86.dir/C_/Users/New/.pico-sdk/sdk/2.0.0/src/rp2_common/pico_standard_binary_info/standard_binary_info.c.obj
 .rodata.__bi_84
                0x100120bc        0xc CMakeFiles/pico-rk86.dir/C_/Users/New/.pico-sdk/sdk/2.0.0/src/rp2_common/pico_standard_binary_info/standard_binary_info.c.obj
 .rodata.__bi_60
                0x100120c8        0xc CMakeFiles/pico-rk86.dir/C_/Users/New/.pico-sdk/sdk/2.0.0/src/rp2_common/pico_standard_binary_info/standard_binary_info.c.obj
 .rodata.__bi_54
                0x100120d4        0xc CMakeFiles/pico-rk86.dir/C_/Users/New/.pico-sdk/sdk/2.0.0/src/rp2_common/pico_standard_binary_info/standard_binary_info.c.obj
 .rodata.__bi_48
                0x100120e0        0xc CMakeFiles/pico-rk86.dir/C_/Users/New/.pico-sdk/sdk/2.0.0/src/rp2_common/pico_standard_binary_info/standard_binary_info.c.obj
 .rodata.__bi_42
                0x100120ec        0xc CMakeFiles/pico-rk86.dir/C_/Users/New/.pico-sdk/sdk/2.0.0/src/rp2_common/pico_standard_binary_info/standard_binary_info.c.obj
 .rodata.__bi_34
                0x100120f8        0xc CMakeFiles/pico-rk86.dir/C_/Users/New/.pico-sdk/sdk/2.0.0/src/rp2_common/pico_standard_binary_info/standard_binary_info.c.obj
 .rodata.__bi_26
                0x10012104        0xc CMakeFiles/pico-rk86.dir/C_/Users/New/.pico-sdk/sdk/2.0.0/src/rp2_common/pico_standard_binary_info/standard_binary_info.c.obj
 .rodata.pow10.0
                0x10012110       0x50 CMakeFiles/pico-rk86.dir/C_/Users/New/.pico-sdk/sdk/2.0.0/src/rp2_common/pico_printf/printf.c.obj
 .rodata.crlf_str.0
                0x10012160        0x2 CMakeFiles/pico-rk86.dir/C_/Users/New/.pico-sdk/sdk/2.0.0/src/rp2_common/pico_stdio/stdio.c.obj
 *fill*         0x10012162        0x2 
 .rodata.spi_psram_program
                0x10012164        0x8 CMakeFiles/pico-rk86.dir/drivers/psram/psram_spi.c.obj
 .rodata.spi_psram_program_instructions
                0x1001216c       0x12 CMakeFiles/pico-rk86.dir/drivers/psram/psram_spi.c.obj
 *fill*         0x1001217e        0x2 
 .rodata.spi_psram_fudge_program
                0x10012180        0x8 CMakeFiles/pico-rk86.dir/drivers/psram/psram_spi.c.obj
 .rodata.spi_psram_fudge_program_instructions
                0x10012188       0x14 CMakeFiles/pico-rk86.dir/drivers/psram/psram_spi.c.obj
 .rodata        0x1001219c        0x7 CMakeFiles/pico-rk86.dir/drivers/psram/psram_spi.c.obj
 *fill*         0x100121a3        0x1 
 .rodata._ZL14nespad_program
                0x100121a4        0x8 CMakeFiles/pico-rk86.dir/drivers/nespad/nespad.cpp.obj
 .rodata._ZL27nespad_program_instructions
                0x100121ac        0xe CMakeFiles/pico-rk86.dir/drivers/nespad/nespad.cpp.obj
 .rodata.dma_claim_unused_channel.str1.4
                0x100121ba       0x1e CMakeFiles/pico-rk86.dir/C_/Users/New/.pico-sdk/sdk/2.0.0/src/rp2_common/hardware_dma/dma.c.obj
 .rodata.str1.4
                0x100121ba        0x4 CMakeFiles/pico-rk86.dir/C_/Users/New/.pico-sdk/sdk/2.0.0/lib/tinyusb/hw/bsp/rp2040/family.c.obj
 *fill*         0x100121ba        0x2 
 .rodata.__bi_147.0
                0x100121bc        0xc CMakeFiles/pico-rk86.dir/C_/Users/New/.pico-sdk/sdk/2.0.0/lib/tinyusb/hw/bsp/rp2040/family.c.obj
 .rodata.conv1  0x100121c8        0x8 CMakeFiles/pico-rk86.dir/drivers/vga-nextgen/vga.c.obj
                0x100121c8                conv1
 .rodata.conv0  0x100121d0        0x8 CMakeFiles/pico-rk86.dir/drivers/vga-nextgen/vga.c.obj
                0x100121d0                conv0
 .rodata.pio_program_VGA
                0x100121d8        0x8 CMakeFiles/pico-rk86.dir/drivers/vga-nextgen/vga.c.obj
                0x100121d8                pio_program_VGA
 .rodata.palletes
                0x100121e0        0x5 CMakeFiles/pico-rk86.dir/drivers/vga-nextgen/vga.c.obj
 *fill*         0x100121e5        0x3 
 .rodata        0x100121e8       0x10 CMakeFiles/pico-rk86.dir/drivers/vga-nextgen/vga.c.obj
                0x100121f8                        . = ALIGN (0x4)
 *(SORT_BY_ALIGNMENT(SORT_BY_NAME(.flashdata*)))
                0x100121f8                        . = ALIGN (0x4)

.ARM.extab
 *(.ARM.extab* .gnu.linkonce.armextab.*)
                0x100121f8                        __exidx_start = .

.ARM.exidx      0x100121f8        0x8
 *(.ARM.exidx* .gnu.linkonce.armexidx.*)
 .ARM.exidx.text._ZSt18_Rb_tree_incrementPSt18_Rb_tree_node_base
                0x100121f8        0x8 C:/Users/New/.pico-sdk/toolchain/13_2_Rel1/bin/../lib/gcc/arm-none-eabi/13.2.1/thumb/v8-m.main+fp/softfp\libstdc++.a(tree.o)
 .ARM.exidx.text._ZSt18_Rb_tree_decrementPSt18_Rb_tree_node_base
                0x10012200        0x0 C:/Users/New/.pico-sdk/toolchain/13_2_Rel1/bin/../lib/gcc/arm-none-eabi/13.2.1/thumb/v8-m.main+fp/softfp\libstdc++.a(tree.o)
                                  0x8 (size before relaxing)
 .ARM.exidx.text._ZSt29_Rb_tree_insert_and_rebalancebPSt18_Rb_tree_node_baseS0_RS_
                0x10012200        0x0 C:/Users/New/.pico-sdk/toolchain/13_2_Rel1/bin/../lib/gcc/arm-none-eabi/13.2.1/thumb/v8-m.main+fp/softfp\libstdc++.a(tree.o)
                                  0x8 (size before relaxing)
 .ARM.exidx     0x10012200        0x0 C:/Users/New/.pico-sdk/toolchain/13_2_Rel1/bin/../lib/gcc/arm-none-eabi/13.2.1/thumb/v8-m.main+fp/softfp\libg.a(libc_a-memcpy.o)
                                  0x8 (size before relaxing)
 .ARM.exidx.text.__udivmoddi4
                0x10012200        0x0 C:/Users/New/.pico-sdk/toolchain/13_2_Rel1/bin/../lib/gcc/arm-none-eabi/13.2.1/thumb/v8-m.main+fp/softfp\libgcc.a(_udivmoddi4.o)
                                  0x8 (size before relaxing)
                0x10012200                        __exidx_end = .
                0x10012200                        . = ALIGN (0x4)
                0x10012200                        __binary_info_start = .

.binary_info    0x10012200       0x20
 *(.binary_info.keep.*)
 .binary_info.keep.__bi_ptr84
                0x10012200        0x4 CMakeFiles/pico-rk86.dir/C_/Users/New/.pico-sdk/sdk/2.0.0/src/rp2_common/pico_standard_binary_info/standard_binary_info.c.obj
 .binary_info.keep.__bi_ptr60
                0x10012204        0x4 CMakeFiles/pico-rk86.dir/C_/Users/New/.pico-sdk/sdk/2.0.0/src/rp2_common/pico_standard_binary_info/standard_binary_info.c.obj
 .binary_info.keep.__bi_ptr54
                0x10012208        0x4 CMakeFiles/pico-rk86.dir/C_/Users/New/.pico-sdk/sdk/2.0.0/src/rp2_common/pico_standard_binary_info/standard_binary_info.c.obj
 .binary_info.keep.__bi_ptr48
                0x1001220c        0x4 CMakeFiles/pico-rk86.dir/C_/Users/New/.pico-sdk/sdk/2.0.0/src/rp2_common/pico_standard_binary_info/standard_binary_info.c.obj
 .binary_info.keep.__bi_ptr42
                0x10012210        0x4 CMakeFiles/pico-rk86.dir/C_/Users/New/.pico-sdk/sdk/2.0.0/src/rp2_common/pico_standard_binary_info/standard_binary_info.c.obj
 .binary_info.keep.__bi_ptr34
                0x10012214        0x4 CMakeFiles/pico-rk86.dir/C_/Users/New/.pico-sdk/sdk/2.0.0/src/rp2_common/pico_standard_binary_info/standard_binary_info.c.obj
 .binary_info.keep.__bi_ptr26
                0x10012218        0x4 CMakeFiles/pico-rk86.dir/C_/Users/New/.pico-sdk/sdk/2.0.0/src/rp2_common/pico_standard_binary_info/standard_binary_info.c.obj
 .binary_info.keep.__bi_ptr147
                0x1001221c        0x4 CMakeFiles/pico-rk86.dir/C_/Users/New/.pico-sdk/sdk/2.0.0/lib/tinyusb/hw/bsp/rp2040/family.c.obj
 *(.binary_info.*)
                0x10012220                        __binary_info_end = .

.rel.dyn        0x10012220        0x0
 .rel.iplt      0x10012220        0x0 C:/Users/New/.pico-sdk/toolchain/13_2_Rel1/bin/../lib/gcc/arm-none-eabi/13.2.1/thumb/v8-m.main+fp/softfp/crtfastmath.o
                0x10012220                        . = ALIGN (0x4)

.ram_vector_table
                0x20000000      0x110
 *(.ram_vector_table)
 .ram_vector_table
                0x20000000      0x110 CMakeFiles/pico-rk86.dir/C_/Users/New/.pico-sdk/sdk/2.0.0/src/rp2_common/pico_runtime_init/runtime_init.c.obj
                0x20000000                ram_vector_table

.data           0x20000110     0x1818 load address 0x10012220
                0x20000110                        __data_start__ = .
 *(vtable)
 *(.time_critical*)
 .time_critical.render_core
                0x20000110       0x70 CMakeFiles/pico-rk86.dir/src/main.cpp.obj
                0x20000110                render_core()
 .time_critical.sem_acquire_blocking
                0x20000180       0x74 CMakeFiles/pico-rk86.dir/C_/Users/New/.pico-sdk/sdk/2.0.0/src/common/pico_sync/sem.c.obj
                0x20000180                sem_acquire_blocking
 .time_critical.sem_release
                0x200001f4       0x5c CMakeFiles/pico-rk86.dir/C_/Users/New/.pico-sdk/sdk/2.0.0/src/common/pico_sync/sem.c.obj
                0x200001f4                sem_release
 .time_critical.mutex_enter_blocking
                0x20000250       0x80 CMakeFiles/pico-rk86.dir/C_/Users/New/.pico-sdk/sdk/2.0.0/src/common/pico_sync/mutex.c.obj
                0x20000250                mutex_enter_blocking
 .time_critical.mutex_enter_block_until
                0x200002d0       0x70 CMakeFiles/pico-rk86.dir/C_/Users/New/.pico-sdk/sdk/2.0.0/src/common/pico_sync/mutex.c.obj
                0x200002d0                mutex_enter_block_until
 .time_critical.mutex_try_enter_block_until
                0x20000340       0x6c CMakeFiles/pico-rk86.dir/C_/Users/New/.pico-sdk/sdk/2.0.0/src/common/pico_sync/mutex.c.obj
                0x20000340                mutex_try_enter_block_until
 .time_critical.mutex_exit
                0x200003ac       0x3c CMakeFiles/pico-rk86.dir/C_/Users/New/.pico-sdk/sdk/2.0.0/src/common/pico_sync/mutex.c.obj
                0x200003ac                mutex_exit
 .time_critical.spi_write_read_blocking
                0x200003e8       0x68 CMakeFiles/pico-rk86.dir/C_/Users/New/.pico-sdk/sdk/2.0.0/src/rp2_common/hardware_spi/spi.c.obj
                0x200003e8                spi_write_read_blocking
 .time_critical.spi_write_blocking
                0x20000450       0x90 CMakeFiles/pico-rk86.dir/C_/Users/New/.pico-sdk/sdk/2.0.0/src/rp2_common/hardware_spi/spi.c.obj
                0x20000450                spi_write_blocking
 .time_critical.spi_read_blocking
                0x200004e0       0x68 CMakeFiles/pico-rk86.dir/C_/Users/New/.pico-sdk/sdk/2.0.0/src/rp2_common/hardware_spi/spi.c.obj
                0x200004e0                spi_read_blocking
 .time_critical.multicore_lockout_handler
                0x20000548       0x78 CMakeFiles/pico-rk86.dir/C_/Users/New/.pico-sdk/sdk/2.0.0/src/rp2_common/pico_multicore/multicore.c.obj
 .time_critical.
                0x200005c0      0x494 CMakeFiles/pico-rk86.dir/drivers/vga-nextgen/vga.c.obj
                0x200005c0                dma_handler_VGA
 *(.text*)
 .text          0x20000a54      0x378 C:/Users/New/.pico-sdk/toolchain/13_2_Rel1/bin/../lib/gcc/arm-none-eabi/13.2.1/thumb/v8-m.main+fp/softfp\libgcc.a(_arm_addsubdf3.o)
                0x20000a54                __aeabi_drsub
                0x20000a5c                __aeabi_dsub
                0x20000a5c                __subdf3
                0x20000a60                __aeabi_dadd
                0x20000a60                __adddf3
                0x20000cd8                __floatunsidf
                0x20000cd8                __aeabi_ui2d
                0x20000cf8                __floatsidf
                0x20000cf8                __aeabi_i2d
                0x20000d1c                __aeabi_f2d
                0x20000d1c                __extendsfdf2
                0x20000d60                __floatundidf
                0x20000d60                __aeabi_ul2d
                0x20000d70                __floatdidf
                0x20000d70                __aeabi_l2d
 .text          0x20000dcc       0x30 C:/Users/New/.pico-sdk/toolchain/13_2_Rel1/bin/../lib/gcc/arm-none-eabi/13.2.1/thumb/v8-m.main+fp/softfp\libgcc.a(_aeabi_uldivmod.o)
                0x20000dcc                __aeabi_uldivmod
 .text.__udivmoddi4
                0x20000dfc      0x300 C:/Users/New/.pico-sdk/toolchain/13_2_Rel1/bin/../lib/gcc/arm-none-eabi/13.2.1/thumb/v8-m.main+fp/softfp\libgcc.a(_udivmoddi4.o)
                0x20000dfc                __udivmoddi4
 .text          0x200010fc        0x4 C:/Users/New/.pico-sdk/toolchain/13_2_Rel1/bin/../lib/gcc/arm-none-eabi/13.2.1/thumb/v8-m.main+fp/softfp\libgcc.a(_dvmd_tls.o)
                0x200010fc                __aeabi_idiv0
                0x200010fc                __aeabi_ldiv0
 .text.__stub   0x20001100       0x50 linker stubs
                0x20001150                        . = ALIGN (0x4)
 *(.rodata*)
                0x20001150                        . = ALIGN (0x4)
 *(.data*)
 .data.BASE_DIR
                0x20001150       0x80 CMakeFiles/pico-rk86.dir/src/ffs.c.obj
                0x20001150                BASE_DIR
 .data._ZL17i8080_takts_in_ms
                0x200011d0        0x4 CMakeFiles/pico-rk86.dir/src/main.cpp.obj
 .data.kmap     0x200011d4      0x110 CMakeFiles/pico-rk86.dir/src/ps2_codes.c.obj
 .data.WII_Device_Type
                0x200012e4        0x1 CMakeFiles/pico-rk86.dir/src/util_Wii_Joy.c.obj
                0x200012e4                WII_Device_Type
 .data.WII_Data_Format
                0x200012e5        0x1 CMakeFiles/pico-rk86.dir/src/util_Wii_Joy.c.obj
                0x200012e5                WII_Data_Format
 .data.mods     0x200012e6        0x1 CMakeFiles/pico-rk86.dir/src/vv55_i.c.obj
 .data.striped_spin_lock_num
                0x200012e7        0x1 CMakeFiles/pico-rk86.dir/C_/Users/New/.pico-sdk/sdk/2.0.0/src/rp2_common/hardware_sync/sync.c.obj
 .data          0x200012e8       0x48 CMakeFiles/pico-rk86.dir/C_/Users/New/.pico-sdk/sdk/2.0.0/src/rp2_common/hardware_irq/irq_handler_chain.S.obj
                0x200012e8                irq_handler_chain_slots
                0x20001318                irq_handler_chain_first_slot
                0x20001322                irq_handler_chain_remove_tail
 .data.default_alarm_pool
                0x20001330       0x18 CMakeFiles/pico-rk86.dir/C_/Users/New/.pico-sdk/sdk/2.0.0/src/common/pico_time/time.c.obj
 .data.Stat     0x20001348        0x1 CMakeFiles/pico-rk86.dir/drivers/sdcard/sdcard.c.obj
 *fill*         0x20001349        0x3 
 .data.read32_command
                0x2000134c        0x7 CMakeFiles/pico-rk86.dir/drivers/psram/psram_spi.c.obj
 *fill*         0x20001353        0x1 
 .data.write32_command
                0x20001354        0xa CMakeFiles/pico-rk86.dir/drivers/psram/psram_spi.c.obj
 .data._ZL2sm   0x2000135e        0x1 CMakeFiles/pico-rk86.dir/drivers/nespad/nespad.cpp.obj
 *fill*         0x2000135f        0x1 
 .data.i2c1_inst
                0x20001360        0x8 CMakeFiles/pico-rk86.dir/C_/Users/New/.pico-sdk/sdk/2.0.0/src/rp2_common/hardware_i2c/i2c.c.obj
                0x20001360                i2c1_inst
 .data.i2c0_inst
                0x20001368        0x8 CMakeFiles/pico-rk86.dir/C_/Users/New/.pico-sdk/sdk/2.0.0/src/rp2_common/hardware_i2c/i2c.c.obj
                0x20001368                i2c0_inst
 .data.pl.1     0x20001370        0x4 CMakeFiles/pico-rk86.dir/drivers/vga-nextgen/vga.c.obj
 .data.visible_line_size
                0x20001374        0x4 CMakeFiles/pico-rk86.dir/drivers/vga-nextgen/vga.c.obj
 .data.line_VS_end
                0x20001378        0x4 CMakeFiles/pico-rk86.dir/drivers/vga-nextgen/vga.c.obj
 .data.line_VS_begin
                0x2000137c        0x4 CMakeFiles/pico-rk86.dir/drivers/vga-nextgen/vga.c.obj
 .data.N_lines_visible
                0x20001380        0x4 CMakeFiles/pico-rk86.dir/drivers/vga-nextgen/vga.c.obj
 .data.N_lines_total
                0x20001384        0x4 CMakeFiles/pico-rk86.dir/drivers/vga-nextgen/vga.c.obj
 .data._SM_VGA  0x20001388        0x4 CMakeFiles/pico-rk86.dir/drivers/vga-nextgen/vga.c.obj
 .data.pio_program_VGA_instructions
                0x2000138c        0x2 CMakeFiles/pico-rk86.dir/drivers/vga-nextgen/vga.c.obj
                0x2000138c                pio_program_VGA_instructions
 .data.paletteId
                0x2000138e        0x1 CMakeFiles/pico-rk86.dir/drivers/vga-nextgen/vga.c.obj
                0x2000138e                paletteId
 *fill*         0x2000138f        0x1 
 .data.__malloc_sbrk_base
                0x20001390        0x4 C:/Users/New/.pico-sdk/toolchain/13_2_Rel1/bin/../lib/gcc/arm-none-eabi/13.2.1/thumb/v8-m.main+fp/softfp\libg.a(libc_a-mallocr.o)
                0x20001390                __malloc_sbrk_base
 .data.__malloc_trim_threshold
                0x20001394        0x4 C:/Users/New/.pico-sdk/toolchain/13_2_Rel1/bin/../lib/gcc/arm-none-eabi/13.2.1/thumb/v8-m.main+fp/softfp\libg.a(libc_a-mallocr.o)
                0x20001394                __malloc_trim_threshold
 .data.__malloc_av_
                0x20001398      0x408 C:/Users/New/.pico-sdk/toolchain/13_2_Rel1/bin/../lib/gcc/arm-none-eabi/13.2.1/thumb/v8-m.main+fp/softfp\libg.a(libc_a-mallocr.o)
                0x20001398                __malloc_av_
 .data._impure_ptr
                0x200017a0        0x4 C:/Users/New/.pico-sdk/toolchain/13_2_Rel1/bin/../lib/gcc/arm-none-eabi/13.2.1/thumb/v8-m.main+fp/softfp\libg.a(libc_a-impure.o)
                0x200017a0                _impure_ptr
 *fill*         0x200017a4        0x4 
 .data._impure_data
                0x200017a8      0x120 C:/Users/New/.pico-sdk/toolchain/13_2_Rel1/bin/../lib/gcc/arm-none-eabi/13.2.1/thumb/v8-m.main+fp/softfp\libg.a(libc_a-impure.o)
                0x200017a8                _impure_data
                0x200018c8                        . = ALIGN (0x4)
 *(.after_data.*)
                0x200018c8                        . = ALIGN (0x4)
                0x200018c8                        PROVIDE (__mutex_array_start = .)
 *(SORT_BY_NAME(.mutex_array.*))
 *(.mutex_array)
 .mutex_array   0x200018c8        0x8 CMakeFiles/pico-rk86.dir/C_/Users/New/.pico-sdk/sdk/2.0.0/src/rp2_common/pico_malloc/malloc.c.obj
 .mutex_array   0x200018d0        0x8 CMakeFiles/pico-rk86.dir/C_/Users/New/.pico-sdk/sdk/2.0.0/src/rp2_common/pico_stdio/stdio.c.obj
                0x200018d8                        PROVIDE (__mutex_array_end = .)
                0x200018d8                        . = ALIGN (0x4)
                0x200018d8                        PROVIDE (__preinit_array_start = .)
 *(SORT_BY_NAME(.preinit_array.*))
 .preinit_array.00050
                0x200018d8        0x4 CMakeFiles/pico-rk86.dir/C_/Users/New/.pico-sdk/sdk/2.0.0/src/rp2_common/pico_runtime_init/runtime_init.c.obj
                0x200018d8                __pre_init_runtime_init_bootrom_reset
 .preinit_array.00100
                0x200018dc        0x4 CMakeFiles/pico-rk86.dir/C_/Users/New/.pico-sdk/sdk/2.0.0/src/rp2_common/pico_runtime_init/runtime_init.c.obj
                0x200018dc                __pre_init_runtime_init_early_resets
 .preinit_array.00101
                0x200018e0        0x4 CMakeFiles/pico-rk86.dir/C_/Users/New/.pico-sdk/sdk/2.0.0/src/rp2_common/pico_runtime_init/runtime_init.c.obj
                0x200018e0                __pre_init_runtime_init_usb_power_down
 .preinit_array.00500
                0x200018e4        0x4 CMakeFiles/pico-rk86.dir/C_/Users/New/.pico-sdk/sdk/2.0.0/src/rp2_common/pico_runtime_init/runtime_init.c.obj
                0x200018e4                __pre_init_runtime_init_clocks
 .preinit_array.00600
                0x200018e8        0x4 CMakeFiles/pico-rk86.dir/C_/Users/New/.pico-sdk/sdk/2.0.0/src/rp2_common/pico_runtime_init/runtime_init.c.obj
                0x200018e8                __pre_init_runtime_init_post_clock_resets
 .preinit_array.01000
                0x200018ec        0x4 CMakeFiles/pico-rk86.dir/C_/Users/New/.pico-sdk/sdk/2.0.0/src/rp2_common/pico_runtime_init/runtime_init.c.obj
                0x200018ec                __pre_init_runtime_init_spin_locks_reset
 .preinit_array.01000
                0x200018f0        0x4 CMakeFiles/pico-rk86.dir/C_/Users/New/.pico-sdk/sdk/2.0.0/src/rp2_common/hardware_boot_lock/boot_lock.c.obj
                0x200018f0                __pre_init_runtime_init_boot_locks_reset
 .preinit_array.01010
                0x200018f4        0x4 CMakeFiles/pico-rk86.dir/C_/Users/New/.pico-sdk/sdk/2.0.0/src/rp2_common/pico_bootrom/bootrom_lock.c.obj
                0x200018f4                __pre_init_runtime_init_bootrom_locking_enable
 .preinit_array.01100
                0x200018f8        0x4 CMakeFiles/pico-rk86.dir/C_/Users/New/.pico-sdk/sdk/2.0.0/src/common/pico_sync/mutex.c.obj
                0x200018f8                __pre_init_runtime_init_mutex
 .preinit_array.10080
                0x200018fc        0x4 CMakeFiles/pico-rk86.dir/C_/Users/New/.pico-sdk/sdk/2.0.0/src/rp2_common/pico_runtime_init/runtime_init.c.obj
                0x200018fc                __pre_init_runtime_init_install_ram_vector_table
 .preinit_array.11000
                0x20001900        0x4 CMakeFiles/pico-rk86.dir/C_/Users/New/.pico-sdk/sdk/2.0.0/src/common/pico_time/time.c.obj
                0x20001900                __pre_init_runtime_init_default_alarm_pool
 .preinit_array.YYYYY
                0x20001904        0x4 CMakeFiles/pico-rk86.dir/C_/Users/New/.pico-sdk/sdk/2.0.0/src/rp2_common/pico_runtime/runtime.c.obj
                0x20001904                __pre_init_first_per_core_initializer
 .preinit_array.ZZZZZ.00051
                0x20001908        0x4 CMakeFiles/pico-rk86.dir/C_/Users/New/.pico-sdk/sdk/2.0.0/src/rp2_common/pico_runtime_init/runtime_init.c.obj
                0x20001908                __pre_init_runtime_init_per_core_bootrom_reset
 .preinit_array.ZZZZZ.00200
                0x2000190c        0x4 CMakeFiles/pico-rk86.dir/C_/Users/New/.pico-sdk/sdk/2.0.0/src/rp2_common/pico_runtime_init/runtime_init.c.obj
                0x2000190c                __pre_init_runtime_init_per_core_enable_coprocessors
 .preinit_array.ZZZZZ.01000
                0x20001910        0x4 CMakeFiles/pico-rk86.dir/C_/Users/New/.pico-sdk/sdk/2.0.0/src/rp2_common/hardware_sync_spin_lock/sync_spin_lock.c.obj
                0x20001910                __pre_init_spinlock_set_extexclall
 .preinit_array.ZZZZZ.01200
                0x20001914        0x4 CMakeFiles/pico-rk86.dir/C_/Users/New/.pico-sdk/sdk/2.0.0/src/rp2_common/hardware_irq/irq.c.obj
                0x20001914                __pre_init_runtime_init_per_core_irq_priorities
 *(.preinit_array)
                0x20001918                        PROVIDE (__preinit_array_end = .)
                0x20001918                        . = ALIGN (0x4)
                0x20001918                        PROVIDE (__init_array_start = .)
 *(SORT_BY_NAME(.init_array.*))
 *(.init_array)
 .init_array    0x20001918        0x4 C:/Users/New/.pico-sdk/toolchain/13_2_Rel1/bin/../lib/gcc/arm-none-eabi/13.2.1/thumb/v8-m.main+fp/softfp/crtfastmath.o
 .init_array    0x2000191c        0x4 C:/Users/New/.pico-sdk/toolchain/13_2_Rel1/bin/../lib/gcc/arm-none-eabi/13.2.1/thumb/v8-m.main+fp/softfp/crtbegin.o
 .init_array    0x20001920        0x4 CMakeFiles/pico-rk86.dir/src/main.cpp.obj
 .init_array    0x20001924        0x4 CMakeFiles/pico-rk86.dir/C_/Users/New/.pico-sdk/sdk/2.0.0/src/rp2_common/pico_unique_id/unique_id.c.obj
                0x20001928                        PROVIDE (__init_array_end = .)
                0x20001928                        . = ALIGN (0x4)
                [!provide]                        PROVIDE (__fini_array_start = .)
 *(SORT_BY_NAME(.fini_array.*))
 *(.fini_array)
                [!provide]                        PROVIDE (__fini_array_end = .)
 *(.jcr)
                0x20001928                        . = ALIGN (0x4)
                0x20001928                        __data_end__ = .
                0x10012220                        __etext = LOADADDR (.data)

.igot.plt       0x20001928        0x0 load address 0x10013a38
 .igot.plt      0x20001928        0x0 C:/Users/New/.pico-sdk/toolchain/13_2_Rel1/bin/../lib/gcc/arm-none-eabi/13.2.1/thumb/v8-m.main+fp/softfp/crtfastmath.o

.tm_clone_table
                0x20001928        0x0 load address 0x10013a38
 .tm_clone_table
                0x20001928        0x0 C:/Users/New/.pico-sdk/toolchain/13_2_Rel1/bin/../lib/gcc/arm-none-eabi/13.2.1/thumb/v8-m.main+fp/softfp/crtbegin.o
 .tm_clone_table
                0x20001928        0x0 C:/Users/New/.pico-sdk/toolchain/13_2_Rel1/bin/../lib/gcc/arm-none-eabi/13.2.1/thumb/v8-m.main+fp/softfp/crtend.o

.uninitialized_data
                0x20001928        0x0 load address 0x10013a38
                0x20001928                        . = ALIGN (0x4)
 *(.uninitialized_data*)

.scratch_x      0x20040000        0x0 load address 0x10013a38
                0x20040000                        __scratch_x_start__ = .
 *(.scratch_x.*)
                0x20040000                        . = ALIGN (0x4)
                0x20040000                        __scratch_x_end__ = .
                0x10013a38                        __scratch_x_source__ = LOADADDR (.scratch_x)

.scratch_y      0x20041000        0x0 load address 0x10013a38
                0x20041000                        __scratch_y_start__ = .
 *(.scratch_y.*)
                0x20041000                        . = ALIGN (0x4)
                0x20041000                        __scratch_y_end__ = .
                0x10013a38                        __scratch_y_source__ = LOADADDR (.scratch_y)

.bss            0x20001928    0x1a4e0
                0x20001928                        . = ALIGN (0x4)
                0x20001928                        __bss_start__ = .
 *(SORT_BY_ALIGNMENT(SORT_BY_NAME(.bss*)))
 .bss.config    0x20001928        0xc CMakeFiles/pico-rk86.dir/src/main.cpp.obj
                0x20001928                config
 *fill*         0x20001934        0x4 
 .bss.default_alarm_pool_entries
                0x20001938      0x180 CMakeFiles/pico-rk86.dir/C_/Users/New/.pico-sdk/sdk/2.0.0/src/common/pico_time/time.c.obj
 .bss.files_info
                0x20001ab8     0xabe0 CMakeFiles/pico-rk86.dir/src/fileman.c.obj
                0x20001ab8                files_info
 .bss.DirBuf    0x2000c698      0x260 CMakeFiles/pico-rk86.dir/drivers/fatfs/ff.c.obj
 .bss.FatFs     0x2000c8f8        0x4 CMakeFiles/pico-rk86.dir/drivers/fatfs/ff.c.obj
 .bss.LfnBuf    0x2000c8fc      0x200 CMakeFiles/pico-rk86.dir/drivers/fatfs/ff.c.obj
 .bss.RAM       0x2000cafc     0x8000 CMakeFiles/pico-rk86.dir/src/i8080_hal.c.obj
                0x2000cafc                RAM
 .bss.RAM2      0x20014afc     0x2000 CMakeFiles/pico-rk86.dir/src/i8080_hal.c.obj
                0x20014afc                RAM2
 .bss.ROM       0x20016afc     0x1800 CMakeFiles/pico-rk86.dir/src/i8080_hal.c.obj
                0x20016afc                ROM
 .bss.WII_Calibrate
                0x200182fc       0x15 CMakeFiles/pico-rk86.dir/src/util_Wii_Joy.c.obj
                0x200182fc                WII_Calibrate
 *fill*         0x20018311        0x3 
 .bss.WII_Data  0x20018314       0x15 CMakeFiles/pico-rk86.dir/src/util_Wii_Joy.c.obj