Archive member included to satisfy reference by file (symbol)

C:/Users/New/.pico-sdk/toolchain/13_2_Rel1/bin/../lib/gcc/arm-none-eabi/13.2.1/thumb/v8-m.main+fp/softfp\libstdc++.a(tree.o)
                              CMakeFiles/pico2-rk86.dir/src/rk_2_at.cpp.obj (std::_Rb_tree_increment(std::_Rb_tree_node_base*))
C:/Users/New/.pico-sdk/toolchain/13_2_Rel1/bin/../lib/gcc/arm-none-eabi/13.2.1/thumb/v8-m.main+fp/softfp\libgcc.a(_arm_addsubdf3.o)
                              CMakeFiles/pico2-rk86.dir/src/main.c.obj (__aeabi_f2d)
C:/Users/New/.pico-sdk/toolchain/13_2_Rel1/bin/../lib/gcc/arm-none-eabi/13.2.1/thumb/v8-m.main+fp/softfp\libgcc.a(_aeabi_ldivmod.o)
                              CMakeFiles/pico2-rk86.dir/C_/Users/New/.pico-sdk/sdk/2.0.0/src/common/pico_time/time.c.obj (__aeabi_ldivmod)
C:/Users/New/.pico-sdk/toolchain/13_2_Rel1/bin/../lib/gcc/arm-none-eabi/13.2.1/thumb/v8-m.main+fp/softfp\libgcc.a(_aeabi_uldivmod.o)
                              CMakeFiles/pico2-rk86.dir/C_/Users/New/.pico-sdk/sdk/2.0.0/src/rp2_common/hardware_clocks/clocks.c.obj (__aeabi_uldivmod)
C:/Users/New/.pico-sdk/toolchain/13_2_Rel1/bin/../lib/gcc/arm-none-eabi/13.2.1/thumb/v8-m.main+fp/softfp\libgcc.a(_udivmoddi4.o)
                              C:/Users/New/.pico-sdk/toolchain/13_2_Rel1/bin/../lib/gcc/arm-none-eabi/13.2.1/thumb/v8-m.main+fp/softfp\libgcc.a(_aeabi_ldivmod.o) (__udivmoddi4)
C:/Users/New/.pico-sdk/toolchain/13_2_Rel1/bin/../lib/gcc/arm-none-eabi/13.2.1/thumb/v8-m.main+fp/softfp\libgcc.a(_dvmd_tls.o)
                              C:/Users/New/.pico-sdk/toolchain/13_2_Rel1/bin/../lib/gcc/arm-none-eabi/13.2.1/thumb/v8-m.main+fp/softfp\libgcc.a(_aeabi_ldivmod.o) (__aeabi_ldiv0)
C:/Users/New/.pico-sdk/toolchain/13_2_Rel1/bin/../lib/gcc/arm-none-eabi/13.2.1/thumb/v8-m.main+fp/softfp\libg.a(libc_a-calloc.o)
                              CMakeFiles/pico2-rk86.dir/C_/Users/New/.pico-sdk/sdk/2.0.0/src/rp2_common/pico_malloc/malloc.c.obj (calloc)
C:/Users/New/.pico-sdk/toolchain/13_2_Rel1/bin/../lib/gcc/arm-none-eabi/13.2.1/thumb/v8-m.main+fp/softfp\libg.a(libc_a-callocr.o)
                              C:/Users/New/.pico-sdk/toolchain/13_2_Rel1/bin/../lib/gcc/arm-none-eabi/13.2.1/thumb/v8-m.main+fp/softfp\libg.a(libc_a-calloc.o) (_calloc_r)
C:/Users/New/.pico-sdk/toolchain/13_2_Rel1/bin/../lib/gcc/arm-none-eabi/13.2.1/thumb/v8-m.main+fp/softfp\libg.a(libc_a-malloc.o)
                              CMakeFiles/pico2-rk86.dir/C_/Users/New/.pico-sdk/sdk/2.0.0/src/rp2_common/pico_malloc/malloc.c.obj (malloc)
C:/Users/New/.pico-sdk/toolchain/13_2_Rel1/bin/../lib/gcc/arm-none-eabi/13.2.1/thumb/v8-m.main+fp/softfp\libg.a(libc_a-mallocr.o)
                              C:/Users/New/.pico-sdk/toolchain/13_2_Rel1/bin/../lib/gcc/arm-none-eabi/13.2.1/thumb/v8-m.main+fp/softfp\libg.a(libc_a-callocr.o) (_malloc_r)
C:/Users/New/.pico-sdk/toolchain/13_2_Rel1/bin/../lib/gcc/arm-none-eabi/13.2.1/thumb/v8-m.main+fp/softfp\libg.a(libc_a-mlock.o)
                              C:/Users/New/.pico-sdk/toolchain/13_2_Rel1/bin/../lib/gcc/arm-none-eabi/13.2.1/thumb/v8-m.main+fp/softfp\libg.a(libc_a-mallocr.o) (__malloc_lock)
C:/Users/New/.pico-sdk/toolchain/13_2_Rel1/bin/../lib/gcc/arm-none-eabi/13.2.1/thumb/v8-m.main+fp/softfp\libg.a(libc_a-realloc.o)
                              CMakeFiles/pico2-rk86.dir/C_/Users/New/.pico-sdk/sdk/2.0.0/src/rp2_common/pico_malloc/malloc.c.obj (realloc)
C:/Users/New/.pico-sdk/toolchain/13_2_Rel1/bin/../lib/gcc/arm-none-eabi/13.2.1/thumb/v8-m.main+fp/softfp\libg.a(libc_a-reallocr.o)
                              C:/Users/New/.pico-sdk/toolchain/13_2_Rel1/bin/../lib/gcc/arm-none-eabi/13.2.1/thumb/v8-m.main+fp/softfp\libg.a(libc_a-realloc.o) (_realloc_r)
C:/Users/New/.pico-sdk/toolchain/13_2_Rel1/bin/../lib/gcc/arm-none-eabi/13.2.1/thumb/v8-m.main+fp/softfp\libg.a(libc_a-qsort.o)
                              CMakeFiles/pico2-rk86.dir/src/fileman.c.obj (qsort)
C:/Users/New/.pico-sdk/toolchain/13_2_Rel1/bin/../lib/gcc/arm-none-eabi/13.2.1/thumb/v8-m.main+fp/softfp\libg.a(libc_a-memcmp.o)
                              CMakeFiles/pico2-rk86.dir/src/util_Wii_Joy.c.obj (memcmp)
C:/Users/New/.pico-sdk/toolchain/13_2_Rel1/bin/../lib/gcc/arm-none-eabi/13.2.1/thumb/v8-m.main+fp/softfp\libg.a(libc_a-memmove.o)
                              C:/Users/New/.pico-sdk/toolchain/13_2_Rel1/bin/../lib/gcc/arm-none-eabi/13.2.1/thumb/v8-m.main+fp/softfp\libg.a(libc_a-reallocr.o) (memmove)
C:/Users/New/.pico-sdk/toolchain/13_2_Rel1/bin/../lib/gcc/arm-none-eabi/13.2.1/thumb/v8-m.main+fp/softfp\libg.a(libc_a-memset.o)
                              C:/Users/New/.pico-sdk/toolchain/13_2_Rel1/bin/../lib/gcc/arm-none-eabi/13.2.1/thumb/v8-m.main+fp/softfp/crt0.o (memset)
C:/Users/New/.pico-sdk/toolchain/13_2_Rel1/bin/../lib/gcc/arm-none-eabi/13.2.1/thumb/v8-m.main+fp/softfp\libg.a(libc_a-strchr.o)
                              CMakeFiles/pico2-rk86.dir/drivers/fatfs/ff.c.obj (strchr)
[...]
Memory Configuration

Name             Origin             Length             Attributes
FLASH            0x10000000         0x00400000         xr
RAM              0x20000000         0x00080000         xrw
SCRATCH_X        0x20080000         0x00001000         xrw
SCRATCH_Y        0x20081000         0x00001000         xrw
*default*        0x00000000         0xffffffff

Linker script and memory map

LOAD C:/Users/New/.pico-sdk/toolchain/13_2_Rel1/bin/../lib/gcc/arm-none-eabi/13.2.1/thumb/v8-m.main+fp/softfp/crti.o
LOAD C:/Users/New/.pico-sdk/toolchain/13_2_Rel1/bin/../lib/gcc/arm-none-eabi/13.2.1/thumb/v8-m.main+fp/softfp/crtbegin.o
LOAD C:/Users/New/.pico-sdk/toolchain/13_2_Rel1/bin/../lib/gcc/arm-none-eabi/13.2.1/thumb/v8-m.main+fp/softfp/crt0.o

.flash_begin    0x10000000        0x0
                0x10000000                        __flash_binary_start = .

.text           0x10000000    0x104a0
                0x10000000                        __logical_binary_start = .
 *(.vectors)
 .vectors       0x10000000      0x124 CMakeFiles/pico2-rk86.dir/C_/Users/New/.pico-sdk/sdk/2.0.0/src/rp2_common/pico_crt0/crt0.S.obj
                0x10000000                __VECTOR_TABLE
                0x10000000                __vectors
                0x10000110                __default_isrs_start
                0x10000110                isr_invalid
                0x10000112                isr_nmi
                0x10000114                isr_hardfault
                0x10000116                isr_svcall
                0x10000118                isr_pendsv
                0x1000011a                isr_systick
                0x1000011c                isr_irq31
                0x1000011c                isr_irq5
                0x1000011c                isr_irq11
                0x1000011c                isr_irq32
                0x1000011c                isr_irq23
                0x1000011c                isr_irq48
                0x1000011c                isr_irq35
                0x1000011c                isr_irq18
                0x1000011c                isr_irq50
                0x1000011c                isr_irq27
                0x1000011c                isr_irq40
                0x1000011c                isr_irq28
                0x1000011c                isr_irq19
                0x1000011c                isr_irq36
                0x1000011c                isr_irq41
                0x1000011c                isr_irq0
                0x1000011c                isr_irq6
                0x1000011c                isr_irq45
                0x1000011c                isr_irq12
                0x1000011c                isr_irq37
                0x1000011c                isr_irq42
                0x1000011c                isr_irq22
                0x1000011c                isr_irq43
                0x1000011c                isr_irq17
                0x1000011c                isr_irq38
                0x1000011c                isr_irq14
                0x1000011c                isr_irq13
                0x1000011c                isr_irq2
                0x1000011c                isr_irq10
                0x1000011c                isr_irq8
                0x1000011c                isr_irq24
                0x1000011c                isr_irq46
                0x1000011c                isr_irq1
                0x1000011c                isr_irq47
                0x1000011c                isr_irq51
                0x1000011c                isr_irq7
                0x1000011c                isr_irq21
                0x1000011c                isr_irq39
                0x1000011c                isr_irq20
                0x1000011c                isr_irq15
                0x1000011c                isr_irq25
                0x1000011c                isr_irq34
                0x1000011c                isr_irq49
                0x1000011c                __unhandled_user_irq
                0x1000011c                isr_irq4
                0x1000011c                isr_irq16
                0x1000011c                isr_irq44
                0x1000011c                isr_irq29
                0x1000011c                isr_irq26
                0x1000011c                __default_isrs_end
                0x1000011c                isr_irq33
                0x1000011c                isr_irq3
                0x1000011c                isr_irq30
                0x1000011c                isr_irq9
                0x10000122                unhandled_user_irq_num_in_r0
 *(.binary_info_header)
 .binary_info_header
                0x10000124       0x14 CMakeFiles/pico2-rk86.dir/C_/Users/New/.pico-sdk/sdk/2.0.0/src/rp2_common/pico_crt0/crt0.S.obj
                0x10000138                        __binary_info_header_end = .
 *(.embedded_block)
 .embedded_block
                0x10000138       0x14 CMakeFiles/pico2-rk86.dir/C_/Users/New/.pico-sdk/sdk/2.0.0/src/rp2_common/pico_crt0/crt0.S.obj
                0x1000014c                        __embedded_block_end = .
 *(.reset)
 .reset         0x1000014c       0xa0 CMakeFiles/pico2-rk86.dir/C_/Users/New/.pico-sdk/sdk/2.0.0/src/rp2_common/pico_crt0/crt0.S.obj
                0x1000014c                _entry_point
 *(.init)
 .init          0x100001ec        0x4 C:/Users/New/.pico-sdk/toolchain/13_2_Rel1/bin/../lib/gcc/arm-none-eabi/13.2.1/thumb/v8-m.main+fp/softfp/crti.o
                0x100001ec                _init
 *libgcc.a:cmse_nonsecure_call.o()
 *(EXCLUDE_FILE(*libm.a: *libc.a:*lib_a-mem*.o *libgcc.a:) .text*)
 .text.register_tm_clones
                0x100001f0       0x28 C:/Users/New/.pico-sdk/toolchain/13_2_Rel1/bin/../lib/gcc/arm-none-eabi/13.2.1/thumb/v8-m.main+fp/softfp/crtbegin.o
 .text.frame_dummy
                0x10000218       0x24 C:/Users/New/.pico-sdk/toolchain/13_2_Rel1/bin/../lib/gcc/arm-none-eabi/13.2.1/thumb/v8-m.main+fp/softfp/crtbegin.o
 .text.r_u8     0x1000023c       0x18 CMakeFiles/pico2-rk86.dir/src/align4.c.obj
                0x1000023c                r_u8
 .text.r_u16    0x10000254       0x1c CMakeFiles/pico2-rk86.dir/src/align4.c.obj
                0x10000254                r_u16
 .text.ets_memset
                0x10000270        0x4 CMakeFiles/pico2-rk86.dir/src/ets.c.obj
                0x10000270                ets_memset
 .text.ets_memcpy
                0x10000274        0x4 CMakeFiles/pico2-rk86.dir/src/ets.c.obj
                0x10000274                ets_memcpy
 .text.m_comp   0x10000278       0x28 CMakeFiles/pico2-rk86.dir/src/fileman.c.obj
 .text.fileman  0x100002a0      0x4a4 CMakeFiles/pico2-rk86.dir/src/fileman.c.obj
                0x100002a0                fileman
 .text.load_file
                0x10000744      0x160 CMakeFiles/pico2-rk86.dir/src/files.c.obj
                0x10000744                load_file
 .text.i8080_init
                0x100008a4       0x18 CMakeFiles/pico2-rk86.dir/src/i8080.c.obj
                0x100008a4                i8080_init
 .text.i8080_instruction
                0x100008bc     0x15dc CMakeFiles/pico2-rk86.dir/src/i8080.c.obj
                0x100008bc                i8080_instruction
 .text.i8080_jump
                0x10001e98        0xc CMakeFiles/pico2-rk86.dir/src/i8080.c.obj
                0x10001e98                i8080_jump
 .text.i8080_hal_memory_read_word
                0x10001ea4      0x144 CMakeFiles/pico2-rk86.dir/src/i8080_hal.c.obj
                0x10001ea4                i8080_hal_memory_read_word
 .text.i8080_hal_memory_write_word
                0x10001fe8      0x10c CMakeFiles/pico2-rk86.dir/src/i8080_hal.c.obj
                0x10001fe8                i8080_hal_memory_write_word
 .text.i8080_hal_memory_read_byte
                0x100020f4       0x90 CMakeFiles/pico2-rk86.dir/src/i8080_hal.c.obj
                0x100020f4                i8080_hal_memory_read_byte
 .text.i8080_hal_memory_write_byte
                0x10002184       0x80 CMakeFiles/pico2-rk86.dir/src/i8080_hal.c.obj
                0x10002184                i8080_hal_memory_write_byte
 .text.i8080_hal_io_input
                0x10002204        0x4 CMakeFiles/pico2-rk86.dir/src/i8080_hal.c.obj
                0x10002204                i8080_hal_io_input
 .text.i8080_hal_io_output
                0x10002208        0x4 CMakeFiles/pico2-rk86.dir/src/i8080_hal.c.obj
                0x10002208                i8080_hal_io_output
 .text.i8080_hal_iff
                0x1000220c       0x28 CMakeFiles/pico2-rk86.dir/src/i8080_hal.c.obj
                0x1000220c                i8080_hal_iff
 .text.i8080_hal_memory
                0x10002234        0x8 CMakeFiles/pico2-rk86.dir/src/i8080_hal.c.obj
                0x10002234                i8080_hal_memory
 .text.i8080_hal_init
                0x1000223c       0x38 CMakeFiles/pico2-rk86.dir/src/i8080_hal.c.obj
                0x1000223c                i8080_hal_init
 .text.handle_code
                0x10002274       0xb0 CMakeFiles/pico2-rk86.dir/src/keymap.c.obj
 .text.keymap_init
                0x10002324       0x90 CMakeFiles/pico2-rk86.dir/src/keymap.c.obj
                0x10002324                keymap_init
 .text.keymap_periodic
                0x100023b4       0x84 CMakeFiles/pico2-rk86.dir/src/keymap.c.obj
                0x100023b4                keymap_periodic
 .text.PWM_init_pin
                0x10002438       0x50 CMakeFiles/pico2-rk86.dir/src/main.c.obj
                0x10002438                PWM_init_pin
 .text.startup.main
                0x10002488      0x4f0 CMakeFiles/pico2-rk86.dir/src/main.c.obj
                0x10002488                main
 .text.menu_fileman
                0x10002978      0x140 CMakeFiles/pico2-rk86.dir/src/menu.c.obj
                0x10002978                menu_fileman
 .text.menu     0x10002ab8       0x94 CMakeFiles/pico2-rk86.dir/src/menu.c.obj
                0x10002ab8                menu
 .text.ps2_read
                0x10002b4c       0xac CMakeFiles/pico2-rk86.dir/src/ps2.c.obj
                0x10002b4c                ps2_read
 .text.ps2_leds
                0x10002bf8        0x4 CMakeFiles/pico2-rk86.dir/src/ps2.c.obj
                0x10002bf8                ps2_leds
 .text.ps2_sym  0x10002bfc       0x3c CMakeFiles/pico2-rk86.dir/src/ps2_codes.c.obj
                0x10002bfc                ps2_sym
 .text.rk_2_at  0x10002c38      0x1b8 CMakeFiles/pico2-rk86.dir/src/rk_2_at.cpp.obj
                0x10002c38                rk_2_at
 .text.rk_by_at
                0x10002df0       0x40 CMakeFiles/pico2-rk86.dir/src/rk_2_at.cpp.obj
                0x10002df0                rk_by_at
 .text.startup._GLOBAL__sub_I_rk_2_at
                0x10002e30       0x18 CMakeFiles/pico2-rk86.dir/src/rk_2_at.cpp.obj
 .text.stpcpy   0x10002e48       0x18 CMakeFiles/pico2-rk86.dir/src/str.c.obj
                0x10002e48                stpcpy
 .text.tape_in_bit
                0x10002e60       0x74 CMakeFiles/pico2-rk86.dir/src/tape.c.obj
 .text.tape_init
                0x10002ed4       0x30 CMakeFiles/pico2-rk86.dir/src/tape.c.obj
                0x10002ed4                tape_init
 .text.tape_in  0x10002f04      0x130 CMakeFiles/pico2-rk86.dir/src/tape.c.obj
                0x10002f04                tape_in
 .text.tape_out
                0x10003034      0x144 CMakeFiles/pico2-rk86.dir/src/tape.c.obj
                0x10003034                tape_out
 .text.tape_periodic
                0x10003178       0x60 CMakeFiles/pico2-rk86.dir/src/tape.c.obj
                0x10003178                tape_periodic
 .text.tape_save
                0x100031d8      0x140 CMakeFiles/pico2-rk86.dir/src/tape.c.obj
                0x100031d8                tape_save
 .text.tape_load
                0x10003318       0x70 CMakeFiles/pico2-rk86.dir/src/tape.c.obj
                0x10003318                tape_load
 .text.tv_init  0x10003388       0xd0 CMakeFiles/pico2-rk86.dir/src/tv.c.obj
                0x10003388                tv_init
 .text.ui_clear
                0x10003458       0x10 CMakeFiles/pico2-rk86.dir/src/ui.c.obj
                0x10003458                ui_clear
 .text.ui_header
                0x10003468       0xd8 CMakeFiles/pico2-rk86.dir/src/ui.c.obj
                0x10003468                ui_header
 .text.ui_draw_list
                0x10003540       0x60 CMakeFiles/pico2-rk86.dir/src/ui.c.obj
                0x10003540                ui_draw_list
 .text.ui_draw_text
                0x100035a0       0x5c CMakeFiles/pico2-rk86.dir/src/ui.c.obj
                0x100035a0                ui_draw_text
 .text.ui_select
                0x100035fc      0x154 CMakeFiles/pico2-rk86.dir/src/ui.c.obj
                0x100035fc                ui_select
 .text.ui_input_text
                0x10003750      0x1bc CMakeFiles/pico2-rk86.dir/src/ui.c.obj
                0x10003750                ui_input_text
 .text.ui_yes_no
                0x1000390c       0xcc CMakeFiles/pico2-rk86.dir/src/ui.c.obj
                0x1000390c                ui_yes_no
 .text.ui_start
                0x100039d8       0x54 CMakeFiles/pico2-rk86.dir/src/ui.c.obj
                0x100039d8                ui_start
 .text.ui_stop  0x10003a2c       0x30 CMakeFiles/pico2-rk86.dir/src/ui.c.obj
                0x10003a2c                ui_stop
 .text.ui_sleep
                0x10003a5c        0x4 CMakeFiles/pico2-rk86.dir/src/ui.c.obj
                0x10003a5c                ui_sleep
 .text.Init_Wii_Joystick
                0x10003a60      0x13c CMakeFiles/pico2-rk86.dir/src/util_Wii_Joy.c.obj
                0x10003a60                Init_Wii_Joystick
 .text.Wii_decode_joy2
                0x10003b9c      0x34c CMakeFiles/pico2-rk86.dir/src/util_Wii_Joy.c.obj
                0x10003b9c                Wii_decode_joy2
 .text.Wii_decode_joy
                0x10003ee8       0x30 CMakeFiles/pico2-rk86.dir/src/util_Wii_Joy.c.obj
                0x10003ee8                Wii_decode_joy
 .text.vg75_external_end_of_screen
                0x10003f18       0x1c CMakeFiles/pico2-rk86.dir/src/vg75.c.obj
                0x10003f18                vg75_external_end_of_screen
 .text.vg75_init
                0x10003f34       0xa8 CMakeFiles/pico2-rk86.dir/src/vg75.c.obj
                0x10003f34                vg75_init
 .text.vg75_overlay
                0x10003fdc       0x84 CMakeFiles/pico2-rk86.dir/src/vg75.c.obj
                0x10003fdc                vg75_overlay
 .text.vg75_W   0x10004060       0xe4 CMakeFiles/pico2-rk86.dir/src/vg75.c.obj
                0x10004060                vg75_W
 .text.vg75_R   0x10004144       0x14 CMakeFiles/pico2-rk86.dir/src/vg75.c.obj
                0x10004144                vg75_R
 .text.ik57_W   0x10004158       0x4c CMakeFiles/pico2-rk86.dir/src/vg75.c.obj
                0x10004158                ik57_W
 .text.kbd_init
                0x100041a4       0x10 CMakeFiles/pico2-rk86.dir/src/vv55_i.c.obj
                0x100041a4                kbd_init
 .text.kbd_press
                0x100041b4       0x30 CMakeFiles/pico2-rk86.dir/src/vv55_i.c.obj
                0x100041b4                kbd_press
 .text.kbd_release
                0x100041e4       0x2c CMakeFiles/pico2-rk86.dir/src/vv55_i.c.obj
                0x100041e4                kbd_release
 .text.kbd_releaseAll
                0x10004210       0x24 CMakeFiles/pico2-rk86.dir/src/vv55_i.c.obj
                0x10004210                kbd_releaseAll
 .text.kbd_rus  0x10004234       0x10 CMakeFiles/pico2-rk86.dir/src/vv55_i.c.obj
                0x10004234                kbd_rus
 .text.kbd_ss   0x10004244       0x14 CMakeFiles/pico2-rk86.dir/src/vv55_i.c.obj
                0x10004244                kbd_ss
 .text.vv55_i_W
                0x10004258       0x58 CMakeFiles/pico2-rk86.dir/src/vv55_i.c.obj
                0x10004258                vv55_i_W
 .text.vv55_i_R
                0x100042b0       0x94 CMakeFiles/pico2-rk86.dir/src/vv55_i.c.obj
                0x100042b0                vv55_i_R
 .text.number   0x10004344      0x1b4 CMakeFiles/pico2-rk86.dir/src/xprintf.c.obj
 .text.xvsprintf
                0x100044f8      0x968 CMakeFiles/pico2-rk86.dir/src/xprintf.c.obj
                0x100044f8                xvsprintf
 .text.xsprintf
                0x10004e60       0x1c CMakeFiles/pico2-rk86.dir/src/xprintf.c.obj
                0x10004e60                xsprintf
 .text.KeyboardHandler
                0x10004e7c       0x8c CMakeFiles/pico2-rk86.dir/drivers/ps2/ps2.c.obj
                0x10004e7c                KeyboardHandler
 .text.keyboard_send
                0x10004f08      0x36c CMakeFiles/pico2-rk86.dir/drivers/ps2/ps2.c.obj
                0x10004f08                keyboard_send
 .text.ps2get_raw_code
                0x10005274       0xe8 CMakeFiles/pico2-rk86.dir/drivers/ps2/ps2.c.obj
                0x10005274                ps2get_raw_code
 .text.keyboard_init
                0x1000535c       0x68 CMakeFiles/pico2-rk86.dir/drivers/ps2/ps2.c.obj
                0x1000535c                keyboard_init
 .text.pio_claim_unused_sm
                0x100053c4       0x38 CMakeFiles/pico2-rk86.dir/C_/Users/New/.pico-sdk/sdk/2.0.0/src/rp2_common/hardware_pio/pio.c.obj
                0x100053c4                pio_claim_unused_sm
 .text.pio_can_add_program
                0x100053fc       0xa4 CMakeFiles/pico2-rk86.dir/C_/Users/New/.pico-sdk/sdk/2.0.0/src/rp2_common/hardware_pio/pio.c.obj
                0x100053fc                pio_can_add_program
 .text.pio_add_program
                0x100054a0       0xf8 CMakeFiles/pico2-rk86.dir/C_/Users/New/.pico-sdk/sdk/2.0.0/src/rp2_common/hardware_pio/pio.c.obj
                0x100054a0                pio_add_program
 .text.pio_sm_set_pindirs_with_mask
                0x10005598       0x6c CMakeFiles/pico2-rk86.dir/C_/Users/New/.pico-sdk/sdk/2.0.0/src/rp2_common/hardware_pio/pio.c.obj
                0x10005598                pio_sm_set_pindirs_with_mask
 .text.pio_sm_set_consecutive_pindirs
                0x10005604       0x8c CMakeFiles/pico2-rk86.dir/C_/Users/New/.pico-sdk/sdk/2.0.0/src/rp2_common/hardware_pio/pio.c.obj
                0x10005604                pio_sm_set_consecutive_pindirs
 .text.pio_sm_init
                0x10005690       0xa8 CMakeFiles/pico2-rk86.dir/C_/Users/New/.pico-sdk/sdk/2.0.0/src/rp2_common/hardware_pio/pio.c.obj
                0x10005690                pio_sm_init
 .text.panic    0x10005738       0x30 CMakeFiles/pico2-rk86.dir/C_/Users/New/.pico-sdk/sdk/2.0.0/src/rp2_common/pico_platform_panic/panic.c.obj
                0x10005738                panic
 .text.hw_claim_lock
                0x10005768       0x24 CMakeFiles/pico2-rk86.dir/C_/Users/New/.pico-sdk/sdk/2.0.0/src/common/hardware_claim/claim.c.obj
                0x10005768                hw_claim_lock
 .text.hw_claim_unlock
                0x1000578c       0x14 CMakeFiles/pico2-rk86.dir/C_/Users/New/.pico-sdk/sdk/2.0.0/src/common/hardware_claim/claim.c.obj
                0x1000578c                hw_claim_unlock
 .text.hw_claim_or_assert
                0x100057a0       0x58 CMakeFiles/pico2-rk86.dir/C_/Users/New/.pico-sdk/sdk/2.0.0/src/common/hardware_claim/claim.c.obj
                0x100057a0                hw_claim_or_assert
 .text.hw_claim_unused_from_range
                0x100057f8       0x9c CMakeFiles/pico2-rk86.dir/C_/Users/New/.pico-sdk/sdk/2.0.0/src/common/hardware_claim/claim.c.obj
                0x100057f8                hw_claim_unused_from_range
 .text.next_striped_spin_lock_num
                0x10005894       0x18 CMakeFiles/pico2-rk86.dir/C_/Users/New/.pico-sdk/sdk/2.0.0/src/rp2_common/hardware_sync/sync.c.obj
                0x10005894                next_striped_spin_lock_num
 .text.spin_lock_claim_unused
                0x100058ac       0x20 CMakeFiles/pico2-rk86.dir/C_/Users/New/.pico-sdk/sdk/2.0.0/src/rp2_common/hardware_sync/sync.c.obj
                0x100058ac                spin_lock_claim_unused
 .text.spinlock_set_extexclall
                0x100058cc       0x10 CMakeFiles/pico2-rk86.dir/C_/Users/New/.pico-sdk/sdk/2.0.0/src/rp2_common/hardware_sync_spin_lock/sync_spin_lock.c.obj
 .text.spin_locks_reset
                0x100058dc       0x18 CMakeFiles/pico2-rk86.dir/C_/Users/New/.pico-sdk/sdk/2.0.0/src/rp2_common/hardware_sync_spin_lock/sync_spin_lock.c.obj
                0x100058dc                spin_locks_reset
 .text.spin_lock_init
                0x100058f4       0x10 CMakeFiles/pico2-rk86.dir/C_/Users/New/.pico-sdk/sdk/2.0.0/src/rp2_common/hardware_sync_spin_lock/sync_spin_lock.c.obj
                0x100058f4                spin_lock_init
 .text.gpio_default_irq_handler
                0x10005904      0x1b4 CMakeFiles/pico2-rk86.dir/C_/Users/New/.pico-sdk/sdk/2.0.0/src/rp2_common/hardware_gpio/gpio.c.obj
 .text.gpio_set_function
                0x10005ab8       0x3c CMakeFiles/pico2-rk86.dir/C_/Users/New/.pico-sdk/sdk/2.0.0/src/rp2_common/hardware_gpio/gpio.c.obj
                0x10005ab8                gpio_set_function
 .text.gpio_set_pulls
                0x10005af4       0x28 CMakeFiles/pico2-rk86.dir/C_/Users/New/.pico-sdk/sdk/2.0.0/src/rp2_common/hardware_gpio/gpio.c.obj
                0x10005af4                gpio_set_pulls
 .text.gpio_set_drive_strength
                0x10005b1c       0x20 CMakeFiles/pico2-rk86.dir/C_/Users/New/.pico-sdk/sdk/2.0.0/src/rp2_common/hardware_gpio/gpio.c.obj
                0x10005b1c                gpio_set_drive_strength
 .text.gpio_set_irq_enabled
                0x10005b3c       0x50 CMakeFiles/pico2-rk86.dir/C_/Users/New/.pico-sdk/sdk/2.0.0/src/rp2_common/hardware_gpio/gpio.c.obj
                0x10005b3c                gpio_set_irq_enabled
 .text.gpio_set_irq_enabled_with_callback
                0x10005b8c       0xac CMakeFiles/pico2-rk86.dir/C_/Users/New/.pico-sdk/sdk/2.0.0/src/rp2_common/hardware_gpio/gpio.c.obj
                0x10005b8c                gpio_set_irq_enabled_with_callback
 .text.gpio_init
                0x10005c38       0x48 CMakeFiles/pico2-rk86.dir/C_/Users/New/.pico-sdk/sdk/2.0.0/src/rp2_common/hardware_gpio/gpio.c.obj
                0x10005c38                gpio_init
 .text.runtime_init_per_core_irq_priorities
                0x10005c80       0x40 CMakeFiles/pico2-rk86.dir/C_/Users/New/.pico-sdk/sdk/2.0.0/src/rp2_common/hardware_irq/irq.c.obj
                0x10005c80                runtime_init_per_core_irq_priorities
 .text.irq_set_enabled
                0x10005cc0       0x2c CMakeFiles/pico2-rk86.dir/C_/Users/New/.pico-sdk/sdk/2.0.0/src/rp2_common/hardware_irq/irq.c.obj
                0x10005cc0                irq_set_enabled
 .text.irq_is_enabled
                0x10005cec       0x20 CMakeFiles/pico2-rk86.dir/C_/Users/New/.pico-sdk/sdk/2.0.0/src/rp2_common/hardware_irq/irq.c.obj
                0x10005cec                irq_is_enabled
 .text.irq_set_exclusive_handler
                0x10005d0c       0x60 CMakeFiles/pico2-rk86.dir/C_/Users/New/.pico-sdk/sdk/2.0.0/src/rp2_common/hardware_irq/irq.c.obj
                0x10005d0c                irq_set_exclusive_handler
 .text.irq_add_shared_handler
                0x10005d6c      0x1e8 CMakeFiles/pico2-rk86.dir/C_/Users/New/.pico-sdk/sdk/2.0.0/src/rp2_common/hardware_irq/irq.c.obj
                0x10005d6c                irq_add_shared_handler
 .text.irq_remove_handler
                0x10005f54      0x1fc CMakeFiles/pico2-rk86.dir/C_/Users/New/.pico-sdk/sdk/2.0.0/src/rp2_common/hardware_irq/irq.c.obj
                0x10005f54                irq_remove_handler
 .text.irq_add_tail_to_free_list
                0x10006150       0xbc CMakeFiles/pico2-rk86.dir/C_/Users/New/.pico-sdk/sdk/2.0.0/src/rp2_common/hardware_irq/irq.c.obj
                0x10006150                irq_add_tail_to_free_list
 .text.sem_init
                0x1000620c       0x20 CMakeFiles/pico2-rk86.dir/C_/Users/New/.pico-sdk/sdk/2.0.0/src/common/pico_sync/sem.c.obj
                0x1000620c                sem_init
 .text.lock_init
                0x1000622c        0xc CMakeFiles/pico2-rk86.dir/C_/Users/New/.pico-sdk/sdk/2.0.0/src/common/pico_sync/lock_core.c.obj
                0x1000622c                lock_init
 .text.runtime_init_mutex
                0x10006238       0x4c CMakeFiles/pico2-rk86.dir/C_/Users/New/.pico-sdk/sdk/2.0.0/src/common/pico_sync/mutex.c.obj
                0x10006238                runtime_init_mutex
 .text.mutex_init
                0x10006284       0x1c CMakeFiles/pico2-rk86.dir/C_/Users/New/.pico-sdk/sdk/2.0.0/src/common/pico_sync/mutex.c.obj
                0x10006284                mutex_init
 .text.sleep_until_callback
                0x100062a0       0x3c CMakeFiles/pico2-rk86.dir/C_/Users/New/.pico-sdk/sdk/2.0.0/src/common/pico_time/time.c.obj
 .text.alarm_pool_irq_handler
                0x100062dc      0x2d0 CMakeFiles/pico2-rk86.dir/C_/Users/New/.pico-sdk/sdk/2.0.0/src/common/pico_time/time.c.obj
 .text.runtime_init_default_alarm_pool
                0x100065ac      0x100 CMakeFiles/pico2-rk86.dir/C_/Users/New/.pico-sdk/sdk/2.0.0/src/common/pico_time/time.c.obj
                0x100065ac                runtime_init_default_alarm_pool
 .text.alarm_pool_add_alarm_at_force_in_context
                0x100066ac       0xc8 CMakeFiles/pico2-rk86.dir/C_/Users/New/.pico-sdk/sdk/2.0.0/src/common/pico_time/time.c.obj
                0x100066ac                alarm_pool_add_alarm_at_force_in_context
 .text.alarm_pool_cancel_alarm
                0x10006774       0x80 CMakeFiles/pico2-rk86.dir/C_/Users/New/.pico-sdk/sdk/2.0.0/src/common/pico_time/time.c.obj
                0x10006774                alarm_pool_cancel_alarm
 .text.sleep_until
                0x100067f4       0xbc CMakeFiles/pico2-rk86.dir/C_/Users/New/.pico-sdk/sdk/2.0.0/src/common/pico_time/time.c.obj
                0x100067f4                sleep_until
 .text.sleep_us
                0x100068b0       0x30 CMakeFiles/pico2-rk86.dir/C_/Users/New/.pico-sdk/sdk/2.0.0/src/common/pico_time/time.c.obj
                0x100068b0                sleep_us
 .text.sleep_ms
                0x100068e0       0x2c CMakeFiles/pico2-rk86.dir/C_/Users/New/.pico-sdk/sdk/2.0.0/src/common/pico_time/time.c.obj
                0x100068e0                sleep_ms
 .text.best_effort_wfe_or_timeout
                0x1000690c      0x128 CMakeFiles/pico2-rk86.dir/C_/Users/New/.pico-sdk/sdk/2.0.0/src/common/pico_time/time.c.obj
                0x1000690c                best_effort_wfe_or_timeout
 .text.timer_hardware_alarm_claim
                0x10006a34       0x24 CMakeFiles/pico2-rk86.dir/C_/Users/New/.pico-sdk/sdk/2.0.0/src/rp2_common/hardware_timer/timer.c.obj
                0x10006a34                timer_hardware_alarm_claim
 .text.timer_time_us_64
                0x10006a58       0x10 CMakeFiles/pico2-rk86.dir/C_/Users/New/.pico-sdk/sdk/2.0.0/src/rp2_common/hardware_timer/timer.c.obj
                0x10006a58                timer_time_us_64
 .text.time_us_64
                0x10006a68       0x14 CMakeFiles/pico2-rk86.dir/C_/Users/New/.pico-sdk/sdk/2.0.0/src/rp2_common/hardware_timer/timer.c.obj
                0x10006a68                time_us_64
 .text.busy_wait_us_32
                0x10006a7c       0x74 CMakeFiles/pico2-rk86.dir/C_/Users/New/.pico-sdk/sdk/2.0.0/src/rp2_common/hardware_timer/timer.c.obj
                0x10006a7c                busy_wait_us_32
 .text.busy_wait_us
                0x10006af0       0x64 CMakeFiles/pico2-rk86.dir/C_/Users/New/.pico-sdk/sdk/2.0.0/src/rp2_common/hardware_timer/timer.c.obj
                0x10006af0                busy_wait_us
 .text.busy_wait_ms
                0x10006b54       0x88 CMakeFiles/pico2-rk86.dir/C_/Users/New/.pico-sdk/sdk/2.0.0/src/rp2_common/hardware_timer/timer.c.obj
                0x10006b54                busy_wait_ms
 .text.busy_wait_until
                0x10006bdc       0x24 CMakeFiles/pico2-rk86.dir/C_/Users/New/.pico-sdk/sdk/2.0.0/src/rp2_common/hardware_timer/timer.c.obj
                0x10006bdc                busy_wait_until
 .text.clock_configure_undivided
                0x10006c00       0xd0 CMakeFiles/pico2-rk86.dir/C_/Users/New/.pico-sdk/sdk/2.0.0/src/rp2_common/hardware_clocks/clocks.c.obj
                0x10006c00                clock_configure_undivided
 .text.clock_get_hz
                0x10006cd0        0xc CMakeFiles/pico2-rk86.dir/C_/Users/New/.pico-sdk/sdk/2.0.0/src/rp2_common/hardware_clocks/clocks.c.obj
                0x10006cd0                clock_get_hz
 .text.set_sys_clock_pll
                0x10006cdc      0x184 CMakeFiles/pico2-rk86.dir/C_/Users/New/.pico-sdk/sdk/2.0.0/src/rp2_common/hardware_clocks/clocks.c.obj
                0x10006cdc                set_sys_clock_pll
 .text.check_sys_clock_khz
                0x10006e60      0x19c CMakeFiles/pico2-rk86.dir/C_/Users/New/.pico-sdk/sdk/2.0.0/src/rp2_common/hardware_clocks/clocks.c.obj
                0x10006e60                check_sys_clock_khz
 .text.pll_init
                0x10006ffc       0x8c CMakeFiles/pico2-rk86.dir/C_/Users/New/.pico-sdk/sdk/2.0.0/src/rp2_common/hardware_pll/pll.c.obj
                0x10006ffc                pll_init
 .text.vreg_set_voltage
                0x10007088       0x44 CMakeFiles/pico2-rk86.dir/C_/Users/New/.pico-sdk/sdk/2.0.0/src/rp2_common/hardware_vreg/vreg.c.obj
                0x10007088                vreg_set_voltage
 .text.tick_start
                0x100070cc       0x18 CMakeFiles/pico2-rk86.dir/C_/Users/New/.pico-sdk/sdk/2.0.0/src/rp2_common/hardware_ticks/ticks.c.obj
                0x100070cc                tick_start
 .text.xosc_init
                0x100070e4       0x2c CMakeFiles/pico2-rk86.dir/C_/Users/New/.pico-sdk/sdk/2.0.0/src/rp2_common/hardware_xosc/xosc.c.obj
                0x100070e4                xosc_init
 .text.rcvr_datablock
                0x10007110       0xbc CMakeFiles/pico2-rk86.dir/drivers/sdcard/sdcard.c.obj
 .text.xmit_datablock
                0x100071cc       0xfc CMakeFiles/pico2-rk86.dir/drivers/sdcard/sdcard.c.obj
 .text._select  0x100072c8       0xd4 CMakeFiles/pico2-rk86.dir/drivers/sdcard/sdcard.c.obj
 .text.send_cmd
                0x1000739c      0x138 CMakeFiles/pico2-rk86.dir/drivers/sdcard/sdcard.c.obj
 .text.disk_initialize
                0x100074d4      0x2e0 CMakeFiles/pico2-rk86.dir/drivers/sdcard/sdcard.c.obj
                0x100074d4                disk_initialize
 .text.disk_status
                0x100077b4       0x14 CMakeFiles/pico2-rk86.dir/drivers/sdcard/sdcard.c.obj
                0x100077b4                disk_status
 .text.disk_read
                0x100077c8       0xc0 CMakeFiles/pico2-rk86.dir/drivers/sdcard/sdcard.c.obj
                0x100077c8                disk_read
 .text.disk_write
                0x10007888      0x1dc CMakeFiles/pico2-rk86.dir/drivers/sdcard/sdcard.c.obj
                0x10007888                disk_write
 .text.disk_ioctl
                0x10007a64      0x2bc CMakeFiles/pico2-rk86.dir/drivers/sdcard/sdcard.c.obj
                0x10007a64                disk_ioctl
 .text.init_alloc_info.isra.0
                0x10007d20       0x24 CMakeFiles/pico2-rk86.dir/drivers/fatfs/ff.c.obj
 .text.get_fileinfo
                0x10007d44      0x2fc CMakeFiles/pico2-rk86.dir/drivers/fatfs/ff.c.obj
 .text.sync_fs  0x10008040       0xac CMakeFiles/pico2-rk86.dir/drivers/fatfs/ff.c.obj
 .text.move_window
                0x100080ec       0x64 CMakeFiles/pico2-rk86.dir/drivers/fatfs/ff.c.obj
 .text.find_bitmap
                0x10008150       0x98 CMakeFiles/pico2-rk86.dir/drivers/fatfs/ff.c.obj
 .text.put_fat.part.0
                0x100081e8      0x108 CMakeFiles/pico2-rk86.dir/drivers/fatfs/ff.c.obj
 .text.get_fat  0x100082f0      0x120 CMakeFiles/pico2-rk86.dir/drivers/fatfs/ff.c.obj
 .text.dir_next.constprop.0
                0x10008410       0x90 CMakeFiles/pico2-rk86.dir/drivers/fatfs/ff.c.obj
 .text.check_fs
                0x100084a0      0x10c CMakeFiles/pico2-rk86.dir/drivers/fatfs/ff.c.obj
 .text.mount_volume
                0x100085ac      0x3d4 CMakeFiles/pico2-rk86.dir/drivers/fatfs/ff.c.obj
 .text.load_xdir
                0x10008980      0x1ac CMakeFiles/pico2-rk86.dir/drivers/fatfs/ff.c.obj
 .text.dir_read.constprop.0
                0x10008b2c      0x3d8 CMakeFiles/pico2-rk86.dir/drivers/fatfs/ff.c.obj
 .text.dir_sdi  0x10008f04      0x1ec CMakeFiles/pico2-rk86.dir/drivers/fatfs/ff.c.obj
 .text.dir_remove
                0x100090f0      0x13c CMakeFiles/pico2-rk86.dir/drivers/fatfs/ff.c.obj
 .text.store_xdir
                0x1000922c      0x1b4 CMakeFiles/pico2-rk86.dir/drivers/fatfs/ff.c.obj
 .text.dir_find
                0x100093e0      0x3a0 CMakeFiles/pico2-rk86.dir/drivers/fatfs/ff.c.obj
 .text.follow_path
                0x10009780      0x468 CMakeFiles/pico2-rk86.dir/drivers/fatfs/ff.c.obj
 .text.create_chain
                0x10009be8      0x37c CMakeFiles/pico2-rk86.dir/drivers/fatfs/ff.c.obj
 .text.dir_alloc
                0x10009f64      0x260 CMakeFiles/pico2-rk86.dir/drivers/fatfs/ff.c.obj
 .text.dir_register
                0x1000a1c4      0xa74 CMakeFiles/pico2-rk86.dir/drivers/fatfs/ff.c.obj
 .text.remove_chain
                0x1000ac38      0x2d0 CMakeFiles/pico2-rk86.dir/drivers/fatfs/ff.c.obj
 .text.f_mount  0x1000af08       0x78 CMakeFiles/pico2-rk86.dir/drivers/fatfs/ff.c.obj
                0x1000af08                f_mount
 .text.f_open   0x1000af80      0x2b4 CMakeFiles/pico2-rk86.dir/drivers/fatfs/ff.c.obj
                0x1000af80                f_open
 .text.f_read   0x1000b234      0x20c CMakeFiles/pico2-rk86.dir/drivers/fatfs/ff.c.obj
                0x1000b234                f_read
 .text.f_write  0x1000b440      0x270 CMakeFiles/pico2-rk86.dir/drivers/fatfs/ff.c.obj
                0x1000b440                f_write
 .text.f_sync   0x1000b6b0      0x20c CMakeFiles/pico2-rk86.dir/drivers/fatfs/ff.c.obj
                0x1000b6b0                f_sync
 .text.f_close  0x1000b8bc       0x34 CMakeFiles/pico2-rk86.dir/drivers/fatfs/ff.c.obj
                0x1000b8bc                f_close
 .text.f_opendir
                0x1000b8f0       0x94 CMakeFiles/pico2-rk86.dir/drivers/fatfs/ff.c.obj
                0x1000b8f0                f_opendir
 .text.f_closedir
                0x1000b984       0x30 CMakeFiles/pico2-rk86.dir/drivers/fatfs/ff.c.obj
                0x1000b984                f_closedir
 .text.f_readdir
                0x1000b9b4       0x5c CMakeFiles/pico2-rk86.dir/drivers/fatfs/ff.c.obj
                0x1000b9b4                f_readdir
 .text.f_stat   0x1000ba10       0x44 CMakeFiles/pico2-rk86.dir/drivers/fatfs/ff.c.obj
                0x1000ba10                f_stat
 .text.f_unlink
                0x1000ba54       0xc8 CMakeFiles/pico2-rk86.dir/drivers/fatfs/ff.c.obj
                0x1000ba54                f_unlink
 .text.f_rename
                0x1000bb1c      0x264 CMakeFiles/pico2-rk86.dir/drivers/fatfs/ff.c.obj
                0x1000bb1c                f_rename
 .text.ff_uni2oem
                0x1000bd80       0x38 CMakeFiles/pico2-rk86.dir/drivers/fatfs/ffunicode.c.obj
                0x1000bd80                ff_uni2oem
 .text.ff_oem2uni
                0x1000bdb8       0x28 CMakeFiles/pico2-rk86.dir/drivers/fatfs/ffunicode.c.obj
                0x1000bdb8                ff_oem2uni
 .text.ff_wtoupper
                0x1000bde0       0xa8 CMakeFiles/pico2-rk86.dir/drivers/fatfs/ffunicode.c.obj
                0x1000bde0                ff_wtoupper
 .text.first_per_core_initializer
                0x1000be88        0x4 CMakeFiles/pico2-rk86.dir/C_/Users/New/.pico-sdk/sdk/2.0.0/src/rp2_common/pico_runtime/runtime.c.obj
 .text.hard_assertion_failure
                0x1000be8c        0xc CMakeFiles/pico2-rk86.dir/C_/Users/New/.pico-sdk/sdk/2.0.0/src/rp2_common/pico_runtime/runtime.c.obj
                0x1000be8c                hard_assertion_failure
 .text.runtime_run_initializers
                0x1000be98       0x20 CMakeFiles/pico2-rk86.dir/C_/Users/New/.pico-sdk/sdk/2.0.0/src/rp2_common/pico_runtime/runtime.c.obj
                0x1000be98                runtime_run_initializers
 .text.runtime_run_per_core_initializers
                0x1000beb8       0x20 CMakeFiles/pico2-rk86.dir/C_/Users/New/.pico-sdk/sdk/2.0.0/src/rp2_common/pico_runtime/runtime.c.obj
                0x1000beb8                runtime_run_per_core_initializers
 .text.runtime_init_early_resets
                0x1000bed8       0x34 CMakeFiles/pico2-rk86.dir/C_/Users/New/.pico-sdk/sdk/2.0.0/src/rp2_common/pico_runtime_init/runtime_init.c.obj
                0x1000bed8                runtime_init_early_resets
 .text.runtime_init_usb_power_down
                0x1000bf0c       0x1c CMakeFiles/pico2-rk86.dir/C_/Users/New/.pico-sdk/sdk/2.0.0/src/rp2_common/pico_runtime_init/runtime_init.c.obj
                0x1000bf0c                runtime_init_usb_power_down
 .text.runtime_init_per_core_enable_coprocessors
                0x1000bf28       0x1c CMakeFiles/pico2-rk86.dir/C_/Users/New/.pico-sdk/sdk/2.0.0/src/rp2_common/pico_runtime_init/runtime_init.c.obj
                0x1000bf28                runtime_init_per_core_enable_coprocessors
 .text.runtime_init_post_clock_resets
                0x1000bf44       0x20 CMakeFiles/pico2-rk86.dir/C_/Users/New/.pico-sdk/sdk/2.0.0/src/rp2_common/pico_runtime_init/runtime_init.c.obj
                0x1000bf44                runtime_init_post_clock_resets
 .text.runtime_init_bootrom_reset
                0x1000bf64       0x14 CMakeFiles/pico2-rk86.dir/C_/Users/New/.pico-sdk/sdk/2.0.0/src/rp2_common/pico_runtime_init/runtime_init.c.obj
                0x1000bf64                runtime_init_bootrom_reset
 .text.runtime_init_per_core_bootrom_reset
                0x1000bf78       0x14 CMakeFiles/pico2-rk86.dir/C_/Users/New/.pico-sdk/sdk/2.0.0/src/rp2_common/pico_runtime_init/runtime_init.c.obj
                0x1000bf78                runtime_init_per_core_bootrom_reset
 .text.runtime_init_spin_locks_reset
                0x1000bf8c        0x4 CMakeFiles/pico2-rk86.dir/C_/Users/New/.pico-sdk/sdk/2.0.0/src/rp2_common/pico_runtime_init/runtime_init.c.obj
                0x1000bf8c                runtime_init_spin_locks_reset
 .text.runtime_init_install_ram_vector_table
                0x1000bf90       0x20 CMakeFiles/pico2-rk86.dir/C_/Users/New/.pico-sdk/sdk/2.0.0/src/rp2_common/pico_runtime_init/runtime_init.c.obj
                0x1000bf90                runtime_init_install_ram_vector_table
 .text.runtime_init_clocks
                0x1000bfb0       0xdc CMakeFiles/pico2-rk86.dir/C_/Users/New/.pico-sdk/sdk/2.0.0/src/rp2_common/pico_runtime_init/runtime_init_clocks.c.obj
                0x1000bfb0                runtime_init_clocks
 .text.rom_func_lookup
                0x1000c08c       0x20 CMakeFiles/pico2-rk86.dir/C_/Users/New/.pico-sdk/sdk/2.0.0/src/rp2_common/pico_bootrom/bootrom.c.obj
                0x1000c08c                rom_func_lookup
 .text.rom_reset_usb_boot
                0x1000c0ac       0x44 CMakeFiles/pico2-rk86.dir/C_/Users/New/.pico-sdk/sdk/2.0.0/src/rp2_common/pico_bootrom/bootrom.c.obj
                0x1000c0ac                rom_reset_usb_boot
 .text.runtime_init_bootrom_locking_enable
                0x1000c0f0       0x14 CMakeFiles/pico2-rk86.dir/C_/Users/New/.pico-sdk/sdk/2.0.0/src/rp2_common/pico_bootrom/bootrom_lock.c.obj
                0x1000c0f0                runtime_init_bootrom_locking_enable
 .text.runtime_init_boot_locks_reset
                0x1000c104       0x1c CMakeFiles/pico2-rk86.dir/C_/Users/New/.pico-sdk/sdk/2.0.0/src/rp2_common/hardware_boot_lock/boot_lock.c.obj
                0x1000c104                runtime_init_boot_locks_reset
 .text.__rp2350_dcp_engaged_state_save_restore
                0x1000c120       0x3a CMakeFiles/pico2-rk86.dir/C_/Users/New/.pico-sdk/sdk/2.0.0/src/rp2_common/pico_double/double_aeabi_dcp.S.obj
 *fill*         0x1000c15a        0x2 
 .text.__wrap___aeabi_dadd
                0x1000c15c       0x28 CMakeFiles/pico2-rk86.dir/C_/Users/New/.pico-sdk/sdk/2.0.0/src/rp2_common/pico_double/double_aeabi_dcp.S.obj
                0x1000c164                __wrap___aeabi_dadd
 .text.__wrap___aeabi_dsub
                0x1000c184       0x28 CMakeFiles/pico2-rk86.dir/C_/Users/New/.pico-sdk/sdk/2.0.0/src/rp2_common/pico_double/double_aeabi_dcp.S.obj
                0x1000c18c                __wrap___aeabi_dsub
 .text.__wrap___aeabi_dmul
                0x1000c1ac       0x4c CMakeFiles/pico2-rk86.dir/C_/Users/New/.pico-sdk/sdk/2.0.0/src/rp2_common/pico_double/double_aeabi_dcp.S.obj
                0x1000c1b4                __wrap___aeabi_dmul
 .text.__wrap___aeabi_ddiv
                0x1000c1f8       0x9c CMakeFiles/pico2-rk86.dir/C_/Users/New/.pico-sdk/sdk/2.0.0/src/rp2_common/pico_double/double_aeabi_dcp.S.obj
                0x1000c200                __wrap___aeabi_ddiv
 .text.__wrap___aeabi_d2f
                0x1000c294       0x1c CMakeFiles/pico2-rk86.dir/C_/Users/New/.pico-sdk/sdk/2.0.0/src/rp2_common/pico_double/double_aeabi_dcp.S.obj
                0x1000c29c                __wrap___aeabi_d2f
 .text.__wrap___aeabi_i2d
                0x1000c2b0       0x24 CMakeFiles/pico2-rk86.dir/C_/Users/New/.pico-sdk/sdk/2.0.0/src/rp2_common/pico_double/double_aeabi_dcp.S.obj
                0x1000c2b8                __wrap___aeabi_i2d
 .text.__wrap___aeabi_ui2d
                0x1000c2d4       0x24 CMakeFiles/pico2-rk86.dir/C_/Users/New/.pico-sdk/sdk/2.0.0/src/rp2_common/pico_double/double_aeabi_dcp.S.obj
                0x1000c2dc                __wrap___aeabi_ui2d
 .text.__wrap___aeabi_d2iz
                0x1000c2f8       0x24 CMakeFiles/pico2-rk86.dir/C_/Users/New/.pico-sdk/sdk/2.0.0/src/rp2_common/pico_double/double_aeabi_dcp.S.obj
                0x1000c300                __wrap___aeabi_d2iz
 .text.__wrap___aeabi_d2uiz
                0x1000c31c       0x24 CMakeFiles/pico2-rk86.dir/C_/Users/New/.pico-sdk/sdk/2.0.0/src/rp2_common/pico_double/double_aeabi_dcp.S.obj
                0x1000c324                __wrap___aeabi_d2uiz
 .text.__wrap___aeabi_dcmpun
                0x1000c340       0x24 CMakeFiles/pico2-rk86.dir/C_/Users/New/.pico-sdk/sdk/2.0.0/src/rp2_common/pico_double/double_aeabi_dcp.S.obj
                0x1000c348                __wrap___aeabi_dcmpun
 .text.__wrap___aeabi_dcmplt
                0x1000c364       0x28 CMakeFiles/pico2-rk86.dir/C_/Users/New/.pico-sdk/sdk/2.0.0/src/rp2_common/pico_double/double_aeabi_dcp.S.obj
                0x1000c36c                __wrap___aeabi_dcmplt
 .text.__wrap___aeabi_dcmpge
                0x1000c38c       0x28 CMakeFiles/pico2-rk86.dir/C_/Users/New/.pico-sdk/sdk/2.0.0/src/rp2_common/pico_double/double_aeabi_dcp.S.obj
                0x1000c394                __wrap___aeabi_dcmpge
 .text.__wrap___aeabi_dcmpgt
                0x1000c3b4       0x28 CMakeFiles/pico2-rk86.dir/C_/Users/New/.pico-sdk/sdk/2.0.0/src/rp2_common/pico_double/double_aeabi_dcp.S.obj
                0x1000c3bc                __wrap___aeabi_dcmpgt
 .text.__wrap_malloc
                0x1000c3dc       0x38 CMakeFiles/pico2-rk86.dir/C_/Users/New/.pico-sdk/sdk/2.0.0/src/rp2_common/pico_malloc/malloc.c.obj
                0x1000c3dc                __wrap_malloc
 .text.__wrap_calloc
                0x1000c414       0x40 CMakeFiles/pico2-rk86.dir/C_/Users/New/.pico-sdk/sdk/2.0.0/src/rp2_common/pico_malloc/malloc.c.obj
                0x1000c414                __wrap_calloc
 .text.__wrap_free
                0x1000c454       0x20 CMakeFiles/pico2-rk86.dir/C_/Users/New/.pico-sdk/sdk/2.0.0/src/rp2_common/pico_malloc/malloc.c.obj
                0x1000c454                __wrap_free
 .text._Znwj    0x1000c474        0x4 CMakeFiles/pico2-rk86.dir/C_/Users/New/.pico-sdk/sdk/2.0.0/src/rp2_common/pico_cxx_options/new_delete.cpp.obj
                0x1000c474                operator new(unsigned int)
 .text._ZdlPvj  0x1000c478        0x4 CMakeFiles/pico2-rk86.dir/C_/Users/New/.pico-sdk/sdk/2.0.0/src/rp2_common/pico_cxx_options/new_delete.cpp.obj
                0x1000c478                operator delete(void*, unsigned int)
 .text._out_buffer
                0x1000c47c        0x8 CMakeFiles/pico2-rk86.dir/C_/Users/New/.pico-sdk/sdk/2.0.0/src/rp2_common/pico_printf/printf.c.obj
 .text._out_null
                0x1000c484        0x4 CMakeFiles/pico2-rk86.dir/C_/Users/New/.pico-sdk/sdk/2.0.0/src/rp2_common/pico_printf/printf.c.obj
 .text._out_rev
                0x1000c488       0x9c CMakeFiles/pico2-rk86.dir/C_/Users/New/.pico-sdk/sdk/2.0.0/src/rp2_common/pico_printf/printf.c.obj
 .text._ntoa_format
                0x1000c524      0x2a4 CMakeFiles/pico2-rk86.dir/C_/Users/New/.pico-sdk/sdk/2.0.0/src/rp2_common/pico_printf/printf.c.obj
 .text._out_char
                0x1000c7c8        0x8 CMakeFiles/pico2-rk86.dir/C_/Users/New/.pico-sdk/sdk/2.0.0/src/rp2_common/pico_printf/printf.c.obj
 .text._etoa    0x1000c7d0      0x460 CMakeFiles/pico2-rk86.dir/C_/Users/New/.pico-sdk/sdk/2.0.0/src/rp2_common/pico_printf/printf.c.obj
 .text._ftoa    0x1000cc30      0x3f4 CMakeFiles/pico2-rk86.dir/C_/Users/New/.pico-sdk/sdk/2.0.0/src/rp2_common/pico_printf/printf.c.obj
 .text._vsnprintf
                0x1000d024      0x9e8 CMakeFiles/pico2-rk86.dir/C_/Users/New/.pico-sdk/sdk/2.0.0/src/rp2_common/pico_printf/printf.c.obj
 .text.__wrap_snprintf
                0x1000da0c       0x2c CMakeFiles/pico2-rk86.dir/C_/Users/New/.pico-sdk/sdk/2.0.0/src/rp2_common/pico_printf/printf.c.obj
                0x1000da0c                __wrap_snprintf
 .text.weak_raw_vprintf
                0x1000da38       0x30 CMakeFiles/pico2-rk86.dir/C_/Users/New/.pico-sdk/sdk/2.0.0/src/rp2_common/pico_printf/printf.c.obj
                0x1000da38                weak_raw_vprintf
 .text._exit    0x1000da68        0x4 CMakeFiles/pico2-rk86.dir/C_/Users/New/.pico-sdk/sdk/2.0.0/src/rp2_common/pico_clib_interface/newlib_interface.c.obj
                0x1000da68                _exit
 .text._sbrk    0x1000da6c       0x2c CMakeFiles/pico2-rk86.dir/C_/Users/New/.pico-sdk/sdk/2.0.0/src/rp2_common/pico_clib_interface/newlib_interface.c.obj
                0x1000da6c                _sbrk
 .text.exit     0x1000da98        0x8 CMakeFiles/pico2-rk86.dir/C_/Users/New/.pico-sdk/sdk/2.0.0/src/rp2_common/pico_clib_interface/newlib_interface.c.obj
                0x1000da98                exit
 .text.runtime_init
                0x1000daa0       0x24 CMakeFiles/pico2-rk86.dir/C_/Users/New/.pico-sdk/sdk/2.0.0/src/rp2_common/pico_clib_interface/newlib_interface.c.obj
                0x1000daa0                runtime_init
 .text.stdio_out_chars_no_crlf
                0x1000dac4        0x8 CMakeFiles/pico2-rk86.dir/C_/Users/New/.pico-sdk/sdk/2.0.0/src/rp2_common/pico_stdio/stdio.c.obj
 .text.stdio_out_chars_crlf
                0x1000dacc       0xac CMakeFiles/pico2-rk86.dir/C_/Users/New/.pico-sdk/sdk/2.0.0/src/rp2_common/pico_stdio/stdio.c.obj
 .text.stdio_put_string
                0x1000db78       0xf0 CMakeFiles/pico2-rk86.dir/C_/Users/New/.pico-sdk/sdk/2.0.0/src/rp2_common/pico_stdio/stdio.c.obj
                0x1000db78                stdio_put_string
 .text.__wrap_putchar
                0x1000dc68       0x84 CMakeFiles/pico2-rk86.dir/C_/Users/New/.pico-sdk/sdk/2.0.0/src/rp2_common/pico_stdio/stdio.c.obj
                0x1000dc68                __wrap_putchar
                0x1000dc68                stdio_putchar
 .text.__wrap_puts
                0x1000dcec       0x3c CMakeFiles/pico2-rk86.dir/C_/Users/New/.pico-sdk/sdk/2.0.0/src/rp2_common/pico_stdio/stdio.c.obj
                0x1000dcec                stdio_puts
                0x1000dcec                __wrap_puts
 .text.spi_init
                0x1000dd28       0xf4 CMakeFiles/pico2-rk86.dir/C_/Users/New/.pico-sdk/sdk/2.0.0/src/rp2_common/hardware_spi/spi.c.obj
                0x1000dd28                spi_init
 .text.spi_set_baudrate
                0x1000de1c       0x9c CMakeFiles/pico2-rk86.dir/C_/Users/New/.pico-sdk/sdk/2.0.0/src/rp2_common/hardware_spi/spi.c.obj
                0x1000de1c                spi_set_baudrate
 .text.psram_spi_init_clkdiv
                0x1000deb8      0x36c CMakeFiles/pico2-rk86.dir/drivers/psram/psram_spi.c.obj
                0x1000deb8                psram_spi_init_clkdiv
 .text.init_psram
                0x1000e224      0x12c CMakeFiles/pico2-rk86.dir/drivers/psram/psram_spi.c.obj
                0x1000e224                init_psram
 .text.nespad_begin
                0x1000e350      0x150 CMakeFiles/pico2-rk86.dir/drivers/nespad/nespad.cpp.obj
                0x1000e350                nespad_begin
 .text.nespad_read
                0x1000e4a0       0x50 CMakeFiles/pico2-rk86.dir/drivers/nespad/nespad.cpp.obj
                0x1000e4a0                nespad_read
 .text.change_color
                0x1000e4f0       0x30 CMakeFiles/pico2-rk86.dir/drivers/vga-nextgen/vga.c.obj
                0x1000e4f0                change_color
 .text.graphics_set_mode
                0x1000e520      0x2ac CMakeFiles/pico2-rk86.dir/drivers/vga-nextgen/vga.c.obj
                0x1000e520                graphics_set_mode
 .text.graphics_set_buffer
                0x1000e7cc        0xc CMakeFiles/pico2-rk86.dir/drivers/vga-nextgen/vga.c.obj
                0x1000e7cc                graphics_set_buffer
 .text.graphics_set_offset
                0x1000e7d8        0x4 CMakeFiles/pico2-rk86.dir/drivers/vga-nextgen/vga.c.obj
                0x1000e7d8                graphics_set_offset
 .text.graphics_set_flashmode
                0x1000e7dc       0x14 CMakeFiles/pico2-rk86.dir/drivers/vga-nextgen/vga.c.obj
                0x1000e7dc                graphics_set_flashmode
 .text.graphics_set_bgcolor
                0x1000e7f0       0xb8 CMakeFiles/pico2-rk86.dir/drivers/vga-nextgen/vga.c.obj
                0x1000e7f0                graphics_set_bgcolor
 .text.graphics_init
                0x1000e8a8      0x278 CMakeFiles/pico2-rk86.dir/drivers/vga-nextgen/vga.c.obj
                0x1000e8a8                graphics_init
 .text.dma_claim_unused_channel
                0x1000eb20       0x20 CMakeFiles/pico2-rk86.dir/C_/Users/New/.pico-sdk/sdk/2.0.0/src/rp2_common/hardware_dma/dma.c.obj
                0x1000eb20                dma_claim_unused_channel
 .text.core1_trampoline
                0x1000eb40        0x4 CMakeFiles/pico2-rk86.dir/C_/Users/New/.pico-sdk/sdk/2.0.0/src/rp2_common/pico_multicore/multicore.c.obj
 .text.core1_wrapper
                0x1000eb44       0x10 CMakeFiles/pico2-rk86.dir/C_/Users/New/.pico-sdk/sdk/2.0.0/src/rp2_common/pico_multicore/multicore.c.obj
                0x1000eb44                core1_wrapper
 .text.multicore_launch_core1_raw
                0x1000eb54       0x88 CMakeFiles/pico2-rk86.dir/C_/Users/New/.pico-sdk/sdk/2.0.0/src/rp2_common/pico_multicore/multicore.c.obj
                0x1000eb54                multicore_launch_core1_raw
 .text.multicore_launch_core1
                0x1000ebdc       0x48 CMakeFiles/pico2-rk86.dir/C_/Users/New/.pico-sdk/sdk/2.0.0/src/rp2_common/pico_multicore/multicore.c.obj
                0x1000ebdc                multicore_launch_core1
 .text.multicore_lockout_victim_init
                0x1000ec24       0x48 CMakeFiles/pico2-rk86.dir/C_/Users/New/.pico-sdk/sdk/2.0.0/src/rp2_common/pico_multicore/multicore.c.obj
                0x1000ec24                multicore_lockout_victim_init
 .text.i2c_set_baudrate
                0x1000ec6c       0xa8 CMakeFiles/pico2-rk86.dir/C_/Users/New/.pico-sdk/sdk/2.0.0/src/rp2_common/hardware_i2c/i2c.c.obj
                0x1000ec6c                i2c_set_baudrate
 .text.i2c_init
                0x1000ed14       0x4c CMakeFiles/pico2-rk86.dir/C_/Users/New/.pico-sdk/sdk/2.0.0/src/rp2_common/hardware_i2c/i2c.c.obj
                0x1000ed14                i2c_init
 .text.i2c_write_blocking
                0x1000ed60       0x9c CMakeFiles/pico2-rk86.dir/C_/Users/New/.pico-sdk/sdk/2.0.0/src/rp2_common/hardware_i2c/i2c.c.obj
                0x1000ed60                i2c_write_blocking
 .text.i2c_read_blocking
                0x1000edfc       0x6c CMakeFiles/pico2-rk86.dir/C_/Users/New/.pico-sdk/sdk/2.0.0/src/rp2_common/hardware_i2c/i2c.c.obj
                0x1000edfc                i2c_read_blocking
 .text._ZSt18_Rb_tree_incrementPSt18_Rb_tree_node_base
                0x1000ee68       0x2c C:/Users/New/.pico-sdk/toolchain/13_2_Rel1/bin/../lib/gcc/arm-none-eabi/13.2.1/thumb/v8-m.main+fp/softfp\libstdc++.a(tree.o)
                0x1000ee68                std::_Rb_tree_increment(std::_Rb_tree_node_base*)
 .text._ZSt18_Rb_tree_decrementPSt18_Rb_tree_node_base
                0x1000ee94       0x34 C:/Users/New/.pico-sdk/toolchain/13_2_Rel1/bin/../lib/gcc/arm-none-eabi/13.2.1/thumb/v8-m.main+fp/softfp\libstdc++.a(tree.o)
                0x1000ee94                std::_Rb_tree_decrement(std::_Rb_tree_node_base*)
 .text._ZSt29_Rb_tree_insert_and_rebalancebPSt18_Rb_tree_node_baseS0_RS_
                0x1000eec8      0x16c C:/Users/New/.pico-sdk/toolchain/13_2_Rel1/bin/../lib/gcc/arm-none-eabi/13.2.1/thumb/v8-m.main+fp/softfp\libstdc++.a(tree.o)
                0x1000eec8                std::_Rb_tree_insert_and_rebalance(bool, std::_Rb_tree_node_base*, std::_Rb_tree_node_base*, std::_Rb_tree_node_base&)
 .text.calloc   0x1000f034       0x10 C:/Users/New/.pico-sdk/toolchain/13_2_Rel1/bin/../lib/gcc/arm-none-eabi/13.2.1/thumb/v8-m.main+fp/softfp\libg.a(libc_a-calloc.o)
                0x1000f034                calloc
 .text._calloc_r
                0x1000f044       0x70 C:/Users/New/.pico-sdk/toolchain/13_2_Rel1/bin/../lib/gcc/arm-none-eabi/13.2.1/thumb/v8-m.main+fp/softfp\libg.a(libc_a-callocr.o)
                0x1000f044                _calloc_r
 .text.malloc   0x1000f0b4       0x10 C:/Users/New/.pico-sdk/toolchain/13_2_Rel1/bin/../lib/gcc/arm-none-eabi/13.2.1/thumb/v8-m.main+fp/softfp\libg.a(libc_a-malloc.o)
                0x1000f0b4                malloc
 .text.free     0x1000f0c4       0x10 C:/Users/New/.pico-sdk/toolchain/13_2_Rel1/bin/../lib/gcc/arm-none-eabi/13.2.1/thumb/v8-m.main+fp/softfp\libg.a(libc_a-malloc.o)
                0x1000f0c4                free
 .text._malloc_r
                0x1000f0d4      0x554 C:/Users/New/.pico-sdk/toolchain/13_2_Rel1/bin/../lib/gcc/arm-none-eabi/13.2.1/thumb/v8-m.main+fp/softfp\libg.a(libc_a-mallocr.o)
                0x1000f0d4                _malloc_r
 .text.__malloc_lock
                0x1000f628        0xc C:/Users/New/.pico-sdk/toolchain/13_2_Rel1/bin/../lib/gcc/arm-none-eabi/13.2.1/thumb/v8-m.main+fp/softfp\libg.a(libc_a-mlock.o)
                0x1000f628                __malloc_lock
 .text.__malloc_unlock
                0x1000f634        0xc C:/Users/New/.pico-sdk/toolchain/13_2_Rel1/bin/../lib/gcc/arm-none-eabi/13.2.1/thumb/v8-m.main+fp/softfp\libg.a(libc_a-mlock.o)
                0x1000f634                __malloc_unlock
 .text.qsort    0x1000f640      0x628 C:/Users/New/.pico-sdk/toolchain/13_2_Rel1/bin/../lib/gcc/arm-none-eabi/13.2.1/thumb/v8-m.main+fp/softfp\libg.a(libc_a-qsort.o)
                0x1000f640                qsort
 .text.memcmp   0x1000fc68       0x5c C:/Users/New/.pico-sdk/toolchain/13_2_Rel1/bin/../lib/gcc/arm-none-eabi/13.2.1/thumb/v8-m.main+fp/softfp\libg.a(libc_a-memcmp.o)
                0x1000fc68                memcmp
 .text.memset   0x1000fcc4       0xa4 C:/Users/New/.pico-sdk/toolchain/13_2_Rel1/bin/../lib/gcc/arm-none-eabi/13.2.1/thumb/v8-m.main+fp/softfp\libg.a(libc_a-memset.o)
                0x1000fcc4                memset
 .text.strchr   0x1000fd68       0xd0 C:/Users/New/.pico-sdk/toolchain/13_2_Rel1/bin/../lib/gcc/arm-none-eabi/13.2.1/thumb/v8-m.main+fp/softfp\libg.a(libc_a-strchr.o)
                0x1000fd68                strchr
 .text.strncmp  0x1000fe38       0x80 C:/Users/New/.pico-sdk/toolchain/13_2_Rel1/bin/../lib/gcc/arm-none-eabi/13.2.1/thumb/v8-m.main+fp/softfp\libg.a(libc_a-strncmp.o)
                0x1000fe38                strncmp
 .text.strncpy  0x1000feb8       0x64 C:/Users/New/.pico-sdk/toolchain/13_2_Rel1/bin/../lib/gcc/arm-none-eabi/13.2.1/thumb/v8-m.main+fp/softfp\libg.a(libc_a-strncpy.o)
                0x1000feb8                strncpy
 .text.strnlen  0x1000ff1c       0x24 C:/Users/New/.pico-sdk/toolchain/13_2_Rel1/bin/../lib/gcc/arm-none-eabi/13.2.1/thumb/v8-m.main+fp/softfp\libg.a(libc_a-strnlen.o)
                0x1000ff1c                strnlen
 .text.stpncpy  0x1000ff40       0x80 C:/Users/New/.pico-sdk/toolchain/13_2_Rel1/bin/../lib/gcc/arm-none-eabi/13.2.1/thumb/v8-m.main+fp/softfp\libg.a(libc_a-stpncpy.o)
                0x1000ff40                stpncpy
 .text._sbrk_r  0x1000ffc0       0x24 C:/Users/New/.pico-sdk/toolchain/13_2_Rel1/bin/../lib/gcc/arm-none-eabi/13.2.1/thumb/v8-m.main+fp/softfp\libg.a(libc_a-sbrkr.o)
                0x1000ffc0                _sbrk_r
 .text.__errno  0x1000ffe4        0xc C:/Users/New/.pico-sdk/toolchain/13_2_Rel1/bin/../lib/gcc/arm-none-eabi/13.2.1/thumb/v8-m.main+fp/softfp\libg.a(libc_a-errno.o)
                0x1000ffe4                __errno
 .text.__retarget_lock_acquire_recursive
                0x1000fff0        0x4 C:/Users/New/.pico-sdk/toolchain/13_2_Rel1/bin/../lib/gcc/arm-none-eabi/13.2.1/thumb/v8-m.main+fp/softfp\libg.a(libc_a-lock.o)
                0x1000fff0                __retarget_lock_acquire_recursive
 .text.__retarget_lock_release_recursive
                0x1000fff4        0x4 C:/Users/New/.pico-sdk/toolchain/13_2_Rel1/bin/../lib/gcc/arm-none-eabi/13.2.1/thumb/v8-m.main+fp/softfp\libg.a(libc_a-lock.o)
                0x1000fff4                __retarget_lock_release_recursive
 .text.sysconf  0x1000fff8       0x1c C:/Users/New/.pico-sdk/toolchain/13_2_Rel1/bin/../lib/gcc/arm-none-eabi/13.2.1/thumb/v8-m.main+fp/softfp\libg.a(libc_a-sysconf.o)
                0x1000fff8                sysconf
 .text          0x10010014       0xec C:/Users/New/.pico-sdk/toolchain/13_2_Rel1/bin/../lib/gcc/arm-none-eabi/13.2.1/thumb/v8-m.main+fp/softfp\libg.a(libc_a-memcpy.o)
                0x10010014                memcpy
 .text.strlen   0x10010100       0x5c C:/Users/New/.pico-sdk/toolchain/13_2_Rel1/bin/../lib/gcc/arm-none-eabi/13.2.1/thumb/v8-m.main+fp/softfp\libg.a(libc_a-strlen-stub.o)
                0x10010100                strlen
 .text._malloc_trim_r
                0x1001015c       0xb8 C:/Users/New/.pico-sdk/toolchain/13_2_Rel1/bin/../lib/gcc/arm-none-eabi/13.2.1/thumb/v8-m.main+fp/softfp\libg.a(libc_a-freer.o)
                0x1001015c                _malloc_trim_r
 .text._free_r  0x10010214      0x1f8 C:/Users/New/.pico-sdk/toolchain/13_2_Rel1/bin/../lib/gcc/arm-none-eabi/13.2.1/thumb/v8-m.main+fp/softfp\libg.a(libc_a-freer.o)
                0x10010214                _free_r
 *(.fini)
 .fini          0x1001040c        0x4 C:/Users/New/.pico-sdk/toolchain/13_2_Rel1/bin/../lib/gcc/arm-none-eabi/13.2.1/thumb/v8-m.main+fp/softfp/crti.o
                0x1001040c                _fini
 .fini.__stub   0x10010410       0x48 linker stubs
 *crtbegin.o(.ctors)
 *crtbegin?.o(.ctors)
 *(EXCLUDE_FILE(*crtend.o *crtend?.o) .ctors)
 *(SORT_BY_NAME(.ctors.*))
 *(.ctors)
 *crtbegin.o(.dtors)
 *crtbegin?.o(.dtors)
 *(EXCLUDE_FILE(*crtend.o *crtend?.o) .dtors)
 *(SORT_BY_NAME(.dtors.*))
 *(.dtors)
                0x10010458                        . = ALIGN (0x4)
                0x10010458                        PROVIDE (__preinit_array_start = .)
 *(SORT_BY_NAME(.preinit_array.*))
 .preinit_array.00050
                0x10010458        0x4 CMakeFiles/pico2-rk86.dir/C_/Users/New/.pico-sdk/sdk/2.0.0/src/rp2_common/pico_runtime_init/runtime_init.c.obj
                0x10010458                __pre_init_runtime_init_bootrom_reset
 .preinit_array.00100
                0x1001045c        0x4 CMakeFiles/pico2-rk86.dir/C_/Users/New/.pico-sdk/sdk/2.0.0/src/rp2_common/pico_runtime_init/runtime_init.c.obj
                0x1001045c                __pre_init_runtime_init_early_resets
 .preinit_array.00101
                0x10010460        0x4 CMakeFiles/pico2-rk86.dir/C_/Users/New/.pico-sdk/sdk/2.0.0/src/rp2_common/pico_runtime_init/runtime_init.c.obj
                0x10010460                __pre_init_runtime_init_usb_power_down
 .preinit_array.00500
                0x10010464        0x4 CMakeFiles/pico2-rk86.dir/C_/Users/New/.pico-sdk/sdk/2.0.0/src/rp2_common/pico_runtime_init/runtime_init.c.obj
                0x10010464                __pre_init_runtime_init_clocks
 .preinit_array.00600
                0x10010468        0x4 CMakeFiles/pico2-rk86.dir/C_/Users/New/.pico-sdk/sdk/2.0.0/src/rp2_common/pico_runtime_init/runtime_init.c.obj
                0x10010468                __pre_init_runtime_init_post_clock_resets
 .preinit_array.01000
                0x1001046c        0x4 CMakeFiles/pico2-rk86.dir/C_/Users/New/.pico-sdk/sdk/2.0.0/src/rp2_common/pico_runtime_init/runtime_init.c.obj
                0x1001046c                __pre_init_runtime_init_spin_locks_reset
 .preinit_array.01000
                0x10010470        0x4 CMakeFiles/pico2-rk86.dir/C_/Users/New/.pico-sdk/sdk/2.0.0/src/rp2_common/hardware_boot_lock/boot_lock.c.obj
                0x10010470                __pre_init_runtime_init_boot_locks_reset
 .preinit_array.01010
                0x10010474        0x4 CMakeFiles/pico2-rk86.dir/C_/Users/New/.pico-sdk/sdk/2.0.0/src/rp2_common/pico_bootrom/bootrom_lock.c.obj
                0x10010474                __pre_init_runtime_init_bootrom_locking_enable
 .preinit_array.01100
                0x10010478        0x4 CMakeFiles/pico2-rk86.dir/C_/Users/New/.pico-sdk/sdk/2.0.0/src/common/pico_sync/mutex.c.obj
                0x10010478                __pre_init_runtime_init_mutex
 .preinit_array.10080
                0x1001047c        0x4 CMakeFiles/pico2-rk86.dir/C_/Users/New/.pico-sdk/sdk/2.0.0/src/rp2_common/pico_runtime_init/runtime_init.c.obj
                0x1001047c                __pre_init_runtime_init_install_ram_vector_table
 .preinit_array.11000
                0x10010480        0x4 CMakeFiles/pico2-rk86.dir/C_/Users/New/.pico-sdk/sdk/2.0.0/src/common/pico_time/time.c.obj
                0x10010480                __pre_init_runtime_init_default_alarm_pool
 .preinit_array.YYYYY
                0x10010484        0x4 CMakeFiles/pico2-rk86.dir/C_/Users/New/.pico-sdk/sdk/2.0.0/src/rp2_common/pico_runtime/runtime.c.obj
                0x10010484                __pre_init_first_per_core_initializer
 .preinit_array.ZZZZZ.00051
                0x10010488        0x4 CMakeFiles/pico2-rk86.dir/C_/Users/New/.pico-sdk/sdk/2.0.0/src/rp2_common/pico_runtime_init/runtime_init.c.obj
                0x10010488                __pre_init_runtime_init_per_core_bootrom_reset
 .preinit_array.ZZZZZ.00200
                0x1001048c        0x4 CMakeFiles/pico2-rk86.dir/C_/Users/New/.pico-sdk/sdk/2.0.0/src/rp2_common/pico_runtime_init/runtime_init.c.obj
                0x1001048c                __pre_init_runtime_init_per_core_enable_coprocessors
 .preinit_array.ZZZZZ.01000
                0x10010490        0x4 CMakeFiles/pico2-rk86.dir/C_/Users/New/.pico-sdk/sdk/2.0.0/src/rp2_common/hardware_sync_spin_lock/sync_spin_lock.c.obj
                0x10010490                __pre_init_spinlock_set_extexclall
 .preinit_array.ZZZZZ.01200
                0x10010494        0x4 CMakeFiles/pico2-rk86.dir/C_/Users/New/.pico-sdk/sdk/2.0.0/src/rp2_common/hardware_irq/irq.c.obj
                0x10010494                __pre_init_runtime_init_per_core_irq_priorities
 *(.preinit_array)
                0x10010498                        PROVIDE (__preinit_array_end = .)
                0x10010498                        . = ALIGN (0x4)
                0x10010498                        PROVIDE (__init_array_start = .)
 *(SORT_BY_NAME(.init_array.*))
 *(.init_array)
 .init_array    0x10010498        0x4 C:/Users/New/.pico-sdk/toolchain/13_2_Rel1/bin/../lib/gcc/arm-none-eabi/13.2.1/thumb/v8-m.main+fp/softfp/crtbegin.o
 .init_array    0x1001049c        0x4 CMakeFiles/pico2-rk86.dir/src/rk_2_at.cpp.obj
                0x100104a0                        PROVIDE (__init_array_end = .)
                0x100104a0                        . = ALIGN (0x4)
                [!provide]                        PROVIDE (__fini_array_start = .)
 *(SORT_BY_NAME(.fini_array.*))
 *(.fini_array)
                [!provide]                        PROVIDE (__fini_array_end = .)
 *(.eh_frame*)
 .eh_frame      0x100104a0        0x0 C:/Users/New/.pico-sdk/toolchain/13_2_Rel1/bin/../lib/gcc/arm-none-eabi/13.2.1/thumb/v8-m.main+fp/softfp/crtbegin.o
                0x100104a0                        . = ALIGN (0x4)

.glue_7         0x100104a0        0x0
 .glue_7        0x100104a0        0x0 linker stubs

.glue_7t        0x100104a0        0x0
 .glue_7t       0x100104a0        0x0 linker stubs

.vfp11_veneer   0x100104a0        0x0
 .vfp11_veneer  0x100104a0        0x0 linker stubs

.v4_bx          0x100104a0        0x0
 .v4_bx         0x100104a0        0x0 linker stubs

.iplt           0x100104a0        0x0
 .iplt          0x100104a0        0x0 C:/Users/New/.pico-sdk/toolchain/13_2_Rel1/bin/../lib/gcc/arm-none-eabi/13.2.1/thumb/v8-m.main+fp/softfp/crtbegin.o

.boot2          0x100104a0        0x0
                0x100104a0                        __boot2_start__ = .
 *(.boot2)
                0x100104a0                        __boot2_end__ = .
                0x00000001                        ASSERT (((__boot2_end__ - __boot2_start__) <= 0x100), ERROR: Pico second stage bootloader must be no more than 256 bytes in size)

.rodata         0x100104a0     0x1c6c
 *(EXCLUDE_FILE(*libm.a: *libc.a:*lib_a-mem*.o *libgcc.a:) .rodata*)
 .rodata.fileman.str1.4
                0x100104a0      0x6ca CMakeFiles/pico2-rk86.dir/src/fileman.c.obj
                                 0xe8 (size before relaxing)
 .rodata.load_file.str1.4
                0x10010b6a       0x80 CMakeFiles/pico2-rk86.dir/src/files.c.obj
 *fill*         0x10010b6a        0x2 
 .rodata.sub_half_carry_table
                0x10010b6c        0x8 CMakeFiles/pico2-rk86.dir/src/i8080.c.obj
                0x10010b6c                sub_half_carry_table
 .rodata.half_carry_table
                0x10010b74        0x8 CMakeFiles/pico2-rk86.dir/src/i8080.c.obj
                0x10010b74                half_carry_table
 .rodata.parity_table
                0x10010b7c      0x100 CMakeFiles/pico2-rk86.dir/src/i8080.c.obj
                0x10010b7c                parity_table
 .rodata.ROM_F800
                0x10010c7c      0x800 CMakeFiles/pico2-rk86.dir/src/i8080_hal.c.obj
 .rodata.kb_lat
                0x1001147c      0x154 CMakeFiles/pico2-rk86.dir/src/keymap.c.obj
 .rodata.kb_rus
                0x100115d0       0x84 CMakeFiles/pico2-rk86.dir/src/keymap.c.obj
 .rodata.kb_shift
                0x10011654       0x30 CMakeFiles/pico2-rk86.dir/src/keymap.c.obj
 .rodata.main.str1.4
                0x10011684       0x46 CMakeFiles/pico2-rk86.dir/src/main.c.obj
 .rodata.menu_fileman.str1.4
                0x10011684       0x5a CMakeFiles/pico2-rk86.dir/src/menu.c.obj
 .rodata.menu.str1.4
                0x10011684      0x215 CMakeFiles/pico2-rk86.dir/src/menu.c.obj
 .rodata.tape_in_bit.str1.4
                0x10011684       0x18 CMakeFiles/pico2-rk86.dir/src/tape.c.obj
 .rodata.tape_in.str1.4
                0x10011684       0x28 CMakeFiles/pico2-rk86.dir/src/tape.c.obj
 .rodata.tape_out.str1.4
                0x10011684       0x5f CMakeFiles/pico2-rk86.dir/src/tape.c.obj
 .rodata.tape_save.str1.4
                0x10011684       0x9f CMakeFiles/pico2-rk86.dir/src/tape.c.obj
 .rodata.ui_select.str1.4
                0x10011684        0xd CMakeFiles/pico2-rk86.dir/src/ui.c.obj
 .rodata.ui_input_text.str1.4
                0x10011684        0xf CMakeFiles/pico2-rk86.dir/src/ui.c.obj
 .rodata.ui_yes_no.str1.4
                0x10011684        0x8 CMakeFiles/pico2-rk86.dir/src/ui.c.obj
 .rodata.syms.1
                0x10011684       0x10 CMakeFiles/pico2-rk86.dir/src/ui.c.obj
 .rodata.set_hires_cmd
                0x10011694        0x2 CMakeFiles/pico2-rk86.dir/src/util_Wii_Joy.c.obj
                0x10011694                set_hires_cmd
 *fill*         0x10011696        0x2 
 .rodata.init_cmd3
                0x10011698        0x1 CMakeFiles/pico2-rk86.dir/src/util_Wii_Joy.c.obj
                0x10011698                init_cmd3
 *fill*         0x10011699        0x3 
 .rodata.init_cmd1
                0x1001169c        0x2 CMakeFiles/pico2-rk86.dir/src/util_Wii_Joy.c.obj
                0x1001169c                init_cmd1
 *fill*         0x1001169e        0x2 
 .rodata.init_cmd0
                0x100116a0        0x2 CMakeFiles/pico2-rk86.dir/src/util_Wii_Joy.c.obj
                0x100116a0                init_cmd0
 *fill*         0x100116a2        0x2 
 .rodata.xlat   0x100116a4      0x100 CMakeFiles/pico2-rk86.dir/src/xlat.c.obj
                0x100116a4                xlat
 .rodata.number.str1.4
                0x100117a4       0x4d CMakeFiles/pico2-rk86.dir/src/xprintf.c.obj
 .rodata.xvsprintf.str1.4
                0x100117a4        0x7 CMakeFiles/pico2-rk86.dir/src/xprintf.c.obj
 .rodata.zkg_rom
                0x100117a4      0x400 CMakeFiles/pico2-rk86.dir/src/zkg.c.obj
                0x100117a4                zkg_rom
 .rodata.pio_claim_unused_sm.str1.4
                0x10011ba4       0x24 CMakeFiles/pico2-rk86.dir/C_/Users/New/.pico-sdk/sdk/2.0.0/src/rp2_common/hardware_pio/pio.c.obj
 .rodata.panic.str1.4
                0x10011ba4       0x12 CMakeFiles/pico2-rk86.dir/C_/Users/New/.pico-sdk/sdk/2.0.0/src/rp2_common/pico_platform_panic/panic.c.obj
 .rodata.spin_lock_claim_unused.str1.4
                0x10011ba4       0x1b CMakeFiles/pico2-rk86.dir/C_/Users/New/.pico-sdk/sdk/2.0.0/src/rp2_common/hardware_sync/sync.c.obj
 .rodata.timer_hardware_alarm_claim.str1.4
                0x10011ba4       0x22 CMakeFiles/pico2-rk86.dir/C_/Users/New/.pico-sdk/sdk/2.0.0/src/rp2_common/hardware_timer/timer.c.obj
 .rodata.check_fs.str1.4
                0x10011ba4       0x15 CMakeFiles/pico2-rk86.dir/drivers/fatfs/ff.c.obj
 .rodata.follow_path.str1.4
                0x10011ba4       0x13 CMakeFiles/pico2-rk86.dir/drivers/fatfs/ff.c.obj
 .rodata.ExCvt  0x10011ba4       0x80 CMakeFiles/pico2-rk86.dir/drivers/fatfs/ff.c.obj
 .rodata.LfnOfs
                0x10011c24        0xd CMakeFiles/pico2-rk86.dir/drivers/fatfs/ff.c.obj
 *fill*         0x10011c31        0x3 
 .rodata.cvt2.0
                0x10011c34       0xbc CMakeFiles/pico2-rk86.dir/drivers/fatfs/ffunicode.c.obj
 .rodata.cvt1.1
                0x10011cf0      0x1f2 CMakeFiles/pico2-rk86.dir/drivers/fatfs/ffunicode.c.obj
 *fill*         0x10011ee2        0x2 
 .rodata.uc866  0x10011ee4      0x100 CMakeFiles/pico2-rk86.dir/drivers/fatfs/ffunicode.c.obj
 .rodata.hard_assertion_failure.str1.4
                0x10011fe4        0xc CMakeFiles/pico2-rk86.dir/C_/Users/New/.pico-sdk/sdk/2.0.0/src/rp2_common/pico_runtime/runtime.c.obj
 .rodata.__wrap_malloc.str1.4
                0x10011fe4        0xe CMakeFiles/pico2-rk86.dir/C_/Users/New/.pico-sdk/sdk/2.0.0/src/rp2_common/pico_malloc/malloc.c.obj
 .rodata.str1.4
                0x10011fe4       0x30 CMakeFiles/pico2-rk86.dir/C_/Users/New/.pico-sdk/sdk/2.0.0/src/rp2_common/pico_standard_binary_info/standard_binary_info.c.obj
 .rodata.__bi_84
                0x10011fe4        0xc CMakeFiles/pico2-rk86.dir/C_/Users/New/.pico-sdk/sdk/2.0.0/src/rp2_common/pico_standard_binary_info/standard_binary_info.c.obj
 .rodata.__bi_54
                0x10011ff0        0xc CMakeFiles/pico2-rk86.dir/C_/Users/New/.pico-sdk/sdk/2.0.0/src/rp2_common/pico_standard_binary_info/standard_binary_info.c.obj
 .rodata.__bi_48
                0x10011ffc        0xc CMakeFiles/pico2-rk86.dir/C_/Users/New/.pico-sdk/sdk/2.0.0/src/rp2_common/pico_standard_binary_info/standard_binary_info.c.obj
 .rodata.__bi_42
                0x10012008        0xc CMakeFiles/pico2-rk86.dir/C_/Users/New/.pico-sdk/sdk/2.0.0/src/rp2_common/pico_standard_binary_info/standard_binary_info.c.obj
 .rodata.__bi_34
                0x10012014        0xc CMakeFiles/pico2-rk86.dir/C_/Users/New/.pico-sdk/sdk/2.0.0/src/rp2_common/pico_standard_binary_info/standard_binary_info.c.obj
 .rodata.__bi_26
                0x10012020        0xc CMakeFiles/pico2-rk86.dir/C_/Users/New/.pico-sdk/sdk/2.0.0/src/rp2_common/pico_standard_binary_info/standard_binary_info.c.obj
 .rodata._ftoa.str1.4
                0x1001202c       0x15 CMakeFiles/pico2-rk86.dir/C_/Users/New/.pico-sdk/sdk/2.0.0/src/rp2_common/pico_printf/printf.c.obj
 *fill*         0x1001202c        0x4 
 .rodata.pow10.0
                0x10012030       0x50 CMakeFiles/pico2-rk86.dir/C_/Users/New/.pico-sdk/sdk/2.0.0/src/rp2_common/pico_printf/printf.c.obj
 .rodata.crlf_str.0
                0x10012080        0x2 CMakeFiles/pico2-rk86.dir/C_/Users/New/.pico-sdk/sdk/2.0.0/src/rp2_common/pico_stdio/stdio.c.obj
 *fill*         0x10012082        0x2 
 .rodata.spi_psram_program
                0x10012084        0x8 CMakeFiles/pico2-rk86.dir/drivers/psram/psram_spi.c.obj
 .rodata.spi_psram_program_instructions
                0x1001208c       0x12 CMakeFiles/pico2-rk86.dir/drivers/psram/psram_spi.c.obj
 *fill*         0x1001209e        0x2 
 .rodata.spi_psram_fudge_program
                0x100120a0        0x8 CMakeFiles/pico2-rk86.dir/drivers/psram/psram_spi.c.obj
 .rodata.spi_psram_fudge_program_instructions
                0x100120a8       0x14 CMakeFiles/pico2-rk86.dir/drivers/psram/psram_spi.c.obj
 .rodata        0x100120bc        0x7 CMakeFiles/pico2-rk86.dir/drivers/psram/psram_spi.c.obj
 *fill*         0x100120c3        0x1 
 .rodata._ZL14nespad_program
                0x100120c4        0x8 CMakeFiles/pico2-rk86.dir/drivers/nespad/nespad.cpp.obj
 .rodata._ZL27nespad_program_instructions
                0x100120cc        0xe CMakeFiles/pico2-rk86.dir/drivers/nespad/nespad.cpp.obj
 *fill*         0x100120da        0x2 
 .rodata.conv1  0x100120dc        0x8 CMakeFiles/pico2-rk86.dir/drivers/vga-nextgen/vga.c.obj
                0x100120dc                conv1
 .rodata.conv0  0x100120e4        0x8 CMakeFiles/pico2-rk86.dir/drivers/vga-nextgen/vga.c.obj
                0x100120e4                conv0
 .rodata.pio_program_VGA
                0x100120ec        0x8 CMakeFiles/pico2-rk86.dir/drivers/vga-nextgen/vga.c.obj
                0x100120ec                pio_program_VGA
 .rodata.palletes
                0x100120f4        0x5 CMakeFiles/pico2-rk86.dir/drivers/vga-nextgen/vga.c.obj
 *fill*         0x100120f9        0x3 
 .rodata        0x100120fc       0x10 CMakeFiles/pico2-rk86.dir/drivers/vga-nextgen/vga.c.obj
 .rodata.dma_claim_unused_channel.str1.4
                0x1001210c       0x1e CMakeFiles/pico2-rk86.dir/C_/Users/New/.pico-sdk/sdk/2.0.0/src/rp2_common/hardware_dma/dma.c.obj
 *(.srodata*)
                0x1001212c                        . = ALIGN (0x4)
 *(SORT_BY_ALIGNMENT(SORT_BY_NAME(.flashdata*)))
                0x1001212c                        . = ALIGN (0x4)

.ARM.extab
 *(.ARM.extab* .gnu.linkonce.armextab.*)
                0x1001210c                        __exidx_start = .

.ARM.exidx      0x1001210c        0x8
 *(.ARM.exidx* .gnu.linkonce.armexidx.*)
 .ARM.exidx.text._ZSt18_Rb_tree_incrementPSt18_Rb_tree_node_base
                0x1001210c        0x8 C:/Users/New/.pico-sdk/toolchain/13_2_Rel1/bin/../lib/gcc/arm-none-eabi/13.2.1/thumb/v8-m.main+fp/softfp\libstdc++.a(tree.o)
 .ARM.exidx.text._ZSt18_Rb_tree_decrementPSt18_Rb_tree_node_base
                0x10012114        0x0 C:/Users/New/.pico-sdk/toolchain/13_2_Rel1/bin/../lib/gcc/arm-none-eabi/13.2.1/thumb/v8-m.main+fp/softfp\libstdc++.a(tree.o)
                                  0x8 (size before relaxing)
 .ARM.exidx.text._ZSt29_Rb_tree_insert_and_rebalancebPSt18_Rb_tree_node_baseS0_RS_
                0x10012114        0x0 C:/Users/New/.pico-sdk/toolchain/13_2_Rel1/bin/../lib/gcc/arm-none-eabi/13.2.1/thumb/v8-m.main+fp/softfp\libstdc++.a(tree.o)
                                  0x8 (size before relaxing)
 .ARM.exidx     0x10012114        0x0 C:/Users/New/.pico-sdk/toolchain/13_2_Rel1/bin/../lib/gcc/arm-none-eabi/13.2.1/thumb/v8-m.main+fp/softfp\libg.a(libc_a-memcpy.o)
                                  0x8 (size before relaxing)
 .ARM.exidx.text.__udivmoddi4
                0x10012114        0x0 C:/Users/New/.pico-sdk/toolchain/13_2_Rel1/bin/../lib/gcc/arm-none-eabi/13.2.1/thumb/v8-m.main+fp/softfp\libgcc.a(_udivmoddi4.o)
                                  0x8 (size before relaxing)
                0x10012114                        __exidx_end = .
                0x10012114                        . = ALIGN (0x4)
                0x10012114                        __binary_info_start = .

.binary_info    0x10012114       0x18
 *(.binary_info.keep.*)
 .binary_info.keep.__bi_ptr84
                0x10012114        0x4 CMakeFiles/pico2-rk86.dir/C_/Users/New/.pico-sdk/sdk/2.0.0/src/rp2_common/pico_standard_binary_info/standard_binary_info.c.obj
 .binary_info.keep.__bi_ptr54
                0x10012118        0x4 CMakeFiles/pico2-rk86.dir/C_/Users/New/.pico-sdk/sdk/2.0.0/src/rp2_common/pico_standard_binary_info/standard_binary_info.c.obj
 .binary_info.keep.__bi_ptr48
                0x1001211c        0x4 CMakeFiles/pico2-rk86.dir/C_/Users/New/.pico-sdk/sdk/2.0.0/src/rp2_common/pico_standard_binary_info/standard_binary_info.c.obj
 .binary_info.keep.__bi_ptr42
                0x10012120        0x4 CMakeFiles/pico2-rk86.dir/C_/Users/New/.pico-sdk/sdk/2.0.0/src/rp2_common/pico_standard_binary_info/standard_binary_info.c.obj
 .binary_info.keep.__bi_ptr34
                0x10012124        0x4 CMakeFiles/pico2-rk86.dir/C_/Users/New/.pico-sdk/sdk/2.0.0/src/rp2_common/pico_standard_binary_info/standard_binary_info.c.obj
 .binary_info.keep.__bi_ptr26
                0x10012128        0x4 CMakeFiles/pico2-rk86.dir/C_/Users/New/.pico-sdk/sdk/2.0.0/src/rp2_common/pico_standard_binary_info/standard_binary_info.c.obj
 *(.binary_info.*)
                0x1001212c                        __binary_info_end = .
                0x1001212c                        . = ALIGN (0x4)

.ram_vector_table
                0x20000000      0x110
 *(.ram_vector_table)
 .ram_vector_table
                0x20000000      0x110 CMakeFiles/pico2-rk86.dir/C_/Users/New/.pico-sdk/sdk/2.0.0/src/rp2_common/pico_runtime_init/runtime_init.c.obj
                0x20000000                ram_vector_table

.uninitialized_data
                0x20000110        0x0
                0x20000110                        . = ALIGN (0x4)
 *(.uninitialized_data*)

.data           0x20000110     0x17d8 load address 0x1001212c
                0x20000110                        __data_start__ = .
 *(vtable)
 *(.time_critical*)
 .time_critical.render_core
                0x20000110       0x80 CMakeFiles/pico2-rk86.dir/src/main.c.obj
                0x20000110                render_core
 .time_critical.sem_acquire_blocking
                0x20000190       0x74 CMakeFiles/pico2-rk86.dir/C_/Users/New/.pico-sdk/sdk/2.0.0/src/common/pico_sync/sem.c.obj
                0x20000190                sem_acquire_blocking
 .time_critical.sem_release
                0x20000204       0x5c CMakeFiles/pico2-rk86.dir/C_/Users/New/.pico-sdk/sdk/2.0.0/src/common/pico_sync/sem.c.obj
                0x20000204                sem_release
 .time_critical.mutex_enter_blocking
                0x20000260       0x80 CMakeFiles/pico2-rk86.dir/C_/Users/New/.pico-sdk/sdk/2.0.0/src/common/pico_sync/mutex.c.obj
                0x20000260                mutex_enter_blocking
 .time_critical.mutex_enter_block_until
                0x200002e0       0x70 CMakeFiles/pico2-rk86.dir/C_/Users/New/.pico-sdk/sdk/2.0.0/src/common/pico_sync/mutex.c.obj
                0x200002e0                mutex_enter_block_until
 .time_critical.mutex_try_enter_block_until
                0x20000350       0x6c CMakeFiles/pico2-rk86.dir/C_/Users/New/.pico-sdk/sdk/2.0.0/src/common/pico_sync/mutex.c.obj
                0x20000350                mutex_try_enter_block_until
 .time_critical.mutex_exit
                0x200003bc       0x3c CMakeFiles/pico2-rk86.dir/C_/Users/New/.pico-sdk/sdk/2.0.0/src/common/pico_sync/mutex.c.obj
                0x200003bc                mutex_exit
 .time_critical.spi_write_read_blocking
                0x200003f8       0x68 CMakeFiles/pico2-rk86.dir/C_/Users/New/.pico-sdk/sdk/2.0.0/src/rp2_common/hardware_spi/spi.c.obj
                0x200003f8                spi_write_read_blocking
 .time_critical.spi_write_blocking
                0x20000460       0x90 CMakeFiles/pico2-rk86.dir/C_/Users/New/.pico-sdk/sdk/2.0.0/src/rp2_common/hardware_spi/spi.c.obj
                0x20000460                spi_write_blocking
 .time_critical.spi_read_blocking
                0x200004f0       0x68 CMakeFiles/pico2-rk86.dir/C_/Users/New/.pico-sdk/sdk/2.0.0/src/rp2_common/hardware_spi/spi.c.obj
                0x200004f0                spi_read_blocking
 .time_critical.
                0x20000558      0x494 CMakeFiles/pico2-rk86.dir/drivers/vga-nextgen/vga.c.obj
                0x20000558                dma_handler_VGA
 .time_critical.multicore_lockout_handler
                0x200009ec       0x78 CMakeFiles/pico2-rk86.dir/C_/Users/New/.pico-sdk/sdk/2.0.0/src/rp2_common/pico_multicore/multicore.c.obj
 *(.text*)
 .text          0x20000a64      0x378 C:/Users/New/.pico-sdk/toolchain/13_2_Rel1/bin/../lib/gcc/arm-none-eabi/13.2.1/thumb/v8-m.main+fp/softfp\libgcc.a(_arm_addsubdf3.o)
                0x20000a64                __aeabi_drsub
                0x20000a6c                __aeabi_dsub
                0x20000a6c                __subdf3
                0x20000a70                __aeabi_dadd
                0x20000a70                __adddf3
                0x20000ce8                __floatunsidf
                0x20000ce8                __aeabi_ui2d
                0x20000d08                __floatsidf
                0x20000d08                __aeabi_i2d
                0x20000d2c                __aeabi_f2d
                0x20000d2c                __extendsfdf2
                0x20000d70                __floatundidf
                0x20000d70                __aeabi_ul2d
                0x20000d80                __floatdidf
                0x20000d80                __aeabi_l2d
 .text          0x20000ddc       0x30 C:/Users/New/.pico-sdk/toolchain/13_2_Rel1/bin/../lib/gcc/arm-none-eabi/13.2.1/thumb/v8-m.main+fp/softfp\libgcc.a(_aeabi_uldivmod.o)
                0x20000ddc                __aeabi_uldivmod
 .text.__udivmoddi4
                0x20000e0c      0x300 C:/Users/New/.pico-sdk/toolchain/13_2_Rel1/bin/../lib/gcc/arm-none-eabi/13.2.1/thumb/v8-m.main+fp/softfp\libgcc.a(_udivmoddi4.o)
                0x20000e0c                __udivmoddi4
 .text          0x2000110c        0x4 C:/Users/New/.pico-sdk/toolchain/13_2_Rel1/bin/../lib/gcc/arm-none-eabi/13.2.1/thumb/v8-m.main+fp/softfp\libgcc.a(_dvmd_tls.o)
                0x2000110c                __aeabi_idiv0
                0x2000110c                __aeabi_ldiv0
 .text.__stub   0x20001110       0x50 linker stubs
                0x20001160                        . = ALIGN (0x4)
 *(.rodata*)
                0x20001160                        . = ALIGN (0x4)
 *(.data*)
 .data.BASE_DIR
                0x20001160       0x80 CMakeFiles/pico2-rk86.dir/src/ffs.c.obj
                0x20001160                BASE_DIR
 .data.i8080_takts_in_ms
                0x200011e0        0x4 CMakeFiles/pico2-rk86.dir/src/main.c.obj
 .data.kmap     0x200011e4      0x110 CMakeFiles/pico2-rk86.dir/src/ps2_codes.c.obj
 .data.WII_Device_Type
                0x200012f4        0x1 CMakeFiles/pico2-rk86.dir/src/util_Wii_Joy.c.obj
                0x200012f4                WII_Device_Type
 .data.WII_Data_Format
                0x200012f5        0x1 CMakeFiles/pico2-rk86.dir/src/util_Wii_Joy.c.obj
                0x200012f5                WII_Data_Format
 .data.mods     0x200012f6        0x1 CMakeFiles/pico2-rk86.dir/src/vv55_i.c.obj
 .data.striped_spin_lock_num
                0x200012f7        0x1 CMakeFiles/pico2-rk86.dir/C_/Users/New/.pico-sdk/sdk/2.0.0/src/rp2_common/hardware_sync/sync.c.obj
 .data          0x200012f8       0x48 CMakeFiles/pico2-rk86.dir/C_/Users/New/.pico-sdk/sdk/2.0.0/src/rp2_common/hardware_irq/irq_handler_chain.S.obj
                0x200012f8                irq_handler_chain_slots
                0x20001328                irq_handler_chain_first_slot
                0x20001332                irq_handler_chain_remove_tail
 .data.default_alarm_pool
                0x20001340       0x18 CMakeFiles/pico2-rk86.dir/C_/Users/New/.pico-sdk/sdk/2.0.0/src/common/pico_time/time.c.obj
 .data.Stat     0x20001358        0x1 CMakeFiles/pico2-rk86.dir/drivers/sdcard/sdcard.c.obj
 *fill*         0x20001359        0x3 
 .data.read32_command
                0x2000135c        0x7 CMakeFiles/pico2-rk86.dir/drivers/psram/psram_spi.c.obj
 *fill*         0x20001363        0x1 
 .data.write32_command
                0x20001364        0xa CMakeFiles/pico2-rk86.dir/drivers/psram/psram_spi.c.obj
 .data._ZL2sm   0x2000136e        0x1 CMakeFiles/pico2-rk86.dir/drivers/nespad/nespad.cpp.obj
 *fill*         0x2000136f        0x1 
 .data.pl.1     0x20001370        0x4 CMakeFiles/pico2-rk86.dir/drivers/vga-nextgen/vga.c.obj
 .data.visible_line_size
                0x20001374        0x4 CMakeFiles/pico2-rk86.dir/drivers/vga-nextgen/vga.c.obj
 .data.line_VS_end
                0x20001378        0x4 CMakeFiles/pico2-rk86.dir/drivers/vga-nextgen/vga.c.obj
 .data.line_VS_begin
                0x2000137c        0x4 CMakeFiles/pico2-rk86.dir/drivers/vga-nextgen/vga.c.obj
 .data.N_lines_visible
                0x20001380        0x4 CMakeFiles/pico2-rk86.dir/drivers/vga-nextgen/vga.c.obj
 .data.N_lines_total
                0x20001384        0x4 CMakeFiles/pico2-rk86.dir/drivers/vga-nextgen/vga.c.obj
 .data._SM_VGA  0x20001388        0x4 CMakeFiles/pico2-rk86.dir/drivers/vga-nextgen/vga.c.obj
 .data.pio_program_VGA_instructions
                0x2000138c        0x2 CMakeFiles/pico2-rk86.dir/drivers/vga-nextgen/vga.c.obj
                0x2000138c                pio_program_VGA_instructions
 .data.paletteId
                0x2000138e        0x1 CMakeFiles/pico2-rk86.dir/drivers/vga-nextgen/vga.c.obj
                0x2000138e                paletteId
 *fill*         0x2000138f        0x1 
 .data.i2c1_inst
                0x20001390        0x8 CMakeFiles/pico2-rk86.dir/C_/Users/New/.pico-sdk/sdk/2.0.0/src/rp2_common/hardware_i2c/i2c.c.obj
                0x20001390                i2c1_inst
 .data.i2c0_inst
                0x20001398        0x8 CMakeFiles/pico2-rk86.dir/C_/Users/New/.pico-sdk/sdk/2.0.0/src/rp2_common/hardware_i2c/i2c.c.obj
                0x20001398                i2c0_inst
 .data.__malloc_sbrk_base
                0x200013a0        0x4 C:/Users/New/.pico-sdk/toolchain/13_2_Rel1/bin/../lib/gcc/arm-none-eabi/13.2.1/thumb/v8-m.main+fp/softfp\libg.a(libc_a-mallocr.o)
                0x200013a0                __malloc_sbrk_base
 .data.__malloc_trim_threshold
                0x200013a4        0x4 C:/Users/New/.pico-sdk/toolchain/13_2_Rel1/bin/../lib/gcc/arm-none-eabi/13.2.1/thumb/v8-m.main+fp/softfp\libg.a(libc_a-mallocr.o)
                0x200013a4                __malloc_trim_threshold
 .data.__malloc_av_
                0x200013a8      0x408 C:/Users/New/.pico-sdk/toolchain/13_2_Rel1/bin/../lib/gcc/arm-none-eabi/13.2.1/thumb/v8-m.main+fp/softfp\libg.a(libc_a-mallocr.o)
                0x200013a8                __malloc_av_
 .data._impure_ptr
                0x200017b0        0x4 C:/Users/New/.pico-sdk/toolchain/13_2_Rel1/bin/../lib/gcc/arm-none-eabi/13.2.1/thumb/v8-m.main+fp/softfp\libg.a(libc_a-impure.o)
                0x200017b0                _impure_ptr
 *fill*         0x200017b4        0x4 
 .data._impure_data
                0x200017b8      0x120 C:/Users/New/.pico-sdk/toolchain/13_2_Rel1/bin/../lib/gcc/arm-none-eabi/13.2.1/thumb/v8-m.main+fp/softfp\libg.a(libc_a-impure.o)
                0x200017b8                _impure_data
 *(.sdata*)
                0x200018d8                        . = ALIGN (0x4)
 *(.after_data.*)
                0x200018d8                        . = ALIGN (0x4)
                0x200018d8                        PROVIDE (__mutex_array_start = .)
 *(SORT_BY_NAME(.mutex_array.*))
 *(.mutex_array)
 .mutex_array   0x200018d8        0x8 CMakeFiles/pico2-rk86.dir/C_/Users/New/.pico-sdk/sdk/2.0.0/src/rp2_common/pico_malloc/malloc.c.obj
 .mutex_array   0x200018e0        0x8 CMakeFiles/pico2-rk86.dir/C_/Users/New/.pico-sdk/sdk/2.0.0/src/rp2_common/pico_stdio/stdio.c.obj
                0x200018e8                        PROVIDE (__mutex_array_end = .)
 *(.jcr)
                0x200018e8                        . = ALIGN (0x4)

.tm_clone_table
                0x200018e8        0x0 load address 0x10013904
 .tm_clone_table
                0x200018e8        0x0 C:/Users/New/.pico-sdk/toolchain/13_2_Rel1/bin/../lib/gcc/arm-none-eabi/13.2.1/thumb/v8-m.main+fp/softfp/crtbegin.o
 .tm_clone_table
                0x200018e8        0x0 C:/Users/New/.pico-sdk/toolchain/13_2_Rel1/bin/../lib/gcc/arm-none-eabi/13.2.1/thumb/v8-m.main+fp/softfp/crtend.o

.igot.plt       0x200018e8        0x0 load address 0x10013904
 .igot.plt      0x200018e8        0x0 C:/Users/New/.pico-sdk/toolchain/13_2_Rel1/bin/../lib/gcc/arm-none-eabi/13.2.1/thumb/v8-m.main+fp/softfp/crtbegin.o

.tdata          0x200018e8        0x0 load address 0x10013904
                0x200018e8                        . = ALIGN (0x4)
 *(.tdata .tdata.* .gnu.linkonce.td.*)
                0x200018e8                        __tdata_end = .
                0x200018e8                        PROVIDE (__data_end__ = .)
                0x1001212c                        __etext = LOADADDR (.data)

.tbss           0x200018e8        0x0 load address 0x10013904
                0x200018e8                        . = ALIGN (0x4)
                0x200018e8                        __bss_start__ = .
                0x200018e8                        __tls_base = .
 *(.tbss .tbss.* .gnu.linkonce.tb.*)
 *(.tcommon)
                0x200018e8                        __tls_end = .

.bss            0x200018e8    0x1a514 load address 0x10013904
                0x200018e8                        . = ALIGN (0x4)
                0x200018e8                        __tbss_end = .
 *(SORT_BY_ALIGNMENT(SORT_BY_NAME(.bss*)))
 .bss.config    0x200018e8        0xc CMakeFiles/pico2-rk86.dir/src/main.c.obj
 *fill*         0x200018f4        0x4 
 .bss.default_alarm_pool_entries
                0x200018f8      0x180 CMakeFiles/pico2-rk86.dir/C_/Users/New/.pico-sdk/sdk/2.0.0/src/common/pico_time/time.c.obj
 .bss.files_info
                0x20001a78     0xabe0 CMakeFiles/pico2-rk86.dir/src/fileman.c.obj
                0x20001a78                files_info
 .bss.DirBuf    0x2000c658      0x260 CMakeFiles/pico2-rk86.dir/drivers/fatfs/ff.c.obj
 .bss.FatFs     0x2000c8b8       0x28 CMakeFiles/pico2-rk86.dir/drivers/fatfs/ff.c.obj
 .bss.LfnBuf    0x2000c8e0      0x200 CMakeFiles/pico2-rk86.dir/drivers/fatfs/ff.c.obj
 .bss.RAM       0x2000cae0     0x8000 CMakeFiles/pico2-rk86.dir/src/i8080_hal.c.obj
                0x2000cae0                RAM
 .bss.RAM2      0x20014ae0     0x2000 CMakeFiles/pico2-rk86.dir/src/i8080_hal.c.obj
                0x20014ae0                RAM2
 .bss.ROM       0x20016ae0     0x1800 CMakeFiles/pico2-rk86.dir/src/i8080_hal.c.obj
                0x20016ae0                ROM
 .bss.WII_Calibrate
                0x200182e0       0x15 CMakeFiles/pico2-rk86.dir/src/util_Wii_Joy.c.obj
                0x200182e0                WII_Calibrate
 *fill*         0x200182f5        0x3 
 .bss.WII_Data  0x200182f8       0x15 CMakeFiles/pico2-rk86.dir/src/util_Wii_Joy.c.obj
                0x200182f8                WII_Data
 *fill*         0x2001830d        0x3 
 .bss.WII_Data_Old
                0x20018310       0x15 CMakeFiles/pico2-rk86.dir/src/util_Wii_Joy.c.obj
                0x20018310                WII_Data_Old
 *fill*         0x20018325        0x3 
 .bss.Wii_joy   0x20018328       0x34 CMakeFiles/pico2-rk86.dir/src/util_Wii_Joy.c.obj
                0x20018328                Wii_joy
 .bss._ZL7char2rk
                0x2001835c       0x18 CMakeFiles/pico2-rk86.dir/src/rk_2_at.cpp.obj
 .bss.__lock___malloc_recursive_mutex
                0x20018374        0x1 C:/Users/New/.pico-sdk/toolchain/13_2_Rel1/bin/../lib/gcc/arm-none-eabi/13.2.1/thumb/v8-m.main+fp/softfp\libg.a(libc_a-lock.o)
                0x20018374                __lock___malloc_recursive_mutex
 *fill*         0x20018375        0x3 
 .bss.__malloc_current_mallinfo
                0x20018378       0x28 C:/Users/New/.pico-sdk/toolchain/13_2_Rel1/bin/../lib/gcc/arm-none-eabi/13.2.1/thumb/v8-m.main+fp/softfp\libg.a(libc_a-mallocr.o)
                0x20018378                __malloc_current_mallinfo
 .bss.__malloc_max_sbrked_mem
                0x200183a0        0x4 C:/Users/New/.pico-sdk/toolchain/13_2_Rel1/bin/../lib/gcc/arm-none-eabi/13.2.1/thumb/v8-m.main+fp/softfp\libg.a(libc_a-mallocr.o)
                0x200183a0                __malloc_max_sbrked_mem
 .bss.__malloc_max_total_mem
                0x200183a4        0x4 C:/Users/New/.pico-sdk/toolchain/13_2_Rel1/bin/../lib/gcc/arm-none-eabi/13.2.1/thumb/v8-m.main+fp/softfp\libg.a(libc_a-mallocr.o)
                0x200183a4                __malloc_max_total_mem
 .bss.__malloc_top_pad
                0x200183a8        0x4 C:/Users/New/.pico-sdk/toolchain/13_2_Rel1/bin/../lib/gcc/arm-none-eabi/13.2.1/thumb/v8-m.main+fp/softfp\libg.a(libc_a-mallocr.o)
                0x200183a8                __malloc_top_pad
 .bss.__sf      0x200183ac      0x138 C:/Users/New/.pico-sdk/toolchain/13_2_Rel1/bin/../lib/gcc/arm-none-eabi/13.2.1/thumb/v8-m.main+fp/softfp\libg.a(libc_a-findfp.o)
                0x200183ac                __sf
 .bss._sw_spin_locks
                0x200184e4       0x20 CMakeFiles/pico2-rk86.dir/C_/Users/New/.pico-sdk/sdk/2.0.0/src/rp2_common/hardware_sync_spin_lock/sync_spin_lock.c.obj
                0x200184e4                _sw_spin_locks
 .bss._used_instruction_space
                0x20018504        0xc CMakeFiles/pico2-rk86.dir/C_/Users/New/.pico-sdk/sdk/2.0.0/src/rp2_common/hardware_pio/pio.c.obj
 .bss.bg_color  0x20018510        0x8 CMakeFiles/pico2-rk86.dir/drivers/vga-nextgen/vga.c.obj
 .bss.bitcount  0x20018518        0x4 CMakeFiles/pico2-rk86.dir/drivers/ps2/ps2.c.obj
                0x20018518                bitcount
 .bss.buf       0x2001851c      0x200 CMakeFiles/pico2-rk86.dir/src/vg75.c.obj
 .bss.callbacks
                0x2001871c        0x8 CMakeFiles/pico2-rk86.dir/C_/Users/New/.pico-sdk/sdk/2.0.0/src/rp2_common/hardware_gpio/gpio.c.obj
 .bss.claimed   0x20018724        0x2 CMakeFiles/pico2-rk86.dir/C_/Users/New/.pico-sdk/sdk/2.0.0/src/rp2_common/hardware_pio/pio.c.obj
 *fill*         0x20018726        0x2 
 .bss.claimed   0x20018728        0x4 CMakeFiles/pico2-rk86.dir/C_/Users/New/.pico-sdk/sdk/2.0.0/src/rp2_common/hardware_sync/sync.c.obj