Archive member included to satisfy reference by file (symbol)

C:/Users/New/.pico-sdk/toolchain/13_2_Rel1/bin/../lib/gcc/arm-none-eabi/13.2.1/thumb/v6-m/nofp\libgcc.a(_thumb1_case_sqi.o)
                              CMakeFiles/pico-rk86.dir/src/main.cpp.obj (__gnu_thumb1_case_sqi)
C:/Users/New/.pico-sdk/toolchain/13_2_Rel1/bin/../lib/gcc/arm-none-eabi/13.2.1/thumb/v6-m/nofp\libgcc.a(_thumb1_case_uqi.o)
                              CMakeFiles/pico-rk86.dir/src/i8080_hal.c.obj (__gnu_thumb1_case_uqi)
C:/Users/New/.pico-sdk/toolchain/13_2_Rel1/bin/../lib/gcc/arm-none-eabi/13.2.1/thumb/v6-m/nofp\libgcc.a(_thumb1_case_shi.o)
                              CMakeFiles/pico-rk86.dir/C_/Users/New/.pico-sdk/sdk/2.0.0/src/rp2_common/pico_printf/printf.c.obj (__gnu_thumb1_case_shi)
C:/Users/New/.pico-sdk/toolchain/13_2_Rel1/bin/../lib/gcc/arm-none-eabi/13.2.1/thumb/v6-m/nofp\libgcc.a(_thumb1_case_uhi.o)
                              CMakeFiles/pico-rk86.dir/src/i8080.c.obj (__gnu_thumb1_case_uhi)
C:/Users/New/.pico-sdk/toolchain/13_2_Rel1/bin/../lib/gcc/arm-none-eabi/13.2.1/thumb/v6-m/nofp\libgcc.a(_dvmd_tls.o)
                              CMakeFiles/pico-rk86.dir/C_/Users/New/.pico-sdk/sdk/2.0.0/src/rp2_common/pico_divider/divider_hardware.S.obj (__aeabi_idiv0)
C:/Users/New/.pico-sdk/toolchain/13_2_Rel1/bin/../lib/gcc/arm-none-eabi/13.2.1/thumb/v6-m/nofp\libgcc.a(_lshrdi3.o)
                              CMakeFiles/pico-rk86.dir/C_/Users/New/.pico-sdk/sdk/2.0.0/src/rp2_common/hardware_gpio/gpio.c.obj (__aeabi_llsr)
C:/Users/New/.pico-sdk/toolchain/13_2_Rel1/bin/../lib/gcc/arm-none-eabi/13.2.1/thumb/v6-m/nofp\libgcc.a(_ashldi3.o)
                              CMakeFiles/pico-rk86.dir/C_/Users/New/.pico-sdk/sdk/2.0.0/src/rp2_common/pico_double/double_math.c.obj (__aeabi_llsl)
C:/Users/New/.pico-sdk/toolchain/13_2_Rel1/bin/../lib/gcc/arm-none-eabi/13.2.1/thumb/v6-m/nofp\libg.a(libc_a-calloc.o)
                              CMakeFiles/pico-rk86.dir/C_/Users/New/.pico-sdk/sdk/2.0.0/src/rp2_common/pico_malloc/malloc.c.obj (calloc)
C:/Users/New/.pico-sdk/toolchain/13_2_Rel1/bin/../lib/gcc/arm-none-eabi/13.2.1/thumb/v6-m/nofp\libg.a(libc_a-callocr.o)
                              C:/Users/New/.pico-sdk/toolchain/13_2_Rel1/bin/../lib/gcc/arm-none-eabi/13.2.1/thumb/v6-m/nofp\libg.a(libc_a-calloc.o) (_calloc_r)
C:/Users/New/.pico-sdk/toolchain/13_2_Rel1/bin/../lib/gcc/arm-none-eabi/13.2.1/thumb/v6-m/nofp\libg.a(libc_a-malloc.o)
                              CMakeFiles/pico-rk86.dir/C_/Users/New/.pico-sdk/sdk/2.0.0/src/rp2_common/pico_malloc/malloc.c.obj (malloc)
C:/Users/New/.pico-sdk/toolchain/13_2_Rel1/bin/../lib/gcc/arm-none-eabi/13.2.1/thumb/v6-m/nofp\libg.a(libc_a-mallocr.o)
                              C:/Users/New/.pico-sdk/toolchain/13_2_Rel1/bin/../lib/gcc/arm-none-eabi/13.2.1/thumb/v6-m/nofp\libg.a(libc_a-callocr.o) (_malloc_r)
C:/Users/New/.pico-sdk/toolchain/13_2_Rel1/bin/../lib/gcc/arm-none-eabi/13.2.1/thumb/v6-m/nofp\libg.a(libc_a-mlock.o)
                              C:/Users/New/.pico-sdk/toolchain/13_2_Rel1/bin/../lib/gcc/arm-none-eabi/13.2.1/thumb/v6-m/nofp\libg.a(libc_a-mallocr.o) (__malloc_lock)
C:/Users/New/.pico-sdk/toolchain/13_2_Rel1/bin/../lib/gcc/arm-none-eabi/13.2.1/thumb/v6-m/nofp\libg.a(libc_a-realloc.o)
                              CMakeFiles/pico-rk86.dir/C_/Users/New/.pico-sdk/sdk/2.0.0/src/rp2_common/pico_malloc/malloc.c.obj (realloc)
C:/Users/New/.pico-sdk/toolchain/13_2_Rel1/bin/../lib/gcc/arm-none-eabi/13.2.1/thumb/v6-m/nofp\libg.a(libc_a-reallocr.o)
                              C:/Users/New/.pico-sdk/toolchain/13_2_Rel1/bin/../lib/gcc/arm-none-eabi/13.2.1/thumb/v6-m/nofp\libg.a(libc_a-realloc.o) (_realloc_r)
C:/Users/New/.pico-sdk/toolchain/13_2_Rel1/bin/../lib/gcc/arm-none-eabi/13.2.1/thumb/v6-m/nofp\libg.a(libc_a-qsort.o)
                              CMakeFiles/pico-rk86.dir/src/fileman.c.obj (qsort)
C:/Users/New/.pico-sdk/toolchain/13_2_Rel1/bin/../lib/gcc/arm-none-eabi/13.2.1/thumb/v6-m/nofp\libg.a(libc_a-memcmp.o)
                              CMakeFiles/pico-rk86.dir/src/util_Wii_Joy.c.obj (memcmp)
C:/Users/New/.pico-sdk/toolchain/13_2_Rel1/bin/../lib/gcc/arm-none-eabi/13.2.1/thumb/v6-m/nofp\libg.a(libc_a-memmove.o)
                              C:/Users/New/.pico-sdk/toolchain/13_2_Rel1/bin/../lib/gcc/arm-none-eabi/13.2.1/thumb/v6-m/nofp\libg.a(libc_a-reallocr.o) (memmove)
C:/Users/New/.pico-sdk/toolchain/13_2_Rel1/bin/../lib/gcc/arm-none-eabi/13.2.1/thumb/v6-m/nofp\libg.a(libc_a-strchr.o)
                              CMakeFiles/pico-rk86.dir/drivers/fatfs/ff.c.obj (strchr)
C:/Users/New/.pico-sdk/toolchain/13_2_Rel1/bin/../lib/gcc/arm-none-eabi/13.2.1/thumb/v6-m/nofp\libg.a(libc_a-strncmp.o)
                              CMakeFiles/pico-rk86.dir/src/fileman.c.obj (strncmp)
C:/Users/New/.pico-sdk/toolchain/13_2_Rel1/bin/../lib/gcc/arm-none-eabi/13.2.1/thumb/v6-m/nofp\libg.a(libc_a-strncpy.o)
                              CMakeFiles/pico-rk86.dir/src/fileman.c.obj (strncpy)
[...]
Memory Configuration

Name             Origin             Length             Attributes
FLASH            0x10000000         0x00200000         xr
RAM              0x20000000         0x00040000         xrw
SCRATCH_X        0x20040000         0x00001000         xrw
SCRATCH_Y        0x20041000         0x00001000         xrw
*default*        0x00000000         0xffffffff

Linker script and memory map

LOAD C:/Users/New/.pico-sdk/toolchain/13_2_Rel1/bin/../lib/gcc/arm-none-eabi/13.2.1/thumb/v6-m/nofp/crtfastmath.o
LOAD C:/Users/New/.pico-sdk/toolchain/13_2_Rel1/bin/../lib/gcc/arm-none-eabi/13.2.1/thumb/v6-m/nofp/crti.o
LOAD C:/Users/New/.pico-sdk/toolchain/13_2_Rel1/bin/../lib/gcc/arm-none-eabi/13.2.1/thumb/v6-m/nofp/crtbegin.o
LOAD C:/Users/New/.pico-sdk/toolchain/13_2_Rel1/bin/../lib/gcc/arm-none-eabi/13.2.1/thumb/v6-m/nofp/crt0.o

.flash_begin    0x10000000        0x0
                0x10000000                        __flash_binary_start = .

.boot2          0x10000000      0x100
                0x10000000                        __boot2_start__ = .
 *(.boot2)
 .boot2         0x10000000      0x100 C:\Users\New\AppData\Local\Temp\ccM4uHJ5.o
                0x10000100                        __boot2_end__ = .
                0x00000001                        ASSERT (((__boot2_end__ - __boot2_start__) == 0x100), ERROR: Pico second stage bootloader must be 256 bytes in size)

.text           0x10000100     0xcec0
                0x10000100                        __logical_binary_start = .
 *(.vectors)
 .vectors       0x10000100       0xd4 CMakeFiles/pico-rk86.dir/C_/Users/New/.pico-sdk/sdk/2.0.0/src/rp2_common/pico_crt0/crt0.S.obj
                0x10000100                __VECTOR_TABLE
                0x10000100                __vectors
                0x100001c0                isr_invalid
                0x100001c0                __default_isrs_start
                0x100001c2                isr_nmi
                0x100001c4                isr_hardfault
                0x100001c6                isr_svcall
                0x100001c8                isr_pendsv
                0x100001ca                isr_systick
                0x100001cc                isr_irq23
                0x100001cc                isr_irq18
                0x100001cc                isr_irq11
                0x100001cc                isr_irq28
                0x100001cc                isr_irq19
                0x100001cc                isr_irq0
                0x100001cc                isr_irq6
                0x100001cc                isr_irq5
                0x100001cc                isr_irq12
                0x100001cc                isr_irq22
                0x100001cc                isr_irq31
                0x100001cc                isr_irq17
                0x100001cc                isr_irq27
                0x100001cc                isr_irq30
                0x100001cc                isr_irq2
                0x100001cc                isr_irq10
                0x100001cc                isr_irq8
                0x100001cc                isr_irq24
                0x100001cc                isr_irq1
                0x100001cc                isr_irq7
                0x100001cc                isr_irq21
                0x100001cc                isr_irq20
                0x100001cc                isr_irq15
                0x100001cc                isr_irq25
                0x100001cc                isr_irq13
                0x100001cc                __unhandled_user_irq
                0x100001cc                isr_irq4
                0x100001cc                isr_irq16
                0x100001cc                isr_irq29
                0x100001cc                isr_irq26
                0x100001cc                __default_isrs_end
                0x100001cc                isr_irq3
                0x100001cc                isr_irq14
                0x100001cc                isr_irq9
                0x100001d2                unhandled_user_irq_num_in_r0
 *(.binary_info_header)
 .binary_info_header
                0x100001d4       0x14 CMakeFiles/pico-rk86.dir/C_/Users/New/.pico-sdk/sdk/2.0.0/src/rp2_common/pico_crt0/crt0.S.obj
                0x100001e8                        __binary_info_header_end = .
 *(.reset)
 .reset         0x100001e8       0x9c CMakeFiles/pico-rk86.dir/C_/Users/New/.pico-sdk/sdk/2.0.0/src/rp2_common/pico_crt0/crt0.S.obj
                0x100001e8                _entry_point
 *(.init)
 .init          0x10000284        0x4 C:/Users/New/.pico-sdk/toolchain/13_2_Rel1/bin/../lib/gcc/arm-none-eabi/13.2.1/thumb/v6-m/nofp/crti.o
                0x10000284                _init
 *(EXCLUDE_FILE(*libm.a: *libc.a:*lib_a-mem*.o *libgcc.a:) .text*)
 .text.register_tm_clones
                0x10000288       0x28 C:/Users/New/.pico-sdk/toolchain/13_2_Rel1/bin/../lib/gcc/arm-none-eabi/13.2.1/thumb/v6-m/nofp/crtbegin.o
 .text.frame_dummy
                0x100002b0       0x24 C:/Users/New/.pico-sdk/toolchain/13_2_Rel1/bin/../lib/gcc/arm-none-eabi/13.2.1/thumb/v6-m/nofp/crtbegin.o
 .text.r_u8     0x100002d4       0x1a CMakeFiles/pico-rk86.dir/src/align4.c.obj
                0x100002d4                r_u8
 .text.r_u16    0x100002ee       0x1c CMakeFiles/pico-rk86.dir/src/align4.c.obj
                0x100002ee                r_u16
 .text.ets_memset
                0x1000030a        0x8 CMakeFiles/pico-rk86.dir/src/ets.c.obj
                0x1000030a                ets_memset
 .text.ets_memcpy
                0x10000312        0x8 CMakeFiles/pico-rk86.dir/src/ets.c.obj
                0x10000312                ets_memcpy
 .text.m_comp   0x1000031a       0x2e CMakeFiles/pico-rk86.dir/src/fileman.c.obj
 .text.fileman  0x10000348      0x430 CMakeFiles/pico-rk86.dir/src/fileman.c.obj
                0x10000348                fileman
 .text.load_file
                0x10000778      0x150 CMakeFiles/pico-rk86.dir/src/files.c.obj
                0x10000778                load_file
 .text.i8080_init
                0x100008c8       0x20 CMakeFiles/pico-rk86.dir/src/i8080.c.obj
                0x100008c8                i8080_init
 .text.i8080_instruction
                0x100008e8      0xe98 CMakeFiles/pico-rk86.dir/src/i8080.c.obj
                0x100008e8                i8080_instruction
 .text.i8080_jump
                0x10001780        0xc CMakeFiles/pico-rk86.dir/src/i8080.c.obj
                0x10001780                i8080_jump
 .text.i8080_hal_memory_read_byte
                0x1000178c       0x90 CMakeFiles/pico-rk86.dir/src/i8080_hal.c.obj
                0x1000178c                i8080_hal_memory_read_byte
 .text.i8080_hal_memory_read_word
                0x1000181c       0x18 CMakeFiles/pico-rk86.dir/src/i8080_hal.c.obj
                0x1000181c                i8080_hal_memory_read_word
 .text.i8080_hal_memory_write_byte
                0x10001834       0x88 CMakeFiles/pico-rk86.dir/src/i8080_hal.c.obj
                0x10001834                i8080_hal_memory_write_byte
 .text.i8080_hal_memory_write_word
                0x100018bc       0x1a CMakeFiles/pico-rk86.dir/src/i8080_hal.c.obj
                0x100018bc                i8080_hal_memory_write_word
 .text.i8080_hal_io_input
                0x100018d6        0x4 CMakeFiles/pico-rk86.dir/src/i8080_hal.c.obj
                0x100018d6                i8080_hal_io_input
 .text.i8080_hal_io_output
                0x100018da        0x2 CMakeFiles/pico-rk86.dir/src/i8080_hal.c.obj
                0x100018da                i8080_hal_io_output
 .text.i8080_hal_iff
                0x100018dc       0x20 CMakeFiles/pico-rk86.dir/src/i8080_hal.c.obj
                0x100018dc                i8080_hal_iff
 .text.i8080_hal_memory
                0x100018fc        0x8 CMakeFiles/pico-rk86.dir/src/i8080_hal.c.obj
                0x100018fc                i8080_hal_memory
 .text.i8080_hal_init
                0x10001904       0x34 CMakeFiles/pico-rk86.dir/src/i8080_hal.c.obj
                0x10001904                i8080_hal_init
 .text.handle_code
                0x10001938       0xa0 CMakeFiles/pico-rk86.dir/src/keymap.c.obj
 .text.keymap_init
                0x100019d8       0x84 CMakeFiles/pico-rk86.dir/src/keymap.c.obj
                0x100019d8                keymap_init
 .text.keymap_periodic
                0x10001a5c       0x84 CMakeFiles/pico-rk86.dir/src/keymap.c.obj
                0x10001a5c                keymap_periodic
 .text._ZNSt8_Rb_treeItSt4pairIKttESt10_Select1stIS2_ESt4lessItESaIS2_EE24_M_get_insert_unique_posERS1_.isra.0
                0x10001ae0       0x52 CMakeFiles/pico-rk86.dir/src/main.cpp.obj
 *fill*         0x10001b32        0x2 
 .text._Z12PWM_init_pinht
                0x10001b34       0x50 CMakeFiles/pico-rk86.dir/src/main.cpp.obj
                0x10001b34                PWM_init_pin(unsigned char, unsigned short)
 .text._Z6inInitj
                0x10001b84       0x1e CMakeFiles/pico-rk86.dir/src/main.cpp.obj
                0x10001b84                inInit(unsigned int)
 *fill*         0x10001ba2        0x2 
 .text.rk_2_at  0x10001ba4       0xf8 CMakeFiles/pico-rk86.dir/src/main.cpp.obj
                0x10001ba4                rk_2_at
 .text.rk_by_at
                0x10001c9c       0x3c CMakeFiles/pico-rk86.dir/src/main.cpp.obj
                0x10001c9c                rk_by_at
 .text.startup.main
                0x10001cd8      0x3f8 CMakeFiles/pico-rk86.dir/src/main.cpp.obj
                0x10001cd8                main
 .text.startup._GLOBAL__sub_I_vga_start_semaphore
                0x100020d0       0x30 CMakeFiles/pico-rk86.dir/src/main.cpp.obj
 .text.menu_fileman
                0x10002100      0x120 CMakeFiles/pico-rk86.dir/src/menu.c.obj
                0x10002100                menu_fileman
 .text.menu     0x10002220       0x8c CMakeFiles/pico-rk86.dir/src/menu.c.obj
                0x10002220                menu
 .text.ps2_read
                0x100022ac       0xa8 CMakeFiles/pico-rk86.dir/src/ps2.c.obj
                0x100022ac                ps2_read
 .text.ps2_leds
                0x10002354        0x2 CMakeFiles/pico-rk86.dir/src/ps2.c.obj
                0x10002354                ps2_leds
 *fill*         0x10002356        0x2 
 .text.ps2_sym  0x10002358       0x38 CMakeFiles/pico-rk86.dir/src/ps2_codes.c.obj
                0x10002358                ps2_sym
 .text.tape_in_bit
                0x10002390       0x68 CMakeFiles/pico-rk86.dir/src/tape.c.obj
 .text.tape_init
                0x100023f8       0x30 CMakeFiles/pico-rk86.dir/src/tape.c.obj
                0x100023f8                tape_init
 .text.tape_in  0x10002428      0x10c CMakeFiles/pico-rk86.dir/src/tape.c.obj
                0x10002428                tape_in
 .text.tape_out
                0x10002534      0x134 CMakeFiles/pico-rk86.dir/src/tape.c.obj
                0x10002534                tape_out
 .text.tape_periodic
                0x10002668       0x60 CMakeFiles/pico-rk86.dir/src/tape.c.obj
                0x10002668                tape_periodic
 .text.tape_save
                0x100026c8      0x12c CMakeFiles/pico-rk86.dir/src/tape.c.obj
                0x100026c8                tape_save
 .text.tape_load
                0x100027f4       0x68 CMakeFiles/pico-rk86.dir/src/tape.c.obj
                0x100027f4                tape_load
 .text.tv_init  0x1000285c       0xe0 CMakeFiles/pico-rk86.dir/src/tv.c.obj
                0x1000285c                tv_init
 .text.ui_clear
                0x1000293c       0x14 CMakeFiles/pico-rk86.dir/src/ui.c.obj
                0x1000293c                ui_clear
 .text.ui_header
                0x10002950       0xcc CMakeFiles/pico-rk86.dir/src/ui.c.obj
                0x10002950                ui_header
 .text.ui_draw_list
                0x10002a1c       0x44 CMakeFiles/pico-rk86.dir/src/ui.c.obj
                0x10002a1c                ui_draw_list
 .text.ui_draw_text
                0x10002a60       0x4c CMakeFiles/pico-rk86.dir/src/ui.c.obj
                0x10002a60                ui_draw_text
 .text.ui_select
                0x10002aac       0xec CMakeFiles/pico-rk86.dir/src/ui.c.obj
                0x10002aac                ui_select
 .text.ui_input_text
                0x10002b98       0xb8 CMakeFiles/pico-rk86.dir/src/ui.c.obj
                0x10002b98                ui_input_text
 .text.ui_yes_no
                0x10002c50       0x34 CMakeFiles/pico-rk86.dir/src/ui.c.obj
                0x10002c50                ui_yes_no
 .text.ui_start
                0x10002c84       0x44 CMakeFiles/pico-rk86.dir/src/ui.c.obj
                0x10002c84                ui_start
 .text.ui_stop  0x10002cc8       0x28 CMakeFiles/pico-rk86.dir/src/ui.c.obj
                0x10002cc8                ui_stop
 .text.ui_sleep
                0x10002cf0        0x8 CMakeFiles/pico-rk86.dir/src/ui.c.obj
                0x10002cf0                ui_sleep
 .text.is_WII_Init
                0x10002cf8        0xc CMakeFiles/pico-rk86.dir/src/util_Wii_Joy.c.obj
                0x10002cf8                is_WII_Init
 .text.controller_decode_bytes_uncompressed
                0x10002d04      0x124 CMakeFiles/pico-rk86.dir/src/util_Wii_Joy.c.obj
                0x10002d04                controller_decode_bytes_uncompressed
 .text.controller_decode_bytes_uncompressed_alt
                0x10002e28      0x124 CMakeFiles/pico-rk86.dir/src/util_Wii_Joy.c.obj
                0x10002e28                controller_decode_bytes_uncompressed_alt
 .text.controller_decode_bytes_compressed
                0x10002f4c      0x12e CMakeFiles/pico-rk86.dir/src/util_Wii_Joy.c.obj
                0x10002f4c                controller_decode_bytes_compressed
 .text.controller_decode_bytes_nunchuck
                0x1000307a       0x42 CMakeFiles/pico-rk86.dir/src/util_Wii_Joy.c.obj
                0x1000307a                controller_decode_bytes_nunchuck
 .text.Init_Wii_Joystick
                0x100030bc      0x140 CMakeFiles/pico-rk86.dir/src/util_Wii_Joy.c.obj
                0x100030bc                Init_Wii_Joystick
 .text.Wii_decode_joy1
                0x100031fc       0x18 CMakeFiles/pico-rk86.dir/src/util_Wii_Joy.c.obj
                0x100031fc                Wii_decode_joy1
 .text.Wii_decode_joy2
                0x10003214       0xa8 CMakeFiles/pico-rk86.dir/src/util_Wii_Joy.c.obj
                0x10003214                Wii_decode_joy2
 .text.map_to_nes
                0x100032bc       0xa0 CMakeFiles/pico-rk86.dir/src/util_Wii_Joy.c.obj
                0x100032bc                map_to_nes
 .text.Wii_decode_joy
                0x1000335c       0x1c CMakeFiles/pico-rk86.dir/src/util_Wii_Joy.c.obj
                0x1000335c                Wii_decode_joy
 .text.vg75_external_end_of_screen
                0x10003378       0x1c CMakeFiles/pico-rk86.dir/src/vg75.c.obj
                0x10003378                vg75_external_end_of_screen
 .text.vg75_init
                0x10003394       0x98 CMakeFiles/pico-rk86.dir/src/vg75.c.obj
                0x10003394                vg75_init
 .text.vg75_overlay
                0x1000342c       0x74 CMakeFiles/pico-rk86.dir/src/vg75.c.obj
                0x1000342c                vg75_overlay
 .text.vg75_W   0x100034a0       0xcc CMakeFiles/pico-rk86.dir/src/vg75.c.obj
                0x100034a0                vg75_W
 .text.vg75_R   0x1000356c       0x18 CMakeFiles/pico-rk86.dir/src/vg75.c.obj
                0x1000356c                vg75_R
 .text.ik57_W   0x10003584       0x4c CMakeFiles/pico-rk86.dir/src/vg75.c.obj
                0x10003584                ik57_W
 .text.kbd_init
                0x100035d0       0x14 CMakeFiles/pico-rk86.dir/src/vv55_i.c.obj
                0x100035d0                kbd_init
 .text.kbd_press
                0x100035e4       0x2c CMakeFiles/pico-rk86.dir/src/vv55_i.c.obj
                0x100035e4                kbd_press
 .text.kbd_release
                0x10003610       0x2c CMakeFiles/pico-rk86.dir/src/vv55_i.c.obj
                0x10003610                kbd_release
 .text.kbd_releaseAll
                0x1000363c       0x28 CMakeFiles/pico-rk86.dir/src/vv55_i.c.obj
                0x1000363c                kbd_releaseAll
 .text.kbd_rus  0x10003664       0x10 CMakeFiles/pico-rk86.dir/src/vv55_i.c.obj
                0x10003664                kbd_rus
 .text.kbd_ss   0x10003674       0x10 CMakeFiles/pico-rk86.dir/src/vv55_i.c.obj
                0x10003674                kbd_ss
 .text.vv55_i_W
                0x10003684       0x48 CMakeFiles/pico-rk86.dir/src/vv55_i.c.obj
                0x10003684                vv55_i_W
 .text.vv55_i_R
                0x100036cc       0x5c CMakeFiles/pico-rk86.dir/src/vv55_i.c.obj
                0x100036cc                vv55_i_R
 .text.number   0x10003728      0x164 CMakeFiles/pico-rk86.dir/src/xprintf.c.obj
 .text.xvsprintf
                0x1000388c      0x4dc CMakeFiles/pico-rk86.dir/src/xprintf.c.obj
                0x1000388c                xvsprintf
 .text.xsprintf
                0x10003d68       0x16 CMakeFiles/pico-rk86.dir/src/xprintf.c.obj
                0x10003d68                xsprintf
 .text.data_hi  0x10003d7e        0xc CMakeFiles/pico-rk86.dir/drivers/ps2/ps2.c.obj
 .text.wait_clock_lo
                0x10003d8a       0x28 CMakeFiles/pico-rk86.dir/drivers/ps2/ps2.c.obj
 .text.int_on   0x10003db2       0x18 CMakeFiles/pico-rk86.dir/drivers/ps2/ps2.c.obj
 *fill*         0x10003dca        0x2 
 .text.KeyboardHandler
                0x10003dcc       0x84 CMakeFiles/pico-rk86.dir/drivers/ps2/ps2.c.obj
                0x10003dcc                KeyboardHandler
 .text.wait_clock_hi.constprop.0
                0x10003e50       0x28 CMakeFiles/pico-rk86.dir/drivers/ps2/ps2.c.obj
 .text.keyboard_send
                0x10003e78      0x190 CMakeFiles/pico-rk86.dir/drivers/ps2/ps2.c.obj
                0x10003e78                keyboard_send
 .text.keyboard_toggle_led
                0x10004008       0x24 CMakeFiles/pico-rk86.dir/drivers/ps2/ps2.c.obj
                0x10004008                keyboard_toggle_led
 .text.ps2get_raw_code
                0x1000402c       0x98 CMakeFiles/pico-rk86.dir/drivers/ps2/ps2.c.obj
                0x1000402c                ps2get_raw_code
 .text.keyboard_init
                0x100040c4       0x68 CMakeFiles/pico-rk86.dir/drivers/ps2/ps2.c.obj
                0x100040c4                keyboard_init
 .text.add_program_at_offset_check.isra.0
                0x1000412c       0x40 CMakeFiles/pico-rk86.dir/C_/Users/New/.pico-sdk/sdk/2.0.0/src/rp2_common/hardware_pio/pio.c.obj
 .text.add_program_at_offset
                0x1000416c       0x60 CMakeFiles/pico-rk86.dir/C_/Users/New/.pico-sdk/sdk/2.0.0/src/rp2_common/hardware_pio/pio.c.obj
 .text.find_offset_for_program.isra.0
                0x100041cc       0x48 CMakeFiles/pico-rk86.dir/C_/Users/New/.pico-sdk/sdk/2.0.0/src/rp2_common/hardware_pio/pio.c.obj
 .text.pio_claim_unused_sm
                0x10004214       0x34 CMakeFiles/pico-rk86.dir/C_/Users/New/.pico-sdk/sdk/2.0.0/src/rp2_common/hardware_pio/pio.c.obj
                0x10004214                pio_claim_unused_sm
 .text.pio_can_add_program
                0x10004248       0x44 CMakeFiles/pico-rk86.dir/C_/Users/New/.pico-sdk/sdk/2.0.0/src/rp2_common/hardware_pio/pio.c.obj
                0x10004248                pio_can_add_program
 .text.pio_add_program
                0x1000428c       0x32 CMakeFiles/pico-rk86.dir/C_/Users/New/.pico-sdk/sdk/2.0.0/src/rp2_common/hardware_pio/pio.c.obj
                0x1000428c                pio_add_program
 *fill*         0x100042be        0x2 
 .text.pio_sm_set_pindirs_with_mask
                0x100042c0       0x7c CMakeFiles/pico-rk86.dir/C_/Users/New/.pico-sdk/sdk/2.0.0/src/rp2_common/hardware_pio/pio.c.obj
                0x100042c0                pio_sm_set_pindirs_with_mask
 .text.pio_sm_set_consecutive_pindirs
                0x1000433c       0xa0 CMakeFiles/pico-rk86.dir/C_/Users/New/.pico-sdk/sdk/2.0.0/src/rp2_common/hardware_pio/pio.c.obj
                0x1000433c                pio_sm_set_consecutive_pindirs
 .text.pio_sm_init
                0x100043dc       0x8c CMakeFiles/pico-rk86.dir/C_/Users/New/.pico-sdk/sdk/2.0.0/src/rp2_common/hardware_pio/pio.c.obj
                0x100043dc                pio_sm_init
 .text.panic    0x10004468       0x30 CMakeFiles/pico-rk86.dir/C_/Users/New/.pico-sdk/sdk/2.0.0/src/rp2_common/pico_platform_panic/panic.c.obj
                0x10004468                panic
 .text.hw_claim_lock
                0x10004498       0x18 CMakeFiles/pico-rk86.dir/C_/Users/New/.pico-sdk/sdk/2.0.0/src/common/hardware_claim/claim.c.obj
                0x10004498                hw_claim_lock
 .text.hw_claim_unlock
                0x100044b0       0x14 CMakeFiles/pico-rk86.dir/C_/Users/New/.pico-sdk/sdk/2.0.0/src/common/hardware_claim/claim.c.obj
                0x100044b0                hw_claim_unlock
 .text.hw_is_claimed
                0x100044c4       0x16 CMakeFiles/pico-rk86.dir/C_/Users/New/.pico-sdk/sdk/2.0.0/src/common/hardware_claim/claim.c.obj
                0x100044c4                hw_is_claimed
 .text.hw_claim_or_assert
                0x100044da       0x3a CMakeFiles/pico-rk86.dir/C_/Users/New/.pico-sdk/sdk/2.0.0/src/common/hardware_claim/claim.c.obj
                0x100044da                hw_claim_or_assert
 .text.hw_claim_unused_from_range
                0x10004514       0x52 CMakeFiles/pico-rk86.dir/C_/Users/New/.pico-sdk/sdk/2.0.0/src/common/hardware_claim/claim.c.obj
                0x10004514                hw_claim_unused_from_range
 *fill*         0x10004566        0x2 
 .text.next_striped_spin_lock_num
                0x10004568       0x18 CMakeFiles/pico-rk86.dir/C_/Users/New/.pico-sdk/sdk/2.0.0/src/rp2_common/hardware_sync/sync.c.obj
                0x10004568                next_striped_spin_lock_num
 .text.spin_lock_claim_unused
                0x10004580       0x20 CMakeFiles/pico-rk86.dir/C_/Users/New/.pico-sdk/sdk/2.0.0/src/rp2_common/hardware_sync/sync.c.obj
                0x10004580                spin_lock_claim_unused
 .text.spin_locks_reset
                0x100045a0       0x1c CMakeFiles/pico-rk86.dir/C_/Users/New/.pico-sdk/sdk/2.0.0/src/rp2_common/hardware_sync_spin_lock/sync_spin_lock.c.obj
                0x100045a0                spin_locks_reset
 .text.spin_lock_init
                0x100045bc       0x14 CMakeFiles/pico-rk86.dir/C_/Users/New/.pico-sdk/sdk/2.0.0/src/rp2_common/hardware_sync_spin_lock/sync_spin_lock.c.obj
                0x100045bc                spin_lock_init
 .text.gpio_set_function
                0x100045d0       0x30 CMakeFiles/pico-rk86.dir/C_/Users/New/.pico-sdk/sdk/2.0.0/src/rp2_common/hardware_gpio/gpio.c.obj
                0x100045d0                gpio_set_function
 .text.gpio_set_pulls
                0x10004600       0x24 CMakeFiles/pico-rk86.dir/C_/Users/New/.pico-sdk/sdk/2.0.0/src/rp2_common/hardware_gpio/gpio.c.obj
                0x10004600                gpio_set_pulls
 .text.gpio_set_drive_strength
                0x10004624       0x20 CMakeFiles/pico-rk86.dir/C_/Users/New/.pico-sdk/sdk/2.0.0/src/rp2_common/hardware_gpio/gpio.c.obj
                0x10004624                gpio_set_drive_strength
 .text.gpio_set_irq_callback
                0x10004644       0x3c CMakeFiles/pico-rk86.dir/C_/Users/New/.pico-sdk/sdk/2.0.0/src/rp2_common/hardware_gpio/gpio.c.obj
                0x10004644                gpio_set_irq_callback
 .text.gpio_acknowledge_irq
                0x10004680       0x18 CMakeFiles/pico-rk86.dir/C_/Users/New/.pico-sdk/sdk/2.0.0/src/rp2_common/hardware_gpio/gpio.c.obj
                0x10004680                gpio_acknowledge_irq
 .text.gpio_set_irq_enabled
                0x10004698       0x44 CMakeFiles/pico-rk86.dir/C_/Users/New/.pico-sdk/sdk/2.0.0/src/rp2_common/hardware_gpio/gpio.c.obj
                0x10004698                gpio_set_irq_enabled
 .text.gpio_set_irq_enabled_with_callback
                0x100046dc       0x26 CMakeFiles/pico-rk86.dir/C_/Users/New/.pico-sdk/sdk/2.0.0/src/rp2_common/hardware_gpio/gpio.c.obj
                0x100046dc                gpio_set_irq_enabled_with_callback
 *fill*         0x10004702        0x2 
 .text.gpio_default_irq_handler
                0x10004704       0x90 CMakeFiles/pico-rk86.dir/C_/Users/New/.pico-sdk/sdk/2.0.0/src/rp2_common/hardware_gpio/gpio.c.obj
 .text.gpio_init
                0x10004794       0x16 CMakeFiles/pico-rk86.dir/C_/Users/New/.pico-sdk/sdk/2.0.0/src/rp2_common/hardware_gpio/gpio.c.obj
                0x10004794                gpio_init
 *fill*         0x100047aa        0x2 
 .text.set_raw_irq_handler_and_unlock
                0x100047ac       0x28 CMakeFiles/pico-rk86.dir/C_/Users/New/.pico-sdk/sdk/2.0.0/src/rp2_common/hardware_irq/irq.c.obj
 .text.runtime_init_per_core_irq_priorities
                0x100047d4       0x24 CMakeFiles/pico-rk86.dir/C_/Users/New/.pico-sdk/sdk/2.0.0/src/rp2_common/hardware_irq/irq.c.obj
                0x100047d4                runtime_init_per_core_irq_priorities
 .text.irq_set_enabled
                0x100047f8       0x28 CMakeFiles/pico-rk86.dir/C_/Users/New/.pico-sdk/sdk/2.0.0/src/rp2_common/hardware_irq/irq.c.obj
                0x100047f8                irq_set_enabled
 .text.irq_is_enabled
                0x10004820       0x18 CMakeFiles/pico-rk86.dir/C_/Users/New/.pico-sdk/sdk/2.0.0/src/rp2_common/hardware_irq/irq.c.obj
                0x10004820                irq_is_enabled
 .text.irq_get_vtable_handler
                0x10004838       0x10 CMakeFiles/pico-rk86.dir/C_/Users/New/.pico-sdk/sdk/2.0.0/src/rp2_common/hardware_irq/irq.c.obj
                0x10004838                irq_get_vtable_handler
 .text.irq_set_exclusive_handler
                0x10004848       0x40 CMakeFiles/pico-rk86.dir/C_/Users/New/.pico-sdk/sdk/2.0.0/src/rp2_common/hardware_irq/irq.c.obj
                0x10004848                irq_set_exclusive_handler
 .text.irq_add_shared_handler
                0x10004888      0x1a0 CMakeFiles/pico-rk86.dir/C_/Users/New/.pico-sdk/sdk/2.0.0/src/rp2_common/hardware_irq/irq.c.obj
                0x10004888                irq_add_shared_handler
 .text.irq_remove_handler
                0x10004a28      0x164 CMakeFiles/pico-rk86.dir/C_/Users/New/.pico-sdk/sdk/2.0.0/src/rp2_common/hardware_irq/irq.c.obj
                0x10004a28                irq_remove_handler
 .text.irq_add_tail_to_free_list
                0x10004b8c       0xa0 CMakeFiles/pico-rk86.dir/C_/Users/New/.pico-sdk/sdk/2.0.0/src/rp2_common/hardware_irq/irq.c.obj
                0x10004b8c                irq_add_tail_to_free_list
 .text.sem_init
                0x10004c2c       0x1e CMakeFiles/pico-rk86.dir/C_/Users/New/.pico-sdk/sdk/2.0.0/src/common/pico_sync/sem.c.obj
                0x10004c2c                sem_init
 *fill*         0x10004c4a        0x2 
 .text.lock_init
                0x10004c4c       0x10 CMakeFiles/pico-rk86.dir/C_/Users/New/.pico-sdk/sdk/2.0.0/src/common/pico_sync/lock_core.c.obj
                0x10004c4c                lock_init
 .text.mutex_init
                0x10004c5c       0x1a CMakeFiles/pico-rk86.dir/C_/Users/New/.pico-sdk/sdk/2.0.0/src/common/pico_sync/mutex.c.obj
                0x10004c5c                mutex_init
 .text.recursive_mutex_init
                0x10004c76       0x1a CMakeFiles/pico-rk86.dir/C_/Users/New/.pico-sdk/sdk/2.0.0/src/common/pico_sync/mutex.c.obj
                0x10004c76                recursive_mutex_init
 .text.runtime_init_mutex
                0x10004c90       0x2c CMakeFiles/pico-rk86.dir/C_/Users/New/.pico-sdk/sdk/2.0.0/src/common/pico_sync/mutex.c.obj
                0x10004c90                runtime_init_mutex
 .text.sleep_until_callback
                0x10004cbc       0x30 CMakeFiles/pico-rk86.dir/C_/Users/New/.pico-sdk/sdk/2.0.0/src/common/pico_time/time.c.obj
 .text.alarm_pool_irq_handler
                0x10004cec      0x248 CMakeFiles/pico-rk86.dir/C_/Users/New/.pico-sdk/sdk/2.0.0/src/common/pico_time/time.c.obj
 .text.alarm_pool_post_alloc_init
                0x10004f34       0x7c CMakeFiles/pico-rk86.dir/C_/Users/New/.pico-sdk/sdk/2.0.0/src/common/pico_time/time.c.obj
 .text.runtime_init_default_alarm_pool
                0x10004fb0       0x34 CMakeFiles/pico-rk86.dir/C_/Users/New/.pico-sdk/sdk/2.0.0/src/common/pico_time/time.c.obj
                0x10004fb0                runtime_init_default_alarm_pool
 .text.time_reached
                0x10004fe4       0x24 CMakeFiles/pico-rk86.dir/C_/Users/New/.pico-sdk/sdk/2.0.0/src/common/pico_time/time.c.obj
 .text.alarm_pool_add_alarm_at_force_in_context
                0x10005008       0xa0 CMakeFiles/pico-rk86.dir/C_/Users/New/.pico-sdk/sdk/2.0.0/src/common/pico_time/time.c.obj
                0x10005008                alarm_pool_add_alarm_at_force_in_context
 .text.alarm_pool_add_alarm_at
                0x100050a8       0x38 CMakeFiles/pico-rk86.dir/C_/Users/New/.pico-sdk/sdk/2.0.0/src/common/pico_time/time.c.obj
                0x100050a8                alarm_pool_add_alarm_at
 .text.alarm_pool_cancel_alarm
                0x100050e0       0x68 CMakeFiles/pico-rk86.dir/C_/Users/New/.pico-sdk/sdk/2.0.0/src/common/pico_time/time.c.obj
                0x100050e0                alarm_pool_cancel_alarm
 .text.sleep_until
                0x10005148       0x98 CMakeFiles/pico-rk86.dir/C_/Users/New/.pico-sdk/sdk/2.0.0/src/common/pico_time/time.c.obj
                0x10005148                sleep_until
 .text.sleep_us
                0x100051e0       0x28 CMakeFiles/pico-rk86.dir/C_/Users/New/.pico-sdk/sdk/2.0.0/src/common/pico_time/time.c.obj
                0x100051e0                sleep_us
 .text.sleep_ms
                0x10005208       0x14 CMakeFiles/pico-rk86.dir/C_/Users/New/.pico-sdk/sdk/2.0.0/src/common/pico_time/time.c.obj
                0x10005208                sleep_ms
 .text.best_effort_wfe_or_timeout
                0x1000521c       0x58 CMakeFiles/pico-rk86.dir/C_/Users/New/.pico-sdk/sdk/2.0.0/src/common/pico_time/time.c.obj
                0x1000521c                best_effort_wfe_or_timeout
 .text.timer_hardware_alarm_claim
                0x10005274       0x14 CMakeFiles/pico-rk86.dir/C_/Users/New/.pico-sdk/sdk/2.0.0/src/rp2_common/hardware_timer/timer.c.obj
                0x10005274                timer_hardware_alarm_claim
 .text.timer_time_us_64
                0x10005288       0x10 CMakeFiles/pico-rk86.dir/C_/Users/New/.pico-sdk/sdk/2.0.0/src/rp2_common/hardware_timer/timer.c.obj
                0x10005288                timer_time_us_64
 .text.timer_busy_wait_until
                0x10005298       0x16 CMakeFiles/pico-rk86.dir/C_/Users/New/.pico-sdk/sdk/2.0.0/src/rp2_common/hardware_timer/timer.c.obj
                0x10005298                timer_busy_wait_until
 .text.timer_busy_wait_us
                0x100052ae       0x30 CMakeFiles/pico-rk86.dir/C_/Users/New/.pico-sdk/sdk/2.0.0/src/rp2_common/hardware_timer/timer.c.obj
                0x100052ae                timer_busy_wait_us
 *fill*         0x100052de        0x2 
 .text.time_us_64
                0x100052e0       0x10 CMakeFiles/pico-rk86.dir/C_/Users/New/.pico-sdk/sdk/2.0.0/src/rp2_common/hardware_timer/timer.c.obj
                0x100052e0                time_us_64
 .text.busy_wait_us
                0x100052f0       0x14 CMakeFiles/pico-rk86.dir/C_/Users/New/.pico-sdk/sdk/2.0.0/src/rp2_common/hardware_timer/timer.c.obj
                0x100052f0                busy_wait_us
 .text.timer_busy_wait_us_32
                0x10005304       0x1c CMakeFiles/pico-rk86.dir/C_/Users/New/.pico-sdk/sdk/2.0.0/src/rp2_common/hardware_timer/timer.c.obj
                0x10005304                timer_busy_wait_us_32
 .text.timer_busy_wait_ms
                0x10005320       0x38 CMakeFiles/pico-rk86.dir/C_/Users/New/.pico-sdk/sdk/2.0.0/src/rp2_common/hardware_timer/timer.c.obj
                0x10005320                timer_busy_wait_ms
 .text.busy_wait_us_32
                0x10005358       0x10 CMakeFiles/pico-rk86.dir/C_/Users/New/.pico-sdk/sdk/2.0.0/src/rp2_common/hardware_timer/timer.c.obj
                0x10005358                busy_wait_us_32
 .text.busy_wait_ms
                0x10005368       0x10 CMakeFiles/pico-rk86.dir/C_/Users/New/.pico-sdk/sdk/2.0.0/src/rp2_common/hardware_timer/timer.c.obj
                0x10005368                busy_wait_ms
 .text.busy_wait_until
                0x10005378       0x14 CMakeFiles/pico-rk86.dir/C_/Users/New/.pico-sdk/sdk/2.0.0/src/rp2_common/hardware_timer/timer.c.obj
                0x10005378                busy_wait_until
 .text.clock_configure_internal
                0x1000538c       0xa8 CMakeFiles/pico-rk86.dir/C_/Users/New/.pico-sdk/sdk/2.0.0/src/rp2_common/hardware_clocks/clocks.c.obj
 .text.clock_configure_int_divider
                0x10005434       0x24 CMakeFiles/pico-rk86.dir/C_/Users/New/.pico-sdk/sdk/2.0.0/src/rp2_common/hardware_clocks/clocks.c.obj
                0x10005434                clock_configure_int_divider
 .text.clock_configure_undivided
                0x10005458        0xe CMakeFiles/pico-rk86.dir/C_/Users/New/.pico-sdk/sdk/2.0.0/src/rp2_common/hardware_clocks/clocks.c.obj
                0x10005458                clock_configure_undivided
 *fill*         0x10005466        0x2 
 .text.clock_get_hz
                0x10005468        0xc CMakeFiles/pico-rk86.dir/C_/Users/New/.pico-sdk/sdk/2.0.0/src/rp2_common/hardware_clocks/clocks.c.obj
                0x10005468                clock_get_hz
 .text.set_sys_clock_pll
                0x10005474       0x64 CMakeFiles/pico-rk86.dir/C_/Users/New/.pico-sdk/sdk/2.0.0/src/rp2_common/hardware_clocks/clocks.c.obj
                0x10005474                set_sys_clock_pll
 .text.check_sys_clock_khz
                0x100054d8       0x78 CMakeFiles/pico-rk86.dir/C_/Users/New/.pico-sdk/sdk/2.0.0/src/rp2_common/hardware_clocks/clocks.c.obj
                0x100054d8                check_sys_clock_khz
 .text.pll_init
                0x10005550       0x9c CMakeFiles/pico-rk86.dir/C_/Users/New/.pico-sdk/sdk/2.0.0/src/rp2_common/hardware_pll/pll.c.obj
                0x10005550                pll_init
 .text.tick_start
                0x100055ec       0x10 CMakeFiles/pico-rk86.dir/C_/Users/New/.pico-sdk/sdk/2.0.0/src/rp2_common/hardware_ticks/ticks.c.obj
                0x100055ec                tick_start
 .text.xosc_init
                0x100055fc       0x28 CMakeFiles/pico-rk86.dir/C_/Users/New/.pico-sdk/sdk/2.0.0/src/rp2_common/hardware_xosc/xosc.c.obj
                0x100055fc                xosc_init
 .text.xchg_spi
                0x10005624       0x20 CMakeFiles/pico-rk86.dir/drivers/sdcard/sdcard.c.obj
 .text._millis  0x10005644       0x20 CMakeFiles/pico-rk86.dir/drivers/sdcard/sdcard.c.obj
 .text.wait_ready
                0x10005664       0x2a CMakeFiles/pico-rk86.dir/drivers/sdcard/sdcard.c.obj
 *fill*         0x1000568e        0x2 
 .text.rcvr_datablock
                0x10005690       0x4c CMakeFiles/pico-rk86.dir/drivers/sdcard/sdcard.c.obj
 .text.xmit_datablock
                0x100056dc       0x4c CMakeFiles/pico-rk86.dir/drivers/sdcard/sdcard.c.obj
 .text.CS_HIGH  0x10005728       0x16 CMakeFiles/pico-rk86.dir/drivers/sdcard/sdcard.c.obj
 .text.deselect
                0x1000573e        0xe CMakeFiles/pico-rk86.dir/drivers/sdcard/sdcard.c.obj
 .text.CS_LOW   0x1000574c       0x16 CMakeFiles/pico-rk86.dir/drivers/sdcard/sdcard.c.obj
 .text._select  0x10005762       0x24 CMakeFiles/pico-rk86.dir/drivers/sdcard/sdcard.c.obj
 .text.send_cmd
                0x10005786       0x88 CMakeFiles/pico-rk86.dir/drivers/sdcard/sdcard.c.obj
 *fill*         0x1000580e        0x2 
 .text.disk_initialize
                0x10005810      0x1c8 CMakeFiles/pico-rk86.dir/drivers/sdcard/sdcard.c.obj
                0x10005810                disk_initialize
 .text.disk_status
                0x100059d8       0x14 CMakeFiles/pico-rk86.dir/drivers/sdcard/sdcard.c.obj
                0x100059d8                disk_status
 .text.disk_read
                0x100059ec       0x88 CMakeFiles/pico-rk86.dir/drivers/sdcard/sdcard.c.obj
                0x100059ec                disk_read
 .text.disk_write
                0x10005a74       0xb0 CMakeFiles/pico-rk86.dir/drivers/sdcard/sdcard.c.obj
                0x10005a74                disk_write
 .text.disk_ioctl
                0x10005b24      0x1d4 CMakeFiles/pico-rk86.dir/drivers/sdcard/sdcard.c.obj
                0x10005b24                disk_ioctl
 .text.ld_dword
                0x10005cf8       0x16 CMakeFiles/pico-rk86.dir/drivers/fatfs/ff.c.obj
 .text.ld_qword
                0x10005d0e       0x2c CMakeFiles/pico-rk86.dir/drivers/fatfs/ff.c.obj
 .text.st_dword
                0x10005d3a       0x10 CMakeFiles/pico-rk86.dir/drivers/fatfs/ff.c.obj
 .text.st_qword
                0x10005d4a       0x1e CMakeFiles/pico-rk86.dir/drivers/fatfs/ff.c.obj
 .text.clst2sect
                0x10005d68       0x18 CMakeFiles/pico-rk86.dir/drivers/fatfs/ff.c.obj
 .text.clmt_clust
                0x10005d80       0x32 CMakeFiles/pico-rk86.dir/drivers/fatfs/ff.c.obj
 .text.sum_sfn  0x10005db2       0x1c CMakeFiles/pico-rk86.dir/drivers/fatfs/ff.c.obj
 .text.xdir_sum
                0x10005dce       0x2a CMakeFiles/pico-rk86.dir/drivers/fatfs/ff.c.obj
 .text.get_ldnumber
                0x10005df8       0x2c CMakeFiles/pico-rk86.dir/drivers/fatfs/ff.c.obj
 .text.validate
                0x10005e24       0x3c CMakeFiles/pico-rk86.dir/drivers/fatfs/ff.c.obj
 .text.sync_window
                0x10005e60       0x44 CMakeFiles/pico-rk86.dir/drivers/fatfs/ff.c.obj
 .text.put_utf  0x10005ea4       0x3c CMakeFiles/pico-rk86.dir/drivers/fatfs/ff.c.obj
 .text.get_fileinfo
                0x10005ee0      0x1d6 CMakeFiles/pico-rk86.dir/drivers/fatfs/ff.c.obj
 .text.xname_sum
                0x100060b6       0x38 CMakeFiles/pico-rk86.dir/drivers/fatfs/ff.c.obj
 .text.st_clust
                0x100060ee       0x18 CMakeFiles/pico-rk86.dir/drivers/fatfs/ff.c.obj
 .text.move_window
                0x10006106       0x34 CMakeFiles/pico-rk86.dir/drivers/fatfs/ff.c.obj
 *fill*         0x1000613a        0x2 
 .text.check_fs
                0x1000613c      0x100 CMakeFiles/pico-rk86.dir/drivers/fatfs/ff.c.obj
 .text.change_bitmap
                0x1000623c       0x82 CMakeFiles/pico-rk86.dir/drivers/fatfs/ff.c.obj
 *fill*         0x100062be        0x2 
 .text.get_fat  0x100062c0      0x14c CMakeFiles/pico-rk86.dir/drivers/fatfs/ff.c.obj
 .text.dir_sdi  0x1000640c       0xa4 CMakeFiles/pico-rk86.dir/drivers/fatfs/ff.c.obj
 .text.put_fat  0x100064b0      0x122 CMakeFiles/pico-rk86.dir/drivers/fatfs/ff.c.obj
 .text.fill_last_frag
                0x100065d2       0x30 CMakeFiles/pico-rk86.dir/drivers/fatfs/ff.c.obj
 .text.fill_first_frag
                0x10006602       0x30 CMakeFiles/pico-rk86.dir/drivers/fatfs/ff.c.obj
 .text.remove_chain
                0x10006632       0xfe CMakeFiles/pico-rk86.dir/drivers/fatfs/ff.c.obj
 .text.dir_clear
                0x10006730       0x54 CMakeFiles/pico-rk86.dir/drivers/fatfs/ff.c.obj
 .text.sync_fs  0x10006784       0xb0 CMakeFiles/pico-rk86.dir/drivers/fatfs/ff.c.obj
 .text.mount_volume
                0x10006834      0x43c CMakeFiles/pico-rk86.dir/drivers/fatfs/ff.c.obj
 .text.create_chain
                0x10006c70      0x1f8 CMakeFiles/pico-rk86.dir/drivers/fatfs/ff.c.obj
 .text.dir_next
                0x10006e68       0xcc CMakeFiles/pico-rk86.dir/drivers/fatfs/ff.c.obj
 .text.dir_alloc
                0x10006f34       0x56 CMakeFiles/pico-rk86.dir/drivers/fatfs/ff.c.obj
 .text.dir_remove
                0x10006f8a       0x5a CMakeFiles/pico-rk86.dir/drivers/fatfs/ff.c.obj
 .text.load_xdir
                0x10006fe4       0xce CMakeFiles/pico-rk86.dir/drivers/fatfs/ff.c.obj
 .text.store_xdir
                0x100070b2       0x60 CMakeFiles/pico-rk86.dir/drivers/fatfs/ff.c.obj
 *fill*         0x10007112        0x2 
 .text.dir_read.constprop.0
                0x10007114      0x140 CMakeFiles/pico-rk86.dir/drivers/fatfs/ff.c.obj
 .text.dir_find
                0x10007254      0x1ec CMakeFiles/pico-rk86.dir/drivers/fatfs/ff.c.obj
 .text.dir_register
                0x10007440      0x390 CMakeFiles/pico-rk86.dir/drivers/fatfs/ff.c.obj
 .text.init_alloc_info.isra.0
                0x100077d0       0x2a CMakeFiles/pico-rk86.dir/drivers/fatfs/ff.c.obj
 .text.ld_clust.isra.0
                0x100077fa       0x1c CMakeFiles/pico-rk86.dir/drivers/fatfs/ff.c.obj
 *fill*         0x10007816        0x2 
 .text.follow_path
                0x10007818      0x314 CMakeFiles/pico-rk86.dir/drivers/fatfs/ff.c.obj
 .text.f_mount  0x10007b2c       0x4c CMakeFiles/pico-rk86.dir/drivers/fatfs/ff.c.obj
                0x10007b2c                f_mount
 .text.f_open   0x10007b78      0x282 CMakeFiles/pico-rk86.dir/drivers/fatfs/ff.c.obj
                0x10007b78                f_open
 .text.f_read   0x10007dfa      0x1ae CMakeFiles/pico-rk86.dir/drivers/fatfs/ff.c.obj
                0x10007dfa                f_read
 .text.f_write  0x10007fa8      0x1f6 CMakeFiles/pico-rk86.dir/drivers/fatfs/ff.c.obj
                0x10007fa8                f_write
 .text.f_sync   0x1000819e      0x154 CMakeFiles/pico-rk86.dir/drivers/fatfs/ff.c.obj
                0x1000819e                f_sync
 .text.f_close  0x100082f2       0x1c CMakeFiles/pico-rk86.dir/drivers/fatfs/ff.c.obj
                0x100082f2                f_close
 .text.f_opendir
                0x1000830e       0x8e CMakeFiles/pico-rk86.dir/drivers/fatfs/ff.c.obj
                0x1000830e                f_opendir
 .text.f_closedir
                0x1000839c       0x12 CMakeFiles/pico-rk86.dir/drivers/fatfs/ff.c.obj
                0x1000839c                f_closedir
 .text.f_readdir
                0x100083ae       0x46 CMakeFiles/pico-rk86.dir/drivers/fatfs/ff.c.obj
                0x100083ae                f_readdir
 .text.f_stat   0x100083f4       0x42 CMakeFiles/pico-rk86.dir/drivers/fatfs/ff.c.obj
                0x100083f4                f_stat
 .text.f_unlink
                0x10008436       0xc6 CMakeFiles/pico-rk86.dir/drivers/fatfs/ff.c.obj
                0x10008436                f_unlink
 .text.f_rename
                0x100084fc      0x19e CMakeFiles/pico-rk86.dir/drivers/fatfs/ff.c.obj
                0x100084fc                f_rename
 *fill*         0x1000869a        0x2 
 .text.ff_uni2oem
                0x1000869c       0x38 CMakeFiles/pico-rk86.dir/drivers/fatfs/ffunicode.c.obj
                0x1000869c                ff_uni2oem
 .text.ff_oem2uni
                0x100086d4       0x2c CMakeFiles/pico-rk86.dir/drivers/fatfs/ffunicode.c.obj
                0x100086d4                ff_oem2uni
 .text.ff_wtoupper
                0x10008700       0x94 CMakeFiles/pico-rk86.dir/drivers/fatfs/ffunicode.c.obj
                0x10008700                ff_wtoupper
 .text.first_per_core_initializer
                0x10008794        0x2 CMakeFiles/pico-rk86.dir/C_/Users/New/.pico-sdk/sdk/2.0.0/src/rp2_common/pico_runtime/runtime.c.obj
 *fill*         0x10008796        0x2 
 .text.hard_assertion_failure
                0x10008798        0xc CMakeFiles/pico-rk86.dir/C_/Users/New/.pico-sdk/sdk/2.0.0/src/rp2_common/pico_runtime/runtime.c.obj
                0x10008798                hard_assertion_failure
 .text.runtime_run_initializers
                0x100087a4       0x1c CMakeFiles/pico-rk86.dir/C_/Users/New/.pico-sdk/sdk/2.0.0/src/rp2_common/pico_runtime/runtime.c.obj
                0x100087a4                runtime_run_initializers
 .text.runtime_run_per_core_initializers
                0x100087c0       0x1c CMakeFiles/pico-rk86.dir/C_/Users/New/.pico-sdk/sdk/2.0.0/src/rp2_common/pico_runtime/runtime.c.obj
                0x100087c0                runtime_run_per_core_initializers
 .text.runtime_init_early_resets
                0x100087dc       0x2c CMakeFiles/pico-rk86.dir/C_/Users/New/.pico-sdk/sdk/2.0.0/src/rp2_common/pico_runtime_init/runtime_init.c.obj
                0x100087dc                runtime_init_early_resets
 .text.runtime_init_usb_power_down
                0x10008808       0x1c CMakeFiles/pico-rk86.dir/C_/Users/New/.pico-sdk/sdk/2.0.0/src/rp2_common/pico_runtime_init/runtime_init.c.obj
                0x10008808                runtime_init_usb_power_down
 .text.runtime_init_post_clock_resets
                0x10008824       0x20 CMakeFiles/pico-rk86.dir/C_/Users/New/.pico-sdk/sdk/2.0.0/src/rp2_common/pico_runtime_init/runtime_init.c.obj
                0x10008824                runtime_init_post_clock_resets
 .text.runtime_init_rp2040_gpio_ie_disable
                0x10008844       0x14 CMakeFiles/pico-rk86.dir/C_/Users/New/.pico-sdk/sdk/2.0.0/src/rp2_common/pico_runtime_init/runtime_init.c.obj
                0x10008844                runtime_init_rp2040_gpio_ie_disable
 .text.runtime_init_spin_locks_reset
                0x10008858        0x8 CMakeFiles/pico-rk86.dir/C_/Users/New/.pico-sdk/sdk/2.0.0/src/rp2_common/pico_runtime_init/runtime_init.c.obj
                0x10008858                runtime_init_spin_locks_reset
 .text.runtime_init_install_ram_vector_table
                0x10008860       0x1c CMakeFiles/pico-rk86.dir/C_/Users/New/.pico-sdk/sdk/2.0.0/src/rp2_common/pico_runtime_init/runtime_init.c.obj
                0x10008860                runtime_init_install_ram_vector_table
 .text.runtime_init_clocks
                0x1000887c       0xd4 CMakeFiles/pico-rk86.dir/C_/Users/New/.pico-sdk/sdk/2.0.0/src/rp2_common/pico_runtime_init/runtime_init_clocks.c.obj
                0x1000887c                runtime_init_clocks
 .text          0x10008950       0x10 CMakeFiles/pico-rk86.dir/C_/Users/New/.pico-sdk/sdk/2.0.0/src/rp2_common/pico_bit_ops/bit_ops_aeabi.S.obj
 .text.ctzsi    0x10008960        0xc CMakeFiles/pico-rk86.dir/C_/Users/New/.pico-sdk/sdk/2.0.0/src/rp2_common/pico_bit_ops/bit_ops_aeabi.S.obj
                0x10008960                __wrap___ctzsi2
 .text.rom_func_lookup
                0x1000896c       0x10 CMakeFiles/pico-rk86.dir/C_/Users/New/.pico-sdk/sdk/2.0.0/src/rp2_common/pico_bootrom/bootrom.c.obj
                0x1000896c                rom_func_lookup
 .text.rom_data_lookup
                0x1000897c       0x10 CMakeFiles/pico-rk86.dir/C_/Users/New/.pico-sdk/sdk/2.0.0/src/rp2_common/pico_bootrom/bootrom.c.obj
                0x1000897c                rom_data_lookup
 .text.rom_funcs_lookup
                0x1000898c       0x26 CMakeFiles/pico-rk86.dir/C_/Users/New/.pico-sdk/sdk/2.0.0/src/rp2_common/pico_bootrom/bootrom.c.obj
                0x1000898c                rom_funcs_lookup
 *fill*         0x100089b2        0x2 
 .text.rom_reset_usb_boot
                0x100089b4       0x18 CMakeFiles/pico-rk86.dir/C_/Users/New/.pico-sdk/sdk/2.0.0/src/rp2_common/pico_bootrom/bootrom.c.obj
                0x100089b4                rom_reset_usb_boot
 .text.__wrap___aeabi_idiv
                0x100089cc       0x50 CMakeFiles/pico-rk86.dir/C_/Users/New/.pico-sdk/sdk/2.0.0/src/rp2_common/pico_divider/divider_hardware.S.obj
                0x100089cc                __wrap___aeabi_idivmod
                0x100089cc                divmod_s32s32
                0x100089cc                div_s32s32
                0x100089cc                __wrap___aeabi_idiv
                0x100089d4                divmod_s32s32_unsafe
                0x10008a00                divmod_s32s32_savestate
 .text.__wrap___aeabi_uidiv
                0x10008a1c       0x4c CMakeFiles/pico-rk86.dir/C_/Users/New/.pico-sdk/sdk/2.0.0/src/rp2_common/pico_divider/divider_hardware.S.obj
                0x10008a1c                __wrap___aeabi_uidiv
                0x10008a1c                __wrap___aeabi_uidivmod
                0x10008a1c                div_u32u32
                0x10008a1c                divmod_u32u32
                0x10008a24                divmod_u32u32_unsafe
                0x10008a4c                divmod_u32u32_savestate
 .text.__wrap___aeabi_ldiv
                0x10008a68      0x424 CMakeFiles/pico-rk86.dir/C_/Users/New/.pico-sdk/sdk/2.0.0/src/rp2_common/pico_divider/divider_hardware.S.obj
                0x10008a68                div_s64s64
                0x10008a68                divmod_s64s64
                0x10008a68                __wrap___aeabi_ldivmod
                0x10008a98                divmod_u64u64
                0x10008a98                div_u64u64
                0x10008a98                __wrap___aeabi_uldivmod
                0x10008aa8                divmod_u64u64_savestate
                0x10008ac8                divmod_s64s64_unsafe
                0x10008b50                divmod_u64u64_unsafe
 .text.__wrap___aeabi_darithmetic
                0x10008e8c       0x80 CMakeFiles/pico-rk86.dir/C_/Users/New/.pico-sdk/sdk/2.0.0/src/rp2_common/pico_double/double_aeabi_rp2040.S.obj
                0x10008e8c                __wrap___aeabi_drsub
                0x10008e92                __wrap___aeabi_dsub
                0x10008ea4                __wrap___aeabi_dadd
                0x10008eb6                __wrap___aeabi_ddiv
                0x10008ef2                __wrap___aeabi_dmul
 .text.__wrap___aeabi_cdcmple
                0x10008f0c       0x6c CMakeFiles/pico-rk86.dir/C_/Users/New/.pico-sdk/sdk/2.0.0/src/rp2_common/pico_double/double_aeabi_rp2040.S.obj
                0x10008f0c                __wrap___aeabi_cdrcmple
                0x10008f1c                __wrap___aeabi_cdcmpeq
                0x10008f1c                __wrap___aeabi_cdcmple
 .text.__wrap___aeabi_dcmpeq
                0x10008f78       0x10 CMakeFiles/pico-rk86.dir/C_/Users/New/.pico-sdk/sdk/2.0.0/src/rp2_common/pico_double/double_aeabi_rp2040.S.obj
                0x10008f78                __wrap___aeabi_dcmpeq
 .text.__wrap___aeabi_dcmplt
                0x10008f88        0xc CMakeFiles/pico-rk86.dir/C_/Users/New/.pico-sdk/sdk/2.0.0/src/rp2_common/pico_double/double_aeabi_rp2040.S.obj
                0x10008f88                __wrap___aeabi_dcmplt
 .text.__wrap___aeabi_dcmple
                0x10008f94       0x10 CMakeFiles/pico-rk86.dir/C_/Users/New/.pico-sdk/sdk/2.0.0/src/rp2_common/pico_double/double_aeabi_rp2040.S.obj
                0x10008f94                __wrap___aeabi_dcmple
 .text.__wrap___aeabi_dcmpge
                0x10008fa4       0x10 CMakeFiles/pico-rk86.dir/C_/Users/New/.pico-sdk/sdk/2.0.0/src/rp2_common/pico_double/double_aeabi_rp2040.S.obj
                0x10008fa4                __wrap___aeabi_dcmpge
 .text.__wrap___aeabi_dcmpgt
                0x10008fb4        0xa CMakeFiles/pico-rk86.dir/C_/Users/New/.pico-sdk/sdk/2.0.0/src/rp2_common/pico_double/double_aeabi_rp2040.S.obj
                0x10008fb4                __wrap___aeabi_dcmpgt
 *fill*         0x10008fbe        0x2 
 .text.__wrap___aeabi_i2d
                0x10008fc0       0x38 CMakeFiles/pico-rk86.dir/C_/Users/New/.pico-sdk/sdk/2.0.0/src/rp2_common/pico_double/double_aeabi_rp2040.S.obj
                0x10008fc0                __wrap___aeabi_ui2d
                0x10008fc8                __wrap___aeabi_i2d
 .text.__wrap___aeabi_d2iz
                0x10008ff8       0x48 CMakeFiles/pico-rk86.dir/C_/Users/New/.pico-sdk/sdk/2.0.0/src/rp2_common/pico_double/double_aeabi_rp2040.S.obj
                0x10008ff8                double2int_z
                0x10008ff8                __wrap___aeabi_d2iz
 .text.__wrap___aeabi_d2uiz
                0x10009040       0x18 CMakeFiles/pico-rk86.dir/C_/Users/New/.pico-sdk/sdk/2.0.0/src/rp2_common/pico_double/double_aeabi_rp2040.S.obj
                0x10009040                __wrap___aeabi_d2uiz
                0x10009040                double2uint
 .text.__wrap___aeabi_d2f
                0x10009058       0x18 CMakeFiles/pico-rk86.dir/C_/Users/New/.pico-sdk/sdk/2.0.0/src/rp2_common/pico_double/double_aeabi_rp2040.S.obj
                0x10009058                __wrap___aeabi_d2f
 .text.__aeabi_double_init
                0x10009070       0x64 CMakeFiles/pico-rk86.dir/C_/Users/New/.pico-sdk/sdk/2.0.0/src/rp2_common/pico_double/double_init_rom_rp2040.c.obj
                0x10009070                __aeabi_double_init
 .text.double_table_shim_on_use_helper
                0x100090d4       0x2c CMakeFiles/pico-rk86.dir/C_/Users/New/.pico-sdk/sdk/2.0.0/src/rp2_common/pico_double/double_v1_rom_shim_rp2040.S.obj
                0x100090d4                double_table_shim_on_use_helper
 .text.__wrap___aeabi_dsub
                0x10009100       0x10 CMakeFiles/pico-rk86.dir/C_/Users/New/.pico-sdk/sdk/2.0.0/src/rp2_common/pico_double/double_v1_rom_shim_rp2040.S.obj
                0x10009100                drsub_shim
                0x10009106                dsub_shim
 .text.dadd_shim
                0x10009110      0x15c CMakeFiles/pico-rk86.dir/C_/Users/New/.pico-sdk/sdk/2.0.0/src/rp2_common/pico_double/double_v1_rom_shim_rp2040.S.obj
                0x10009110                dadd_shim
 .text.dmul_shim
                0x1000926c      0x15c CMakeFiles/pico-rk86.dir/C_/Users/New/.pico-sdk/sdk/2.0.0/src/rp2_common/pico_double/double_v1_rom_shim_rp2040.S.obj
                0x1000926c                dmul_shim
 .text.ddiv_shim
                0x100093c8      0x1b0 CMakeFiles/pico-rk86.dir/C_/Users/New/.pico-sdk/sdk/2.0.0/src/rp2_common/pico_double/double_v1_rom_shim_rp2040.S.obj
                0x100093c8                ddiv_shim
 .text.double2uint_shim
                0x10009578        0xe CMakeFiles/pico-rk86.dir/C_/Users/New/.pico-sdk/sdk/2.0.0/src/rp2_common/pico_double/double_v1_rom_shim_rp2040.S.obj
                0x10009578                double2uint_shim
                0x1000957a                double2ufix_shim
 *fill*         0x10009586        0x2 
 .text.double2uint64_shim
                0x10009588       0x70 CMakeFiles/pico-rk86.dir/C_/Users/New/.pico-sdk/sdk/2.0.0/src/rp2_common/pico_double/double_v1_rom_shim_rp2040.S.obj
                0x10009588                double2uint64_shim
                0x1000958a                double2ufix64_shim
                0x100095aa                d2fix_a
 .text.double2float_shim
                0x100095f8       0x5c CMakeFiles/pico-rk86.dir/C_/Users/New/.pico-sdk/sdk/2.0.0/src/rp2_common/pico_double/double_v1_rom_shim_rp2040.S.obj
                0x100095f8                double2float_shim
 .text.dunpacks
                0x10009654       0x3c CMakeFiles/pico-rk86.dir/C_/Users/New/.pico-sdk/sdk/2.0.0/src/rp2_common/pico_double/double_v1_rom_shim_rp2040.S.obj
                0x10009654                dunpacks
 .text.__aeabi_lmul
                0x10009690       0x32 CMakeFiles/pico-rk86.dir/C_/Users/New/.pico-sdk/sdk/2.0.0/src/rp2_common/pico_int64_ops/pico_int64_ops_aeabi.S.obj
                0x10009690                __wrap___aeabi_lmul
 *fill*         0x100096c2        0x2 
 .text.__wrap___aeabi_farithmetic
                0x100096c4       0x48 CMakeFiles/pico-rk86.dir/C_/Users/New/.pico-sdk/sdk/2.0.0/src/rp2_common/pico_float/float_aeabi_rp2040.S.obj
                0x100096c4                __wrap___aeabi_frsub
                0x100096ca                __wrap___aeabi_fsub
                0x100096d0                __wrap___aeabi_fadd
                0x100096d6                __wrap___aeabi_fdiv
                0x100096fe                __wrap___aeabi_fmul
 .text.__wrap___aeabi_cfcmple
                0x1000970c       0x50 CMakeFiles/pico-rk86.dir/C_/Users/New/.pico-sdk/sdk/2.0.0/src/rp2_common/pico_float/float_aeabi_rp2040.S.obj
                0x1000970c                __wrap___aeabi_cfrcmple
                0x10009718                __wrap___aeabi_cfcmple
                0x10009718                __wrap___aeabi_cfcmpeq
 .text.__wrap___aeabi_fcmpeq
                0x1000975c       0x10 CMakeFiles/pico-rk86.dir/C_/Users/New/.pico-sdk/sdk/2.0.0/src/rp2_common/pico_float/float_aeabi_rp2040.S.obj
                0x1000975c                __wrap___aeabi_fcmpeq
 .text.__wrap___aeabi_fcmplt
                0x1000976c        0xc CMakeFiles/pico-rk86.dir/C_/Users/New/.pico-sdk/sdk/2.0.0/src/rp2_common/pico_float/float_aeabi_rp2040.S.obj
                0x1000976c                __wrap___aeabi_fcmplt
 .text.__wrap___aeabi_ui2f
                0x10009778        0xa CMakeFiles/pico-rk86.dir/C_/Users/New/.pico-sdk/sdk/2.0.0/src/rp2_common/pico_float/float_aeabi_rp2040.S.obj
                0x10009778                __wrap___aeabi_ui2f
                0x10009778                uint2float
 *fill*         0x10009782        0x2 
 .text.__wrap___aeabi_i2f
                0x10009784       0x44 CMakeFiles/pico-rk86.dir/C_/Users/New/.pico-sdk/sdk/2.0.0/src/rp2_common/pico_float/float_aeabi_rp2040.S.obj
                0x10009784                __wrap___aeabi_i2f
                0x10009784                int2float
 .text.__wrap___aeabi_f2uiz
                0x100097c8        0xc CMakeFiles/pico-rk86.dir/C_/Users/New/.pico-sdk/sdk/2.0.0/src/rp2_common/pico_float/float_aeabi_rp2040.S.obj
                0x100097c8                __wrap___aeabi_f2uiz
                0x100097c8                float2uint_z
 .text.__wrap___aeabi_f2d
                0x100097d4       0x14 CMakeFiles/pico-rk86.dir/C_/Users/New/.pico-sdk/sdk/2.0.0/src/rp2_common/pico_float/float_aeabi_rp2040.S.obj
                0x100097d4                __wrap___aeabi_f2d
 .text.__aeabi_float_init
                0x100097e8       0x5c CMakeFiles/pico-rk86.dir/C_/Users/New/.pico-sdk/sdk/2.0.0/src/rp2_common/pico_float/float_init_rom_rp2040.c.obj
                0x100097e8                __aeabi_float_init
 .text.float_table_shim_on_use_helper
                0x10009844       0x2c CMakeFiles/pico-rk86.dir/C_/Users/New/.pico-sdk/sdk/2.0.0/src/rp2_common/pico_float/float_v1_rom_shim_rp2040.S.obj
                0x10009844                float_table_shim_on_use_helper
 .text.float2double_shim
                0x10009870       0x30 CMakeFiles/pico-rk86.dir/C_/Users/New/.pico-sdk/sdk/2.0.0/src/rp2_common/pico_float/float_v1_rom_shim_rp2040.S.obj
                0x10009870                float2double_shim
 .text.check_alloc
                0x100098a0       0x20 CMakeFiles/pico-rk86.dir/C_/Users/New/.pico-sdk/sdk/2.0.0/src/rp2_common/pico_malloc/malloc.c.obj
 .text.__wrap_malloc
                0x100098c0       0x2c CMakeFiles/pico-rk86.dir/C_/Users/New/.pico-sdk/sdk/2.0.0/src/rp2_common/pico_malloc/malloc.c.obj
                0x100098c0                __wrap_malloc
 .text.__wrap_calloc
                0x100098ec       0x30 CMakeFiles/pico-rk86.dir/C_/Users/New/.pico-sdk/sdk/2.0.0/src/rp2_common/pico_malloc/malloc.c.obj
                0x100098ec                __wrap_calloc
 .text.__wrap_free
                0x1000991c       0x20 CMakeFiles/pico-rk86.dir/C_/Users/New/.pico-sdk/sdk/2.0.0/src/rp2_common/pico_malloc/malloc.c.obj
                0x1000991c                __wrap_free
 .text          0x1000993c       0x10 CMakeFiles/pico-rk86.dir/C_/Users/New/.pico-sdk/sdk/2.0.0/src/rp2_common/pico_mem_ops/mem_ops_aeabi.S.obj
                0x1000993c                __aeabi_mem_init
 .text.memset   0x1000994c        0xc CMakeFiles/pico-rk86.dir/C_/Users/New/.pico-sdk/sdk/2.0.0/src/rp2_common/pico_mem_ops/mem_ops_aeabi.S.obj
                0x1000994c                __wrap_memset
 .text.memcpy   0x10009958        0xc CMakeFiles/pico-rk86.dir/C_/Users/New/.pico-sdk/sdk/2.0.0/src/rp2_common/pico_mem_ops/mem_ops_aeabi.S.obj
                0x10009958                __wrap_memcpy
                0x10009958                __wrap___aeabi_memcpy
 .text._Znwj    0x10009964        0x8 CMakeFiles/pico-rk86.dir/C_/Users/New/.pico-sdk/sdk/2.0.0/src/rp2_common/pico_cxx_options/new_delete.cpp.obj
                0x10009964                operator new(unsigned int)
 .text._ZdlPvj  0x1000996c        0x8 CMakeFiles/pico-rk86.dir/C_/Users/New/.pico-sdk/sdk/2.0.0/src/rp2_common/pico_cxx_options/new_delete.cpp.obj
                0x1000996c                operator delete(void*, unsigned int)
 .text._out_buffer
                0x10009974        0x8 CMakeFiles/pico-rk86.dir/C_/Users/New/.pico-sdk/sdk/2.0.0/src/rp2_common/pico_printf/printf.c.obj
 .text._out_null
                0x1000997c        0x2 CMakeFiles/pico-rk86.dir/C_/Users/New/.pico-sdk/sdk/2.0.0/src/rp2_common/pico_printf/printf.c.obj
 .text._out_rev
                0x1000997e       0x7a CMakeFiles/pico-rk86.dir/C_/Users/New/.pico-sdk/sdk/2.0.0/src/rp2_common/pico_printf/printf.c.obj
 .text._ntoa_format
                0x100099f8       0xf6 CMakeFiles/pico-rk86.dir/C_/Users/New/.pico-sdk/sdk/2.0.0/src/rp2_common/pico_printf/printf.c.obj
 .text._ntoa_long
                0x10009aee       0x90 CMakeFiles/pico-rk86.dir/C_/Users/New/.pico-sdk/sdk/2.0.0/src/rp2_common/pico_printf/printf.c.obj
 .text._ntoa_long_long
                0x10009b7e       0xbc CMakeFiles/pico-rk86.dir/C_/Users/New/.pico-sdk/sdk/2.0.0/src/rp2_common/pico_printf/printf.c.obj
 *fill*         0x10009c3a        0x2 
 .text._etoa    0x10009c3c      0x360 CMakeFiles/pico-rk86.dir/C_/Users/New/.pico-sdk/sdk/2.0.0/src/rp2_common/pico_printf/printf.c.obj
 .text._ftoa    0x10009f9c      0x274 CMakeFiles/pico-rk86.dir/C_/Users/New/.pico-sdk/sdk/2.0.0/src/rp2_common/pico_printf/printf.c.obj
 .text._out_char
                0x1000a210        0xc CMakeFiles/pico-rk86.dir/C_/Users/New/.pico-sdk/sdk/2.0.0/src/rp2_common/pico_printf/printf.c.obj
 .text._out_fct
                0x1000a21c        0xe CMakeFiles/pico-rk86.dir/C_/Users/New/.pico-sdk/sdk/2.0.0/src/rp2_common/pico_printf/printf.c.obj
 *fill*         0x1000a22a        0x2 
 .text._vsnprintf
                0x1000a22c      0x554 CMakeFiles/pico-rk86.dir/C_/Users/New/.pico-sdk/sdk/2.0.0/src/rp2_common/pico_printf/printf.c.obj
 .text.__wrap_snprintf
                0x1000a780       0x28 CMakeFiles/pico-rk86.dir/C_/Users/New/.pico-sdk/sdk/2.0.0/src/rp2_common/pico_printf/printf.c.obj
                0x1000a780                __wrap_snprintf
 .text.vfctprintf
                0x1000a7a8       0x20 CMakeFiles/pico-rk86.dir/C_/Users/New/.pico-sdk/sdk/2.0.0/src/rp2_common/pico_printf/printf.c.obj
                0x1000a7a8                vfctprintf
 .text.weak_raw_vprintf
                0x1000a7c8       0x34 CMakeFiles/pico-rk86.dir/C_/Users/New/.pico-sdk/sdk/2.0.0/src/rp2_common/pico_printf/printf.c.obj
                0x1000a7c8                weak_raw_vprintf
 .text._exit    0x1000a7fc        0x4 CMakeFiles/pico-rk86.dir/C_/Users/New/.pico-sdk/sdk/2.0.0/src/rp2_common/pico_clib_interface/newlib_interface.c.obj
                0x1000a7fc                _exit
 .text._sbrk    0x1000a800       0x30 CMakeFiles/pico-rk86.dir/C_/Users/New/.pico-sdk/sdk/2.0.0/src/rp2_common/pico_clib_interface/newlib_interface.c.obj
                0x1000a800                _sbrk
 .text.exit     0x1000a830        0x6 CMakeFiles/pico-rk86.dir/C_/Users/New/.pico-sdk/sdk/2.0.0/src/rp2_common/pico_clib_interface/newlib_interface.c.obj
                0x1000a830                exit
 *fill*         0x1000a836        0x2 
 .text.runtime_init
                0x1000a838       0x20 CMakeFiles/pico-rk86.dir/C_/Users/New/.pico-sdk/sdk/2.0.0/src/rp2_common/pico_clib_interface/newlib_interface.c.obj
                0x1000a838                runtime_init
 .text.stdio_out_chars_no_crlf
                0x1000a858        0xe CMakeFiles/pico-rk86.dir/C_/Users/New/.pico-sdk/sdk/2.0.0/src/rp2_common/pico_stdio/stdio.c.obj
 *fill*         0x1000a866        0x2 
 .text.stdio_out_chars_crlf
                0x1000a868       0x7c CMakeFiles/pico-rk86.dir/C_/Users/New/.pico-sdk/sdk/2.0.0/src/rp2_common/pico_stdio/stdio.c.obj
 .text.stdio_stack_buffer_flush.part.0
                0x1000a8e4       0x38 CMakeFiles/pico-rk86.dir/C_/Users/New/.pico-sdk/sdk/2.0.0/src/rp2_common/pico_stdio/stdio.c.obj
 .text.stdio_buffered_printer
                0x1000a91c       0x1e CMakeFiles/pico-rk86.dir/C_/Users/New/.pico-sdk/sdk/2.0.0/src/rp2_common/pico_stdio/stdio.c.obj
 *fill*         0x1000a93a        0x2 
 .text.stdout_serialize_begin
                0x1000a93c       0x30 CMakeFiles/pico-rk86.dir/C_/Users/New/.pico-sdk/sdk/2.0.0/src/rp2_common/pico_stdio/stdio.c.obj
                0x1000a93c                stdout_serialize_begin
 .text.stdout_serialize_end
                0x1000a96c       0x10 CMakeFiles/pico-rk86.dir/C_/Users/New/.pico-sdk/sdk/2.0.0/src/rp2_common/pico_stdio/stdio.c.obj
                0x1000a96c                stdout_serialize_end
 .text.stdio_put_string
                0x1000a97c       0x80 CMakeFiles/pico-rk86.dir/C_/Users/New/.pico-sdk/sdk/2.0.0/src/rp2_common/pico_stdio/stdio.c.obj
                0x1000a97c                stdio_put_string
 .text.stdio_flush
                0x1000a9fc       0x1c CMakeFiles/pico-rk86.dir/C_/Users/New/.pico-sdk/sdk/2.0.0/src/rp2_common/pico_stdio/stdio.c.obj
                0x1000a9fc                stdio_flush
 .text.stdio_init_all
                0x1000aa18        0x8 CMakeFiles/pico-rk86.dir/C_/Users/New/.pico-sdk/sdk/2.0.0/src/rp2_common/pico_stdio/stdio.c.obj
                0x1000aa18                stdio_init_all
 .text.__wrap_putchar
                0x1000aa20       0x18 CMakeFiles/pico-rk86.dir/C_/Users/New/.pico-sdk/sdk/2.0.0/src/rp2_common/pico_stdio/stdio.c.obj
                0x1000aa20                __wrap_putchar
                0x1000aa20                stdio_putchar
 .text.__wrap_puts
                0x1000aa38       0x1e CMakeFiles/pico-rk86.dir/C_/Users/New/.pico-sdk/sdk/2.0.0/src/rp2_common/pico_stdio/stdio.c.obj
                0x1000aa38                stdio_puts
                0x1000aa38                __wrap_puts
 *fill*         0x1000aa56        0x2 
 .text.__wrap_vprintf
                0x1000aa58       0x44 CMakeFiles/pico-rk86.dir/C_/Users/New/.pico-sdk/sdk/2.0.0/src/rp2_common/pico_stdio/stdio.c.obj
                0x1000aa58                stdio_vprintf
                0x1000aa58                __wrap_vprintf
 .text.__wrap_printf
                0x1000aa9c       0x16 CMakeFiles/pico-rk86.dir/C_/Users/New/.pico-sdk/sdk/2.0.0/src/rp2_common/pico_stdio/stdio.c.obj
                0x1000aa9c                __wrap_printf
                0x1000aa9c                stdio_printf
 .text.stdio_usb_init
                0x1000aab2        0x4 CMakeFiles/pico-rk86.dir/C_/Users/New/.pico-sdk/sdk/2.0.0/src/rp2_common/pico_stdio_usb/stdio_usb.c.obj
                0x1000aab2                stdio_usb_init
 *fill*         0x1000aab6        0x2 
 .text.startup._retrieve_unique_id_on_boot
                0x1000aab8       0x10 CMakeFiles/pico-rk86.dir/C_/Users/New/.pico-sdk/sdk/2.0.0/src/rp2_common/pico_unique_id/unique_id.c.obj
 .text.flash_get_unique_id
                0x1000aac8       0x3c CMakeFiles/pico-rk86.dir/C_/Users/New/.pico-sdk/sdk/2.0.0/src/rp2_common/hardware_flash/flash.c.obj
                0x1000aac8                flash_get_unique_id
 .text.spi_set_baudrate
                0x1000ab04       0xc0 CMakeFiles/pico-rk86.dir/C_/Users/New/.pico-sdk/sdk/2.0.0/src/rp2_common/hardware_spi/spi.c.obj
                0x1000ab04                spi_set_baudrate
 .text.spi_init
                0x1000abc4       0x78 CMakeFiles/pico-rk86.dir/C_/Users/New/.pico-sdk/sdk/2.0.0/src/rp2_common/hardware_spi/spi.c.obj
                0x1000abc4                spi_init
 .text.dma_channel_wait_for_finish_blocking
                0x1000ac3c       0x14 CMakeFiles/pico-rk86.dir/drivers/psram/psram_spi.c.obj
 .text.dma_channel_get_default_config
                0x1000ac50       0x14 CMakeFiles/pico-rk86.dir/drivers/psram/psram_spi.c.obj
 .text.psram_spi_init_clkdiv
                0x1000ac64      0x2cc CMakeFiles/pico-rk86.dir/drivers/psram/psram_spi.c.obj
                0x1000ac64                psram_spi_init_clkdiv
 .text.init_psram
                0x1000af30      0x108 CMakeFiles/pico-rk86.dir/drivers/psram/psram_spi.c.obj
                0x1000af30                init_psram
 .text.pio_gpio_init
                0x1000b038       0x1c CMakeFiles/pico-rk86.dir/drivers/nespad/nespad.cpp.obj
 .text.nespad_begin
                0x1000b054      0x140 CMakeFiles/pico-rk86.dir/drivers/nespad/nespad.cpp.obj
                0x1000b054                nespad_begin
 .text.nespad_read
                0x1000b194       0xbc CMakeFiles/pico-rk86.dir/drivers/nespad/nespad.cpp.obj
                0x1000b194                nespad_read
 .text.multicore_fifo_pop_blocking_inline
                0x1000b250       0x14 CMakeFiles/pico-rk86.dir/C_/Users/New/.pico-sdk/sdk/2.0.0/src/rp2_common/pico_multicore/multicore.c.obj
 .text.core1_trampoline
                0x1000b264        0x2 CMakeFiles/pico-rk86.dir/C_/Users/New/.pico-sdk/sdk/2.0.0/src/rp2_common/pico_multicore/multicore.c.obj
 .text.core1_wrapper
                0x1000b266        0xc CMakeFiles/pico-rk86.dir/C_/Users/New/.pico-sdk/sdk/2.0.0/src/rp2_common/pico_multicore/multicore.c.obj
                0x1000b266                core1_wrapper
 *fill*         0x1000b272        0x2 
 .text.check_lockout_mutex_init
                0x1000b274       0x20 CMakeFiles/pico-rk86.dir/C_/Users/New/.pico-sdk/sdk/2.0.0/src/rp2_common/pico_multicore/multicore.c.obj
 .text.multicore_fifo_push_blocking_inline
                0x1000b294       0x12 CMakeFiles/pico-rk86.dir/C_/Users/New/.pico-sdk/sdk/2.0.0/src/rp2_common/pico_multicore/multicore.c.obj
 .text.multicore_launch_core1_raw
                0x1000b2a6       0x6a CMakeFiles/pico-rk86.dir/C_/Users/New/.pico-sdk/sdk/2.0.0/src/rp2_common/pico_multicore/multicore.c.obj
                0x1000b2a6                multicore_launch_core1_raw
 .text.multicore_launch_core1_with_stack
                0x1000b310       0x34 CMakeFiles/pico-rk86.dir/C_/Users/New/.pico-sdk/sdk/2.0.0/src/rp2_common/pico_multicore/multicore.c.obj
                0x1000b310                multicore_launch_core1_with_stack
 .text.multicore_launch_core1
                0x1000b344       0x20 CMakeFiles/pico-rk86.dir/C_/Users/New/.pico-sdk/sdk/2.0.0/src/rp2_common/pico_multicore/multicore.c.obj
                0x1000b344                multicore_launch_core1
 .text.multicore_lockout_victim_init
                0x1000b364       0x30 CMakeFiles/pico-rk86.dir/C_/Users/New/.pico-sdk/sdk/2.0.0/src/rp2_common/pico_multicore/multicore.c.obj
                0x1000b364                multicore_lockout_victim_init
 .text.dma_claim_unused_channel
                0x1000b394       0x20 CMakeFiles/pico-rk86.dir/C_/Users/New/.pico-sdk/sdk/2.0.0/src/rp2_common/hardware_dma/dma.c.obj
                0x1000b394                dma_claim_unused_channel
 .text.i2c_write_blocking_internal
                0x1000b3b4       0xfe CMakeFiles/pico-rk86.dir/C_/Users/New/.pico-sdk/sdk/2.0.0/src/rp2_common/hardware_i2c/i2c.c.obj
 .text.i2c_read_blocking_internal
                0x1000b4b2       0xa2 CMakeFiles/pico-rk86.dir/C_/Users/New/.pico-sdk/sdk/2.0.0/src/rp2_common/hardware_i2c/i2c.c.obj
 .text.i2c_set_baudrate
                0x1000b554       0xac CMakeFiles/pico-rk86.dir/C_/Users/New/.pico-sdk/sdk/2.0.0/src/rp2_common/hardware_i2c/i2c.c.obj
                0x1000b554                i2c_set_baudrate
 .text.i2c_init
                0x1000b600       0x54 CMakeFiles/pico-rk86.dir/C_/Users/New/.pico-sdk/sdk/2.0.0/src/rp2_common/hardware_i2c/i2c.c.obj
                0x1000b600                i2c_init
 .text.i2c_write_blocking
                0x1000b654       0x18 CMakeFiles/pico-rk86.dir/C_/Users/New/.pico-sdk/sdk/2.0.0/src/rp2_common/hardware_i2c/i2c.c.obj
                0x1000b654                i2c_write_blocking
 .text.i2c_read_blocking
                0x1000b66c       0x18 CMakeFiles/pico-rk86.dir/C_/Users/New/.pico-sdk/sdk/2.0.0/src/rp2_common/hardware_i2c/i2c.c.obj
                0x1000b66c                i2c_read_blocking
 .text.dma_channel_get_default_config
                0x1000b684       0x14 CMakeFiles/pico-rk86.dir/drivers/vga-nextgen/vga.c.obj
 .text.change_color
                0x1000b698       0x24 CMakeFiles/pico-rk86.dir/drivers/vga-nextgen/vga.c.obj
                0x1000b698                change_color
 .text.graphics_set_mode
                0x1000b6bc      0x230 CMakeFiles/pico-rk86.dir/drivers/vga-nextgen/vga.c.obj
                0x1000b6bc                graphics_set_mode
 .text.graphics_set_buffer
                0x1000b8ec        0xc CMakeFiles/pico-rk86.dir/drivers/vga-nextgen/vga.c.obj
                0x1000b8ec                graphics_set_buffer
 .text.graphics_set_offset
                0x1000b8f8        0x2 CMakeFiles/pico-rk86.dir/drivers/vga-nextgen/vga.c.obj
                0x1000b8f8                graphics_set_offset
 *fill*         0x1000b8fa        0x2 
 .text.graphics_set_flashmode
                0x1000b8fc       0x14 CMakeFiles/pico-rk86.dir/drivers/vga-nextgen/vga.c.obj
                0x1000b8fc                graphics_set_flashmode
 .text.graphics_set_textbuffer
                0x1000b910        0xc CMakeFiles/pico-rk86.dir/drivers/vga-nextgen/vga.c.obj
                0x1000b910                graphics_set_textbuffer
 .text.graphics_set_bgcolor
                0x1000b91c       0xa4 CMakeFiles/pico-rk86.dir/drivers/vga-nextgen/vga.c.obj
                0x1000b91c                graphics_set_bgcolor
 .text.graphics_init
                0x1000b9c0      0x244 CMakeFiles/pico-rk86.dir/drivers/vga-nextgen/vga.c.obj
                0x1000b9c0                graphics_init
 .text.calloc   0x1000bc04       0x18 C:/Users/New/.pico-sdk/toolchain/13_2_Rel1/bin/../lib/gcc/arm-none-eabi/13.2.1/thumb/v6-m/nofp\libg.a(libc_a-calloc.o)
                0x1000bc04                calloc
 .text._calloc_r
                0x1000bc1c       0xa8 C:/Users/New/.pico-sdk/toolchain/13_2_Rel1/bin/../lib/gcc/arm-none-eabi/13.2.1/thumb/v6-m/nofp\libg.a(libc_a-callocr.o)
                0x1000bc1c                _calloc_r
 .text.malloc   0x1000bcc4       0x14 C:/Users/New/.pico-sdk/toolchain/13_2_Rel1/bin/../lib/gcc/arm-none-eabi/13.2.1/thumb/v6-m/nofp\libg.a(libc_a-malloc.o)
                0x1000bcc4                malloc
 .text.free     0x1000bcd8       0x14 C:/Users/New/.pico-sdk/toolchain/13_2_Rel1/bin/../lib/gcc/arm-none-eabi/13.2.1/thumb/v6-m/nofp\libg.a(libc_a-malloc.o)
                0x1000bcd8                free
 .text._malloc_r
                0x1000bcec      0x5c4 C:/Users/New/.pico-sdk/toolchain/13_2_Rel1/bin/../lib/gcc/arm-none-eabi/13.2.1/thumb/v6-m/nofp\libg.a(libc_a-mallocr.o)
                0x1000bcec                _malloc_r
 .text.__malloc_lock
                0x1000c2b0       0x10 C:/Users/New/.pico-sdk/toolchain/13_2_Rel1/bin/../lib/gcc/arm-none-eabi/13.2.1/thumb/v6-m/nofp\libg.a(libc_a-mlock.o)
                0x1000c2b0                __malloc_lock
 .text.__malloc_unlock
                0x1000c2c0       0x10 C:/Users/New/.pico-sdk/toolchain/13_2_Rel1/bin/../lib/gcc/arm-none-eabi/13.2.1/thumb/v6-m/nofp\libg.a(libc_a-mlock.o)
                0x1000c2c0                __malloc_unlock
 .text.qsort    0x1000c2d0      0x5b0 C:/Users/New/.pico-sdk/toolchain/13_2_Rel1/bin/../lib/gcc/arm-none-eabi/13.2.1/thumb/v6-m/nofp\libg.a(libc_a-qsort.o)
                0x1000c2d0                qsort
 .text.memcmp   0x1000c880       0x48 C:/Users/New/.pico-sdk/toolchain/13_2_Rel1/bin/../lib/gcc/arm-none-eabi/13.2.1/thumb/v6-m/nofp\libg.a(libc_a-memcmp.o)
                0x1000c880                memcmp
 .text.strchr   0x1000c8c8       0xc4 C:/Users/New/.pico-sdk/toolchain/13_2_Rel1/bin/../lib/gcc/arm-none-eabi/13.2.1/thumb/v6-m/nofp\libg.a(libc_a-strchr.o)
                0x1000c8c8                strchr
 .text.strncmp  0x1000c98c       0x74 C:/Users/New/.pico-sdk/toolchain/13_2_Rel1/bin/../lib/gcc/arm-none-eabi/13.2.1/thumb/v6-m/nofp\libg.a(libc_a-strncmp.o)
                0x1000c98c                strncmp
 .text.strncpy  0x1000ca00       0x60 C:/Users/New/.pico-sdk/toolchain/13_2_Rel1/bin/../lib/gcc/arm-none-eabi/13.2.1/thumb/v6-m/nofp\libg.a(libc_a-strncpy.o)
                0x1000ca00                strncpy
 .text.strnlen  0x1000ca60       0x24 C:/Users/New/.pico-sdk/toolchain/13_2_Rel1/bin/../lib/gcc/arm-none-eabi/13.2.1/thumb/v6-m/nofp\libg.a(libc_a-strnlen.o)
                0x1000ca60                strnlen
 .text.stpncpy  0x1000ca84       0x78 C:/Users/New/.pico-sdk/toolchain/13_2_Rel1/bin/../lib/gcc/arm-none-eabi/13.2.1/thumb/v6-m/nofp\libg.a(libc_a-stpncpy.o)
                0x1000ca84                stpncpy
 .text._sbrk_r  0x1000cafc       0x24 C:/Users/New/.pico-sdk/toolchain/13_2_Rel1/bin/../lib/gcc/arm-none-eabi/13.2.1/thumb/v6-m/nofp\libg.a(libc_a-sbrkr.o)
                0x1000cafc                _sbrk_r
 .text.__errno  0x1000cb20        0xc C:/Users/New/.pico-sdk/toolchain/13_2_Rel1/bin/../lib/gcc/arm-none-eabi/13.2.1/thumb/v6-m/nofp\libg.a(libc_a-errno.o)
                0x1000cb20                __errno
 .text.__retarget_lock_acquire_recursive
                0x1000cb2c        0x4 C:/Users/New/.pico-sdk/toolchain/13_2_Rel1/bin/../lib/gcc/arm-none-eabi/13.2.1/thumb/v6-m/nofp\libg.a(libc_a-lock.o)
                0x1000cb2c                __retarget_lock_acquire_recursive
 .text.__retarget_lock_release_recursive
                0x1000cb30        0x4 C:/Users/New/.pico-sdk/toolchain/13_2_Rel1/bin/../lib/gcc/arm-none-eabi/13.2.1/thumb/v6-m/nofp\libg.a(libc_a-lock.o)
                0x1000cb30                __retarget_lock_release_recursive
 .text.sysconf  0x1000cb34       0x1c C:/Users/New/.pico-sdk/toolchain/13_2_Rel1/bin/../lib/gcc/arm-none-eabi/13.2.1/thumb/v6-m/nofp\libg.a(libc_a-sysconf.o)
                0x1000cb34                sysconf
 .text          0x1000cb50       0x88 C:/Users/New/.pico-sdk/toolchain/13_2_Rel1/bin/../lib/gcc/arm-none-eabi/13.2.1/thumb/v6-m/nofp\libg.a(libc_a-strcmp.o)
                0x1000cb50                strcmp
 .text.strcpy   0x1000cbd8       0x10 C:/Users/New/.pico-sdk/toolchain/13_2_Rel1/bin/../lib/gcc/arm-none-eabi/13.2.1/thumb/v6-m/nofp\libg.a(libc_a-strcpy.o)
                0x1000cbd8                strcpy
 .text.strlen   0x1000cbe8       0x5c C:/Users/New/.pico-sdk/toolchain/13_2_Rel1/bin/../lib/gcc/arm-none-eabi/13.2.1/thumb/v6-m/nofp\libg.a(libc_a-strlen-stub.o)
                0x1000cbe8                strlen
 .text._malloc_trim_r
                0x1000cc44       0xb4 C:/Users/New/.pico-sdk/toolchain/13_2_Rel1/bin/../lib/gcc/arm-none-eabi/13.2.1/thumb/v6-m/nofp\libg.a(libc_a-freer.o)
                0x1000cc44                _malloc_trim_r
 .text._free_r  0x1000ccf8      0x1d4 C:/Users/New/.pico-sdk/toolchain/13_2_Rel1/bin/../lib/gcc/arm-none-eabi/13.2.1/thumb/v6-m/nofp\libg.a(libc_a-freer.o)
                0x1000ccf8                _free_r
 *(.fini)
 .fini          0x1000cecc        0x4 C:/Users/New/.pico-sdk/toolchain/13_2_Rel1/bin/../lib/gcc/arm-none-eabi/13.2.1/thumb/v6-m/nofp/crti.o
                0x1000cecc                _fini
 .fini.__stub   0x1000ced0       0xf0 linker stubs
 *crtbegin.o(.ctors)
 *crtbegin?.o(.ctors)
 *(EXCLUDE_FILE(*crtend.o *crtend?.o) .ctors)
 *(SORT_BY_NAME(.ctors.*))
 *(.ctors)
 *crtbegin.o(.dtors)
 *crtbegin?.o(.dtors)
 *(EXCLUDE_FILE(*crtend.o *crtend?.o) .dtors)
 *(SORT_BY_NAME(.dtors.*))
 *(.dtors)
 *(.eh_frame*)
 .eh_frame      0x1000cfc0        0x0 C:/Users/New/.pico-sdk/toolchain/13_2_Rel1/bin/../lib/gcc/arm-none-eabi/13.2.1/thumb/v6-m/nofp/crtbegin.o
                0x1000cfc0                        . = ALIGN (0x4)

.glue_7         0x1000cfc0        0x0
 .glue_7        0x1000cfc0        0x0 linker stubs

.glue_7t        0x1000cfc0        0x0
 .glue_7t       0x1000cfc0        0x0 linker stubs

.vfp11_veneer   0x1000cfc0        0x0
 .vfp11_veneer  0x1000cfc0        0x0 linker stubs

.v4_bx          0x1000cfc0        0x0
 .v4_bx         0x1000cfc0        0x0 linker stubs

.iplt           0x1000cfc0        0x0
 .iplt          0x1000cfc0        0x0 C:/Users/New/.pico-sdk/toolchain/13_2_Rel1/bin/../lib/gcc/arm-none-eabi/13.2.1/thumb/v6-m/nofp/crtbegin.o

.rodata         0x1000cfc0     0x1c28
 *(EXCLUDE_FILE(*libm.a: *libc.a:*lib_a-mem*.o *libgcc.a:) .rodata*)
 .rodata.fileman.str1.1
                0x1000cfc0      0x67d CMakeFiles/pico-rk86.dir/src/fileman.c.obj
                                 0xda (size before relaxing)
 .rodata.load_file.str1.1
                0x1000d63d       0x7b CMakeFiles/pico-rk86.dir/src/files.c.obj
 .rodata.sub_half_carry_table
                0x1000d63d        0x8 CMakeFiles/pico-rk86.dir/src/i8080.c.obj
                0x1000d63d                sub_half_carry_table
 .rodata.half_carry_table
                0x1000d645        0x8 CMakeFiles/pico-rk86.dir/src/i8080.c.obj
                0x1000d645                half_carry_table
 .rodata.parity_table
                0x1000d64d      0x100 CMakeFiles/pico-rk86.dir/src/i8080.c.obj
                0x1000d64d                parity_table
 .rodata.ROM_F800
                0x1000d74d      0x800 CMakeFiles/pico-rk86.dir/src/i8080_hal.c.obj
 *fill*         0x1000df4d        0x1 
 .rodata.kb_lat
                0x1000df4e      0x154 CMakeFiles/pico-rk86.dir/src/keymap.c.obj
 .rodata.kb_rus
                0x1000e0a2       0x84 CMakeFiles/pico-rk86.dir/src/keymap.c.obj
 .rodata.kb_shift
                0x1000e126       0x30 CMakeFiles/pico-rk86.dir/src/keymap.c.obj
 .rodata.main.str1.1
                0x1000e156       0x41 CMakeFiles/pico-rk86.dir/src/main.cpp.obj
 .rodata.menu_fileman.str1.1
                0x1000e156       0x55 CMakeFiles/pico-rk86.dir/src/menu.c.obj
 .rodata.menu.str1.1
                0x1000e156      0x214 CMakeFiles/pico-rk86.dir/src/menu.c.obj
 .rodata.tape_in_bit.str1.1
                0x1000e156       0x18 CMakeFiles/pico-rk86.dir/src/tape.c.obj
 .rodata.tape_in.str1.1
                0x1000e156       0x25 CMakeFiles/pico-rk86.dir/src/tape.c.obj
 .rodata.tape_out.str1.1
                0x1000e156       0x58 CMakeFiles/pico-rk86.dir/src/tape.c.obj
 .rodata.tape_save.str1.1
                0x1000e156       0x99 CMakeFiles/pico-rk86.dir/src/tape.c.obj
 .rodata.ui_select.str1.1
                0x1000e156        0xa CMakeFiles/pico-rk86.dir/src/ui.c.obj
 .rodata.ui_input_text.str1.1
                0x1000e156        0xf CMakeFiles/pico-rk86.dir/src/ui.c.obj
 .rodata.ui_yes_no.str1.1
                0x1000e156        0x8 CMakeFiles/pico-rk86.dir/src/ui.c.obj
 .rodata.syms.1
                0x1000e156       0x10 CMakeFiles/pico-rk86.dir/src/ui.c.obj
 .rodata.set_hires_cmd
                0x1000e166        0x2 CMakeFiles/pico-rk86.dir/src/util_Wii_Joy.c.obj
                0x1000e166                set_hires_cmd
 .rodata.init_cmd3
                0x1000e168        0x1 CMakeFiles/pico-rk86.dir/src/util_Wii_Joy.c.obj
                0x1000e168                init_cmd3
 .rodata.init_cmd1
                0x1000e169        0x2 CMakeFiles/pico-rk86.dir/src/util_Wii_Joy.c.obj
                0x1000e169                init_cmd1
 .rodata.init_cmd0
                0x1000e16b        0x2 CMakeFiles/pico-rk86.dir/src/util_Wii_Joy.c.obj
                0x1000e16b                init_cmd0
 .rodata.xlat   0x1000e16d      0x100 CMakeFiles/pico-rk86.dir/src/xlat.c.obj
                0x1000e16d                xlat
 .rodata.number.str1.1
                0x1000e26d       0x4a CMakeFiles/pico-rk86.dir/src/xprintf.c.obj
 .rodata.xvsprintf.str1.1
                0x1000e26d        0x7 CMakeFiles/pico-rk86.dir/src/xprintf.c.obj
 .rodata.zkg_rom
                0x1000e26d      0x400 CMakeFiles/pico-rk86.dir/src/zkg.c.obj
                0x1000e26d                zkg_rom
 .rodata.keyboard_send.str1.1
                0x1000e66d       0x12 CMakeFiles/pico-rk86.dir/drivers/ps2/ps2.c.obj
 .rodata.pio_claim_unused_sm.str1.1
                0x1000e66d       0x24 CMakeFiles/pico-rk86.dir/C_/Users/New/.pico-sdk/sdk/2.0.0/src/rp2_common/hardware_pio/pio.c.obj
 .rodata.panic.str1.1
                0x1000e66d       0x12 CMakeFiles/pico-rk86.dir/C_/Users/New/.pico-sdk/sdk/2.0.0/src/rp2_common/pico_platform_panic/panic.c.obj
 .rodata.spin_lock_claim_unused.str1.1
                0x1000e66d       0x1b CMakeFiles/pico-rk86.dir/C_/Users/New/.pico-sdk/sdk/2.0.0/src/rp2_common/hardware_sync/sync.c.obj
 .rodata.timer_hardware_alarm_claim.str1.1
                0x1000e66d       0x22 CMakeFiles/pico-rk86.dir/C_/Users/New/.pico-sdk/sdk/2.0.0/src/rp2_common/hardware_timer/timer.c.obj
 .rodata.check_fs.str1.1
                0x1000e66d       0x15 CMakeFiles/pico-rk86.dir/drivers/fatfs/ff.c.obj
 .rodata.follow_path.str1.1
                0x1000e66d       0x10 CMakeFiles/pico-rk86.dir/drivers/fatfs/ff.c.obj
 .rodata.ExCvt  0x1000e66d       0x80 CMakeFiles/pico-rk86.dir/drivers/fatfs/ff.c.obj
 .rodata.LfnOfs
                0x1000e6ed        0xd CMakeFiles/pico-rk86.dir/drivers/fatfs/ff.c.obj
 .rodata.cvt2.0
                0x1000e6fa       0xbc CMakeFiles/pico-rk86.dir/drivers/fatfs/ffunicode.c.obj
 .rodata.cvt1.1
                0x1000e7b6      0x1f2 CMakeFiles/pico-rk86.dir/drivers/fatfs/ffunicode.c.obj
 .rodata.uc866  0x1000e9a8      0x100 CMakeFiles/pico-rk86.dir/drivers/fatfs/ffunicode.c.obj
 .rodata.hard_assertion_failure.str1.1
                0x1000eaa8        0xc CMakeFiles/pico-rk86.dir/C_/Users/New/.pico-sdk/sdk/2.0.0/src/rp2_common/pico_runtime/runtime.c.obj
 .rodata.check_alloc.str1.1
                0x1000eaa8        0xe CMakeFiles/pico-rk86.dir/C_/Users/New/.pico-sdk/sdk/2.0.0/src/rp2_common/pico_malloc/malloc.c.obj
 .rodata.str1.1
                0x1000eaa8       0x31 CMakeFiles/pico-rk86.dir/C_/Users/New/.pico-sdk/sdk/2.0.0/src/rp2_common/pico_standard_binary_info/standard_binary_info.c.obj
 .rodata.__bi_84
                0x1000eaa8        0xc CMakeFiles/pico-rk86.dir/C_/Users/New/.pico-sdk/sdk/2.0.0/src/rp2_common/pico_standard_binary_info/standard_binary_info.c.obj
 .rodata.__bi_60
                0x1000eab4        0xc CMakeFiles/pico-rk86.dir/C_/Users/New/.pico-sdk/sdk/2.0.0/src/rp2_common/pico_standard_binary_info/standard_binary_info.c.obj
 .rodata.__bi_54
                0x1000eac0        0xc CMakeFiles/pico-rk86.dir/C_/Users/New/.pico-sdk/sdk/2.0.0/src/rp2_common/pico_standard_binary_info/standard_binary_info.c.obj
 .rodata.__bi_48
                0x1000eacc        0xc CMakeFiles/pico-rk86.dir/C_/Users/New/.pico-sdk/sdk/2.0.0/src/rp2_common/pico_standard_binary_info/standard_binary_info.c.obj
 .rodata.__bi_42
                0x1000ead8        0xc CMakeFiles/pico-rk86.dir/C_/Users/New/.pico-sdk/sdk/2.0.0/src/rp2_common/pico_standard_binary_info/standard_binary_info.c.obj
 .rodata.__bi_34
                0x1000eae4        0xc CMakeFiles/pico-rk86.dir/C_/Users/New/.pico-sdk/sdk/2.0.0/src/rp2_common/pico_standard_binary_info/standard_binary_info.c.obj
 .rodata.__bi_26
                0x1000eaf0        0xc CMakeFiles/pico-rk86.dir/C_/Users/New/.pico-sdk/sdk/2.0.0/src/rp2_common/pico_standard_binary_info/standard_binary_info.c.obj
 *fill*         0x1000eafc        0x4 
 .rodata.pow10.0
                0x1000eb00       0x50 CMakeFiles/pico-rk86.dir/C_/Users/New/.pico-sdk/sdk/2.0.0/src/rp2_common/pico_printf/printf.c.obj
 .rodata.crlf_str.0
                0x1000eb50        0x2 CMakeFiles/pico-rk86.dir/C_/Users/New/.pico-sdk/sdk/2.0.0/src/rp2_common/pico_stdio/stdio.c.obj
 *fill*         0x1000eb52        0x2 
 .rodata.spi_psram_program
                0x1000eb54        0x8 CMakeFiles/pico-rk86.dir/drivers/psram/psram_spi.c.obj
 .rodata.spi_psram_program_instructions
                0x1000eb5c       0x12 CMakeFiles/pico-rk86.dir/drivers/psram/psram_spi.c.obj
 *fill*         0x1000eb6e        0x2 
 .rodata.spi_psram_fudge_program
                0x1000eb70        0x8 CMakeFiles/pico-rk86.dir/drivers/psram/psram_spi.c.obj
 .rodata.spi_psram_fudge_program_instructions
                0x1000eb78       0x14 CMakeFiles/pico-rk86.dir/drivers/psram/psram_spi.c.obj
 .rodata        0x1000eb8c        0x6 CMakeFiles/pico-rk86.dir/drivers/psram/psram_spi.c.obj
 *fill*         0x1000eb92        0x2 
 .rodata._ZL14nespad_program
                0x1000eb94        0x8 CMakeFiles/pico-rk86.dir/drivers/nespad/nespad.cpp.obj
 .rodata._ZL27nespad_program_instructions
                0x1000eb9c        0xe CMakeFiles/pico-rk86.dir/drivers/nespad/nespad.cpp.obj
 .rodata.dma_claim_unused_channel.str1.1
                0x1000ebaa       0x1e CMakeFiles/pico-rk86.dir/C_/Users/New/.pico-sdk/sdk/2.0.0/src/rp2_common/hardware_dma/dma.c.obj
 .rodata.str1.1
                0x1000ebaa        0x4 CMakeFiles/pico-rk86.dir/C_/Users/New/.pico-sdk/sdk/2.0.0/lib/tinyusb/hw/bsp/rp2040/family.c.obj
 .rodata.__bi_147.0
                0x1000ebaa        0xc CMakeFiles/pico-rk86.dir/C_/Users/New/.pico-sdk/sdk/2.0.0/lib/tinyusb/hw/bsp/rp2040/family.c.obj
 .rodata.conv1  0x1000ebb6        0x8 CMakeFiles/pico-rk86.dir/drivers/vga-nextgen/vga.c.obj
                0x1000ebb6                conv1
 .rodata.conv0  0x1000ebbe        0x8 CMakeFiles/pico-rk86.dir/drivers/vga-nextgen/vga.c.obj
                0x1000ebbe                conv0
 *fill*         0x1000ebc6        0x2 
 .rodata.pio_program_VGA
                0x1000ebc8        0x8 CMakeFiles/pico-rk86.dir/drivers/vga-nextgen/vga.c.obj
                0x1000ebc8                pio_program_VGA
 .rodata.palletes
                0x1000ebd0        0x5 CMakeFiles/pico-rk86.dir/drivers/vga-nextgen/vga.c.obj
 .rodata        0x1000ebd5       0x10 CMakeFiles/pico-rk86.dir/drivers/vga-nextgen/vga.c.obj
                0x1000ebe8                        . = ALIGN (0x4)
 *fill*         0x1000ebe5        0x3 
 *(SORT_BY_ALIGNMENT(SORT_BY_NAME(.flashdata*)))
                0x1000ebe8                        . = ALIGN (0x4)

.ARM.extab
 *(.ARM.extab* .gnu.linkonce.armextab.*)
                0x1000ebe8                        __exidx_start = .

.ARM.exidx
 *(.ARM.exidx* .gnu.linkonce.armexidx.*)
                0x1000ebe8                        __exidx_end = .
                0x1000ebe8                        . = ALIGN (0x4)
                0x1000ebe8                        __binary_info_start = .

.binary_info    0x1000ebe8       0x20
 *(.binary_info.keep.*)
 .binary_info.keep.__bi_ptr84
                0x1000ebe8        0x4 CMakeFiles/pico-rk86.dir/C_/Users/New/.pico-sdk/sdk/2.0.0/src/rp2_common/pico_standard_binary_info/standard_binary_info.c.obj
 .binary_info.keep.__bi_ptr60
                0x1000ebec        0x4 CMakeFiles/pico-rk86.dir/C_/Users/New/.pico-sdk/sdk/2.0.0/src/rp2_common/pico_standard_binary_info/standard_binary_info.c.obj
 .binary_info.keep.__bi_ptr54
                0x1000ebf0        0x4 CMakeFiles/pico-rk86.dir/C_/Users/New/.pico-sdk/sdk/2.0.0/src/rp2_common/pico_standard_binary_info/standard_binary_info.c.obj
 .binary_info.keep.__bi_ptr48
                0x1000ebf4        0x4 CMakeFiles/pico-rk86.dir/C_/Users/New/.pico-sdk/sdk/2.0.0/src/rp2_common/pico_standard_binary_info/standard_binary_info.c.obj
 .binary_info.keep.__bi_ptr42
                0x1000ebf8        0x4 CMakeFiles/pico-rk86.dir/C_/Users/New/.pico-sdk/sdk/2.0.0/src/rp2_common/pico_standard_binary_info/standard_binary_info.c.obj
 .binary_info.keep.__bi_ptr34
                0x1000ebfc        0x4 CMakeFiles/pico-rk86.dir/C_/Users/New/.pico-sdk/sdk/2.0.0/src/rp2_common/pico_standard_binary_info/standard_binary_info.c.obj
 .binary_info.keep.__bi_ptr26
                0x1000ec00        0x4 CMakeFiles/pico-rk86.dir/C_/Users/New/.pico-sdk/sdk/2.0.0/src/rp2_common/pico_standard_binary_info/standard_binary_info.c.obj
 .binary_info.keep.__bi_ptr147
                0x1000ec04        0x4 CMakeFiles/pico-rk86.dir/C_/Users/New/.pico-sdk/sdk/2.0.0/lib/tinyusb/hw/bsp/rp2040/family.c.obj
 *(.binary_info.*)
                0x1000ec08                        __binary_info_end = .

.rel.dyn        0x1000ec08        0x0
 .rel.iplt      0x1000ec08        0x0 C:/Users/New/.pico-sdk/toolchain/13_2_Rel1/bin/../lib/gcc/arm-none-eabi/13.2.1/thumb/v6-m/nofp/crtbegin.o
                0x1000ec08                        . = ALIGN (0x4)

.ram_vector_table
                0x20000000       0xc0
 *(.ram_vector_table)
 .ram_vector_table
                0x20000000       0xc0 CMakeFiles/pico-rk86.dir/C_/Users/New/.pico-sdk/sdk/2.0.0/src/rp2_common/pico_runtime_init/runtime_init.c.obj
                0x20000000                ram_vector_table

.data           0x200000c0     0x1060 load address 0x1000ec08
                0x200000c0                        __data_start__ = .
 *(vtable)
 *(.time_critical*)
 .time_critical.render_core
                0x200000c0       0x7c CMakeFiles/pico-rk86.dir/src/main.cpp.obj
                0x200000c0                render_core()
 .time_critical.sem_acquire_blocking
                0x2000013c       0x40 CMakeFiles/pico-rk86.dir/C_/Users/New/.pico-sdk/sdk/2.0.0/src/common/pico_sync/sem.c.obj
                0x2000013c                sem_acquire_blocking
 .time_critical.sem_release
                0x2000017c       0x46 CMakeFiles/pico-rk86.dir/C_/Users/New/.pico-sdk/sdk/2.0.0/src/common/pico_sync/sem.c.obj
                0x2000017c                sem_release
 .time_critical.mutex_enter_blocking
                0x200001c2       0x42 CMakeFiles/pico-rk86.dir/C_/Users/New/.pico-sdk/sdk/2.0.0/src/common/pico_sync/mutex.c.obj
                0x200001c2                mutex_enter_blocking
 .time_critical.mutex_try_enter
                0x20000204       0x44 CMakeFiles/pico-rk86.dir/C_/Users/New/.pico-sdk/sdk/2.0.0/src/common/pico_sync/mutex.c.obj
                0x20000204                mutex_try_enter
 .time_critical.mutex_enter_block_until
                0x20000248       0x54 CMakeFiles/pico-rk86.dir/C_/Users/New/.pico-sdk/sdk/2.0.0/src/common/pico_sync/mutex.c.obj
                0x20000248                mutex_enter_block_until
 .time_critical.mutex_try_enter_block_until
                0x2000029c       0x2e CMakeFiles/pico-rk86.dir/C_/Users/New/.pico-sdk/sdk/2.0.0/src/common/pico_sync/mutex.c.obj
                0x2000029c                mutex_try_enter_block_until
 .time_critical.mutex_exit
                0x200002ca       0x28 CMakeFiles/pico-rk86.dir/C_/Users/New/.pico-sdk/sdk/2.0.0/src/common/pico_sync/mutex.c.obj
                0x200002ca                mutex_exit
 *fill*         0x200002f2        0x2 
 .time_critical.flash_init_boot2_copyout
                0x200002f4       0x30 CMakeFiles/pico-rk86.dir/C_/Users/New/.pico-sdk/sdk/2.0.0/src/rp2_common/hardware_flash/flash.c.obj
 .time_critical.flash_enable_xip_via_boot2
                0x20000324        0xc CMakeFiles/pico-rk86.dir/C_/Users/New/.pico-sdk/sdk/2.0.0/src/rp2_common/hardware_flash/flash.c.obj
 .time_critical.flash_cs_force
                0x20000330       0x20 CMakeFiles/pico-rk86.dir/C_/Users/New/.pico-sdk/sdk/2.0.0/src/rp2_common/hardware_flash/flash.c.obj
 .time_critical.flash_do_cmd
                0x20000350       0xa4 CMakeFiles/pico-rk86.dir/C_/Users/New/.pico-sdk/sdk/2.0.0/src/rp2_common/hardware_flash/flash.c.obj
                0x20000350                flash_do_cmd
 .time_critical.spi_write_read_blocking
                0x200003f4       0x46 CMakeFiles/pico-rk86.dir/C_/Users/New/.pico-sdk/sdk/2.0.0/src/rp2_common/hardware_spi/spi.c.obj
                0x200003f4                spi_write_read_blocking
 .time_critical.spi_write_blocking